 mpc_v2_sfun

 Timestamp is 5ed3cdfa (Sun May 31 18:32:10 2020)

 Preferred load address is 0000000180000000

 Start         Length     Name                   Class
 0001:00000000 0004213cH .text                   CODE
 0001:00042140 00000092H .text$x                 CODE
 0002:00000000 000004a0H .idata$5                DATA
 0002:000004a0 00000008H .CRT$XCA                DATA
 0002:000004a8 00000008H .CRT$XCZ                DATA
 0002:000004b0 00000008H .CRT$XIA                DATA
 0002:000004b8 00000008H .CRT$XIAA               DATA
 0002:000004c0 00000008H .CRT$XIZ                DATA
 0002:000004d0 000007acH .rdata                  DATA
 0002:00000c80 00000008H .rtc$IAA                DATA
 0002:00000c88 00000008H .rtc$IZZ                DATA
 0002:00000c90 00000008H .rtc$TAA                DATA
 0002:00000c98 00000008H .rtc$TZZ                DATA
 0002:00000ca0 00000d4cH .xdata                  DATA
 0002:000019ec 0000008cH .idata$2                DATA
 0002:00001a78 00000014H .idata$3                DATA
 0002:00001a90 000004a0H .idata$4                DATA
 0002:00001f30 00000cf2H .idata$6                DATA
 0002:00002c30 00000051H .edata                  DATA
 0003:00000000 0000bda8H .data                   DATA
 0003:0000bdb0 000006f0H .bss                    DATA
 0004:00000000 00000fc0H .pdata                  DATA

  Address         Publics by Value              Rva+Base               Lib:Object

 0000:00000000       ___safe_se_handler_count   0000000000000000     <absolute>
 0000:00000000       ___safe_se_handler_table   0000000000000000     <absolute>
 0000:00000000       __ImageBase                0000000180000000     <linker-defined>
 0001:00000000       mpc_v2_initializer         0000000180001000 f   mpc_v2_sfun.obj
 0001:00000010       mpc_v2_terminator          0000000180001010 f   mpc_v2_sfun.obj
 0001:00000020       sf_mpc_v2_method_dispatcher 0000000180001020 f   mpc_v2_sfun.obj
 0001:000000b0       sf_mpc_v2_uses_exported_functions 00000001800010b0 f   mpc_v2_sfun.obj
 0001:000000f0       sf_mpc_v2_process_check_sum_call 00000001800010f0 f   mpc_v2_sfun.obj
 0001:00000530       sf_mpc_v2_autoinheritance_info 0000000180001530 f   mpc_v2_sfun.obj
 0001:00000740       sf_mpc_v2_get_eml_resolved_functions_info 0000000180001740 f   mpc_v2_sfun.obj
 0001:000008f0       sf_mpc_v2_third_party_uses_info 00000001800018f0 f   mpc_v2_sfun.obj
 0001:00000aa0       sf_mpc_v2_jit_fallback_info 0000000180001aa0 f   mpc_v2_sfun.obj
 0001:00000c50       sf_mpc_v2_updateBuildInfo_args_info 0000000180001c50 f   mpc_v2_sfun.obj
 0001:00000e00       sf_mpc_v2_get_post_codegen_info 0000000180001e00 f   mpc_v2_sfun.obj
 0001:00000f30       mpc_v2_debug_initialize    0000000180001f30 f   mpc_v2_sfun.obj
 0001:00000fb0       mpc_v2_register_exported_symbols 0000000180001fb0 f   mpc_v2_sfun.obj
 0001:00000fc0       load_mpc_v2_optimization_info 0000000180001fc0 f   mpc_v2_sfun.obj
 0001:00001010       unload_mpc_v2_optimization_info 0000000180002010 f   mpc_v2_sfun.obj
 0001:00001040       sf_c1_mpc_v2_get_eml_resolved_functions_info 0000000180002040 f   c1_mpc_v2.obj
 0001:000010c0       sf_c1_mpc_v2_get_check_sum 00000001800020c0 f   c1_mpc_v2.obj
 0001:00001140       sf_c1_mpc_v2_get_autoinheritance_info 0000000180002140 f   c1_mpc_v2.obj
 0001:000016f0       sf_c1_mpc_v2_third_party_uses_info 00000001800026f0 f   c1_mpc_v2.obj
 0001:00001720       sf_c1_mpc_v2_jit_fallback_info 0000000180002720 f   c1_mpc_v2.obj
 0001:000017f0       sf_c1_mpc_v2_updateBuildInfo_args_info 00000001800027f0 f   c1_mpc_v2.obj
 0001:00001820       sf_c1_mpc_v2_get_post_codegen_info 0000000180002820 f   c1_mpc_v2.obj
 0001:000018f0       c1_mpc_v2_method_dispatcher 00000001800028f0 f   c1_mpc_v2.obj
 0001:00004100       sf_c2_mpc_v2_get_eml_resolved_functions_info 0000000180005100 f   c2_mpc_v2.obj
 0001:000081d0       sf_c2_mpc_v2_get_check_sum 00000001800091d0 f   c2_mpc_v2.obj
 0001:00008250       sf_c2_mpc_v2_get_autoinheritance_info 0000000180009250 f   c2_mpc_v2.obj
 0001:00008940       sf_c2_mpc_v2_third_party_uses_info 0000000180009940 f   c2_mpc_v2.obj
 0001:00008970       sf_c2_mpc_v2_jit_fallback_info 0000000180009970 f   c2_mpc_v2.obj
 0001:00008a40       sf_c2_mpc_v2_updateBuildInfo_args_info 0000000180009a40 f   c2_mpc_v2.obj
 0001:00008a70       sf_c2_mpc_v2_get_post_codegen_info 0000000180009a70 f   c2_mpc_v2.obj
 0001:00008b40       c2_mpc_v2_method_dispatcher 0000000180009b40 f   c2_mpc_v2.obj
 0001:0000b950       sf_c3_mpc_v2_get_eml_resolved_functions_info 000000018000c950 f   c3_mpc_v2.obj
 0001:0000b9d0       sf_c3_mpc_v2_get_check_sum 000000018000c9d0 f   c3_mpc_v2.obj
 0001:0000ba50       sf_c3_mpc_v2_get_autoinheritance_info 000000018000ca50 f   c3_mpc_v2.obj
 0001:0000c000       sf_c3_mpc_v2_third_party_uses_info 000000018000d000 f   c3_mpc_v2.obj
 0001:0000c030       sf_c3_mpc_v2_jit_fallback_info 000000018000d030 f   c3_mpc_v2.obj
 0001:0000c100       sf_c3_mpc_v2_updateBuildInfo_args_info 000000018000d100 f   c3_mpc_v2.obj
 0001:0000c130       sf_c3_mpc_v2_get_post_codegen_info 000000018000d130 f   c3_mpc_v2.obj
 0001:0000c200       c3_mpc_v2_method_dispatcher 000000018000d200 f   c3_mpc_v2.obj
 0001:0000efc0       sf_process_check_sum_call  000000018000ffc0 f   mpc_v2_sfun_registry.obj
 0001:0000f030       sf_process_machine_uses_exported_functions_call 0000000180010030 f   mpc_v2_sfun_registry.obj
 0001:0000f1d0       sf_process_autoinheritance_call 00000001800101d0 f   mpc_v2_sfun_registry.obj
 0001:0000f410       sf_process_get_third_party_uses_info_call 0000000180010410 f   mpc_v2_sfun_registry.obj
 0001:0000f650       sf_process_get_jit_fallback_info_call 0000000180010650 f   mpc_v2_sfun_registry.obj
 0001:0000f890       sf_process_get_updateBuildInfo_args_info_call 0000000180010890 f   mpc_v2_sfun_registry.obj
 0001:0000fad0       sf_process_get_eml_resolved_functions_info_call 0000000180010ad0 f   mpc_v2_sfun_registry.obj
 0001:0000fcc0       sf_process_get_post_codegen_info 0000000180010cc0 f   mpc_v2_sfun_registry.obj
 0001:0000fe60       sf_mex_unlock_call         0000000180010e60 f   mpc_v2_sfun_registry.obj
 0001:0000ff10       sf_machine_global_initializer_called 0000000180010f10 f   mpc_v2_sfun_registry.obj
 0001:0000ff40       sf_machine_global_method_dispatcher 0000000180010f40 f   mpc_v2_sfun_registry.obj
 0001:0000ffe0       sf_machine_global_terminator 0000000180010fe0 f   mpc_v2_sfun_registry.obj
 0001:00010030       sf_register_machine_exported_symbols 0000000180011030 f   mpc_v2_sfun_registry.obj
 0001:00010060       callCustomFcn              0000000180011060 f   mpc_v2_sfun_registry.obj
 0001:00010070       sf_machine_global_initializer 0000000180011070 f   mpc_v2_sfun_registry.obj
 0001:00010100       mdlGetSimState             0000000180011100 f   mpc_v2_sfun_registry.obj
 0001:00010180       mdlSetSimState             0000000180011180 f   mpc_v2_sfun_registry.obj
 0001:000101c0       _ssSetStateAbsTol          00000001800111c0 f   mpc_v2_sfun_registry.obj
 0001:000102a0       _ssGetAbsTol               00000001800112a0 f   mpc_v2_sfun_registry.obj
 0001:00010310       _ssSetInputPortMatrixDimensions 0000000180011310 f   mpc_v2_sfun_registry.obj
 0001:00010420       _ssSetOutputPortMatrixDimensions 0000000180011420 f   mpc_v2_sfun_registry.obj
 0001:00010530       _ssSetInputPortVectorDimension 0000000180011530 f   mpc_v2_sfun_registry.obj
 0001:00010600       _ssSetOutputPortVectorDimension 0000000180011600 f   mpc_v2_sfun_registry.obj
 0001:000106d0       ssIsRunTimeParamTunable    00000001800116d0 f   mpc_v2_sfun_registry.obj
 0001:00010740       ssGetSFuncBlockHandle      0000000180011740 f   mpc_v2_sfun_registry.obj
 0001:000107b0       _ssGetCurrentInputPortWidth 00000001800117b0 f   mpc_v2_sfun_registry.obj
 0001:000108d0       _ssGetCurrentOutputPortWidth 00000001800118d0 f   mpc_v2_sfun_registry.obj
 0001:000109f0       _ssGetCallSystemNumFcnCallDestinations 00000001800119f0 f   mpc_v2_sfun_registry.obj
 0001:00010a60       ssWarning                  0000000180011a60 f   mpc_v2_sfun_registry.obj
 0001:00010b70       ssGetIsZeroCrossControlDisabled 0000000180011b70 f   mpc_v2_sfun_registry.obj
 0001:00010be0       ssSetIsInputPortUsedForContZcSignal 0000000180011be0 f   mpc_v2_sfun_registry.obj
 0001:00010c50       ssSetZcSignalIsZcElementDisc 0000000180011c50 f   mpc_v2_sfun_registry.obj
 0001:00010d00       ssSetZcSignalName          0000000180011d00 f   mpc_v2_sfun_registry.obj
 0001:00010d70       ssSetZcSignalWidth         0000000180011d70 f   mpc_v2_sfun_registry.obj
 0001:00010de0       ssSetZcSignalZcEventType   0000000180011de0 f   mpc_v2_sfun_registry.obj
 0001:00010e50       ssSetZcSignalType          0000000180011e50 f   mpc_v2_sfun_registry.obj
 0001:00010ec0       ssSetZcSignalZcTol         0000000180011ec0 f   mpc_v2_sfun_registry.obj
 0001:00010f30       ssSetZcSignalNeedsEventNotification 0000000180011f30 f   mpc_v2_sfun_registry.obj
 0001:00010fa0       ssCreateAndAddZcSignalInfo 0000000180011fa0 f   mpc_v2_sfun_registry.obj
 0001:00011010       ssCloneAndAddZcSignalInfo  0000000180012010 f   mpc_v2_sfun_registry.obj
 0001:00011080       ssGetNumZcSignals          0000000180012080 f   mpc_v2_sfun_registry.obj
 0001:000110f0       ssGetZcSignalVector        00000001800120f0 f   mpc_v2_sfun_registry.obj
 0001:00011160       ssGetZcSignalZcEvents      0000000180012160 f   mpc_v2_sfun_registry.obj
 0001:000111d0       ssGetZcSignalName          00000001800121d0 f   mpc_v2_sfun_registry.obj
 0001:00011240       ssGetZcSignalWidth         0000000180012240 f   mpc_v2_sfun_registry.obj
 0001:000112b0       ssGetZcSignalZcEventType   00000001800122b0 f   mpc_v2_sfun_registry.obj
 0001:00011320       ssGetZcSignalType          0000000180012320 f   mpc_v2_sfun_registry.obj
 0001:00011390       ssGetZcSignalZcTol         0000000180012390 f   mpc_v2_sfun_registry.obj
 0001:00011410       ssGetZcSignalNeedsEventNotification 0000000180012410 f   mpc_v2_sfun_registry.obj
 0001:00011480       ssGetZcSignalIsZcElementDisc 0000000180012480 f   mpc_v2_sfun_registry.obj
 0001:00011520       ssGetIsInputPortElementContinuous 0000000180012520 f   mpc_v2_sfun_registry.obj
 0001:000115c0       _ssGetInputPortSignalPtrsFcn 00000001800125c0 f   mpc_v2_sfun_registry.obj
 0001:00011880       _ssGetInputPortSignalFcn   0000000180012880 f   mpc_v2_sfun_registry.obj
 0001:00011aa0       _ssSetInputPortDirectFeedThroughFcn 0000000180012aa0 f   mpc_v2_sfun_registry.obj
 0001:00011c00       _ssSetInputPortReusableFcn 0000000180012c00 f   mpc_v2_sfun_registry.obj
 0001:00011cf0       _ssSetOutputPortReusableFcn 0000000180012cf0 f   mpc_v2_sfun_registry.obj
 0001:00011dd0       ssGetDTypeIdFromMxArray    0000000180012dd0 f   mpc_v2_sfun_registry.obj
 0001:00011ef0       ssWriteRTWStr              0000000180012ef0 f   mpc_v2_sfun_registry.obj
 0001:00011f50       ssWriteRTWMxVectParam      0000000180012f50 f   mpc_v2_sfun_registry.obj
 0001:00011fb0       ssWriteRTWMx2dMatParam     0000000180012fb0 f   mpc_v2_sfun_registry.obj
 0001:00012030       ssWriteRTWNameValuePair    0000000180013030 f   mpc_v2_sfun_registry.obj
 0001:00012520       ssWriteRTWParameters       0000000180013520 f   mpc_v2_sfun_registry.obj
 0001:00012b20       ssWriteRTWParamSettings    0000000180013b20 f   mpc_v2_sfun_registry.obj
 0001:000131f0       ssWriteRTWWorkVect         00000001800141f0 f   mpc_v2_sfun_registry.obj
 0001:000136f0       mexFunction                00000001800146f0 f   mpc_v2_sfun_registry.obj
 0001:00015c10       ProcessMexSfunctionEveryCall 0000000180016c10 f   mpc_v2_sfun_registry.obj
 0001:00015d92       sf_debug_set_machine_data_thresholds 0000000180016d92 f   sf_runtime:sf_runtime.dll
 0001:00015d98       sf_debug_set_machine_event_thresholds 0000000180016d98 f   sf_runtime:sf_runtime.dll
 0001:00015d9e       sf_debug_initialize_machine 0000000180016d9e f   sf_runtime:sf_runtime.dll
 0001:00015da4       sf_load_rtw_optimization_info 0000000180016da4 f   sf_runtime:sf_runtime.dll
 0001:00015daa       sf_mex_assign              0000000180016daa f   sf_runtime:sf_runtime.dll
 0001:00015db0       sf_mex_create              0000000180016db0 f   sf_runtime:sf_runtime.dll
 0001:00015db6       sf_mex_error_message       0000000180016db6 f   sf_runtime:sf_runtime.dll
 0001:00015dbc       sf_set_rtw_dwork_info      0000000180016dbc f   sf_runtime:sf_runtime.dll
 0001:00015dc2       sf_mark_chart_reusable_outputs 0000000180016dc2 f   sf_runtime:sf_runtime.dll
 0001:00015dc8       sf_mark_chart_expressionable_inputs 0000000180016dc8 f   sf_runtime:sf_runtime.dll
 0001:00015dce       sf_update_buildInfo        0000000180016dce f   sf_runtime:sf_runtime.dll
 0001:00015dd4       sf_rtw_info_uint_prop      0000000180016dd4 f   sf_runtime:sf_runtime.dll
 0001:00015dda       sf_is_chart_inlinable      0000000180016dda f   sf_runtime:sf_runtime.dll
 0001:00015de0       sim_mode_is_external       0000000180016de0 f   sf_runtime:sf_runtime.dll
 0001:00015de6       sim_mode_is_rtw_gen        0000000180016de6 f   sf_runtime:sf_runtime.dll
 0001:00015dec       ssGetOutputPortSignal_wrapper 0000000180016dec f   sf_runtime:sf_runtime.dll
 0001:00015df2       ssGetInputPortSignal_wrapper 0000000180016df2 f   sf_runtime:sf_runtime.dll
 0001:00015df8       sf_mex_decode_encoded_mx_struct_array 0000000180016df8 f   sf_runtime:sf_runtime.dll
 0001:00015dfe       sf_debug_reset_current_state_configuration 0000000180016dfe f   sf_runtime:sf_runtime.dll
 0001:00015e04       sf_debug_set_instance_data_value_ptr 0000000180016e04 f   sf_runtime:sf_runtime.dll
 0001:00015e0a       sf_debug_set_chart_data_compiled_props 0000000180016e0a f   sf_runtime:sf_runtime.dll
 0001:00015e10       cv_eml_init_relational     0000000180016e10 f   sf_runtime:sf_runtime.dll
 0001:00015e16       cv_eml_init_mcdc           0000000180016e16 f   sf_runtime:sf_runtime.dll
 0001:00015e1c       cv_eml_init_if             0000000180016e1c f   sf_runtime:sf_runtime.dll
 0001:00015e22       cv_eml_init_fcn            0000000180016e22 f   sf_runtime:sf_runtime.dll
 0001:00015e28       cv_eml_init_script         0000000180016e28 f   sf_runtime:sf_runtime.dll
 0001:00015e2e       sf_debug_cv_init_trans     0000000180016e2e f   sf_runtime:sf_runtime.dll
 0001:00015e34       sf_debug_cv_init_state     0000000180016e34 f   sf_runtime:sf_runtime.dll
 0001:00015e3a       sf_debug_cv_init_chart     0000000180016e3a f   sf_runtime:sf_runtime.dll
 0001:00015e40       sf_debug_set_chart_decomposition 0000000180016e40 f   sf_runtime:sf_runtime.dll
 0001:00015e46       sf_debug_set_chart_substate_count 0000000180016e46 f   sf_runtime:sf_runtime.dll
 0001:00015e4c       sf_debug_set_chart_state_info 0000000180016e4c f   sf_runtime:sf_runtime.dll
 0001:00015e52       sf_debug_set_chart_data_props 0000000180016e52 f   sf_runtime:sf_runtime.dll
 0001:00015e58       sf_debug_set_chart_event_thresholds 0000000180016e58 f   sf_runtime:sf_runtime.dll
 0001:00015e5e       sf_debug_set_chart_disable_implicit_casting 0000000180016e5e f   sf_runtime:sf_runtime.dll
 0001:00015e64       sf_debug_initialize_chart  0000000180016e64 f   sf_runtime:sf_runtime.dll
 0001:00015e6a       sf_mex_destroy             0000000180016e6a f   sf_runtime:sf_runtime.dll
 0001:00015e70       sf_mex_dup                 0000000180016e70 f   sf_runtime:sf_runtime.dll
 0001:00015e76       sf_mex_import              0000000180016e76 f   sf_runtime:sf_runtime.dll
 0001:00015e7c       sf_get_time                0000000180016e7c f   sf_runtime:sf_runtime.dll
 0001:00015e82       sf_debug_check_for_state_inconsistency 0000000180016e82 f   sf_runtime:sf_runtime.dll
 0001:00015e88       sf_debug_symbol_scope_pop  0000000180016e88 f   sf_runtime:sf_runtime.dll
 0001:00015e8e       cv_eval_relational         0000000180016e8e f   sf_runtime:sf_runtime.dll
 0001:00015e94       eml_debug_line_call        0000000180016e94 f   sf_runtime:sf_runtime.dll
 0001:00015e9a       cv_eml_eval                0000000180016e9a f   sf_runtime:sf_runtime.dll
 0001:00015ea0       sf_debug_symbol_scope_add_eml 0000000180016ea0 f   sf_runtime:sf_runtime.dll
 0001:00015ea6       sf_debug_symbol_scope_add_eml_importable 0000000180016ea6 f   sf_runtime:sf_runtime.dll
 0001:00015eac       sf_debug_symbol_scope_push_eml 0000000180016eac f   sf_runtime:sf_runtime.dll
 0001:00015eb2       sf_debug_data_range_wrapper 0000000180016eb2 f   sf_runtime:sf_runtime.dll
 0001:00015eb8       sf_debug_call              0000000180016eb8 f   sf_runtime:sf_runtime.dll
 0001:00015ebe       sf_debug_symbol_scope_push 0000000180016ebe f   sf_runtime:sf_runtime.dll
 0001:00015ec4       sf_mex_setcell             0000000180016ec4 f   sf_runtime:sf_runtime.dll
 0001:00015eca       sf_mex_createcellmatrix    0000000180016eca f   sf_runtime:sf_runtime.dll
 0001:00015ed0       sf_mex_getcell             0000000180016ed0 f   sf_runtime:sf_runtime.dll
 0001:00015ed6       sf_clear_rtw_identifier    0000000180016ed6 f   sf_runtime:sf_runtime.dll
 0001:00015edc       sf_mex_emlrtNameCapturePostProcessR2012a 0000000180016edc f   sf_runtime:sf_runtime.dll
 0001:00015ee2       sf_mex_createstruct        0000000180016ee2 f   sf_runtime:sf_runtime.dll
 0001:00015ee8       sf_mex_duplicatearraysafe  0000000180016ee8 f   sf_runtime:sf_runtime.dll
 0001:00015eee       sf_mex_addfield            0000000180016eee f   sf_runtime:sf_runtime.dll
 0001:00015ef4       sf_mex_call_debug          0000000180016ef4 f   sf_runtime:sf_runtime.dll
 0001:00015efa       sf_debug_terminate         0000000180016efa f   sf_runtime:sf_runtime.dll
 0001:00015f00       sf_debug_create_debug_instance_struct 0000000180016f00 f   sf_runtime:sf_runtime.dll
 0001:00015f06       sf_debug_api               0000000180016f06 f   sf_runtime:sf_runtime.dll
 0001:00015f0c       callMdlMethodAndReportError 0000000180016f0c f   sf_runtime:sf_runtime.dll
 0001:00015f12       call_sf_machine_global_method_dispatcher 0000000180016f12 f   sf_runtime:sf_runtime.dll
 0001:00015f18       sf_clear_error_manager_info 0000000180016f18 f   sf_runtime:sf_runtime.dll
 0001:00015f1e       sf_mex_error_direct_call   0000000180016f1e f   sf_runtime:sf_runtime.dll
 0001:00015f24       mxCreateLogicalScalar      0000000180016f24 f   libmx:libmx.dll
 0001:00015f2a       mxGetScalar                0000000180016f2a f   libmx:libmx.dll
 0001:00015f30       mxGetPr                    0000000180016f30 f   libmx:libmx.dll
 0001:00015f36       mxCreateDoubleMatrix_730   0000000180016f36 f   libmx:libmx.dll
 0001:00015f3c       mxGetString_730            0000000180016f3c f   libmx:libmx.dll
 0001:00015f42       mxIsChar                   0000000180016f42 f   libmx:libmx.dll
 0001:00015f48       mxDestroyArray             0000000180016f48 f   libmx:libmx.dll
 0001:00015f4e       mxDuplicateArray           0000000180016f4e f   libmx:libmx.dll
 0001:00015f54       mxCreateDoubleScalar       0000000180016f54 f   libmx:libmx.dll
 0001:00015f5a       mxSetField_730             0000000180016f5a f   libmx:libmx.dll
 0001:00015f60       mxCreateString             0000000180016f60 f   libmx:libmx.dll
 0001:00015f66       mxCreateStructMatrix_730   0000000180016f66 f   libmx:libmx.dll
 0001:00015f6c       mxCreateCellMatrix_730     0000000180016f6c f   libmx:libmx.dll
 0001:00015f72       mxCreateCellArray_730      0000000180016f72 f   libmx:libmx.dll
 0001:00015f78       mxCreateStructArray_730    0000000180016f78 f   libmx:libmx.dll
 0001:00015f7e       mxGetClassID               0000000180016f7e f   libmx:libmx.dll
 0001:00015f84       mxIsNumeric                0000000180016f84 f   libmx:libmx.dll
 0001:00015f8a       mxIsComplex                0000000180016f8a f   libmx:libmx.dll
 0001:00015f90       mxGetN                     0000000180016f90 f   libmx:libmx.dll
 0001:00015f96       mxGetM                     0000000180016f96 f   libmx:libmx.dll
 0001:00015f9c       mxCalloc                   0000000180016f9c f   libmx:libmx.dll
 0001:00015fa2       mexMakeArrayPersistent     0000000180016fa2 f   libmex:libmex.dll
 0001:00015fa8       mexUnlock                  0000000180016fa8 f   libmex:libmex.dll
 0001:00015fae       mexIsLocked                0000000180016fae f   libmex:libmex.dll
 0001:00015fb4       mexWarnMsgTxt              0000000180016fb4 f   libmex:libmex.dll
 0001:00015fba       mexCallMATLABWithObject    0000000180016fba f   libmex:libmex.dll
 0001:00015fc0       mexErrMsgTxt               0000000180016fc0 f   libmex:libmex.dll
 0001:00015fc6       mexLock                    0000000180016fc6 f   libmex:libmex.dll
 0001:00015fcc       utMalloc                   0000000180016fcc f   libut:libut.dll
 0001:00015fd2       utFree                     0000000180016fd2 f   libut:libut.dll
 0001:00015fd8       muDoubleScalarAcos         0000000180016fd8 f   libmwmathutil:libmwmathutil.dll
 0001:00015fde       muDoubleScalarSqrt         0000000180016fde f   libmwmathutil:libmwmathutil.dll
 0001:00015ff0       mpclib_initializer         0000000180016ff0 f   mpclib_sfun:mpclib_sfun.obj
 0001:00016000       mpclib_terminator          0000000180017000 f   mpclib_sfun:mpclib_sfun.obj
 0001:00016010       sf_mpclib_method_dispatcher 0000000180017010 f   mpclib_sfun:mpclib_sfun.obj
 0001:00016060       sf_mpclib_uses_exported_functions 0000000180017060 f   mpclib_sfun:mpclib_sfun.obj
 0001:000160a0       sf_mpclib_process_check_sum_call 00000001800170a0 f   mpclib_sfun:mpclib_sfun.obj
 0001:00016370       sf_mpclib_autoinheritance_info 0000000180017370 f   mpclib_sfun:mpclib_sfun.obj
 0001:000164e0       sf_mpclib_get_eml_resolved_functions_info 00000001800174e0 f   mpclib_sfun:mpclib_sfun.obj
 0001:00016610       sf_mpclib_third_party_uses_info 0000000180017610 f   mpclib_sfun:mpclib_sfun.obj
 0001:00016760       sf_mpclib_jit_fallback_info 0000000180017760 f   mpclib_sfun:mpclib_sfun.obj
 0001:000168b0       sf_mpclib_updateBuildInfo_args_info 00000001800178b0 f   mpclib_sfun:mpclib_sfun.obj
 0001:00016a00       sf_mpclib_get_post_codegen_info 0000000180017a00 f   mpclib_sfun:mpclib_sfun.obj
 0001:00016ad0       mpclib_debug_initialize    0000000180017ad0 f   mpclib_sfun:mpclib_sfun.obj
 0001:00016b60       mpclib_register_exported_symbols 0000000180017b60 f   mpclib_sfun:mpclib_sfun.obj
 0001:00016b70       load_mpclib_optimization_info 0000000180017b70 f   mpclib_sfun:mpclib_sfun.obj
 0001:00016bc0       unload_mpclib_optimization_info 0000000180017bc0 f   mpclib_sfun:mpclib_sfun.obj
 0001:00016bf0       sf_c3_mpclib_get_eml_resolved_functions_info 0000000180017bf0 f   mpclib_sfun:c3_mpclib.obj
 0001:0001bde0       sf_c3_mpclib_get_check_sum 000000018001cde0 f   mpclib_sfun:c3_mpclib.obj
 0001:0001be60       sf_c3_mpclib_get_autoinheritance_info 000000018001ce60 f   mpclib_sfun:c3_mpclib.obj
 0001:00023f60       sf_c3_mpclib_third_party_uses_info 0000000180024f60 f   mpclib_sfun:c3_mpclib.obj
 0001:00023f90       sf_c3_mpclib_jit_fallback_info 0000000180024f90 f   mpclib_sfun:c3_mpclib.obj
 0001:00024060       sf_c3_mpclib_updateBuildInfo_args_info 0000000180025060 f   mpclib_sfun:c3_mpclib.obj
 0001:00024090       sf_c3_mpclib_get_post_codegen_info 0000000180025090 f   mpclib_sfun:c3_mpclib.obj
 0001:00024160       c3_mpclib_method_dispatcher 0000000180025160 f   mpclib_sfun:c3_mpclib.obj
 0001:000416ac       __GSHandlerCheckCommon     00000001800426ac f   MSVCRT:gshandler.obj
 0001:00041710       __GSHandlerCheck           0000000180042710 f   MSVCRT:gshandler.obj
 0001:0004172e       strcmp                     000000018004272e f   MSVCRT:MSVCR100.dll
 0001:00041750       __security_check_cookie    0000000180042750 f   MSVCRT:amdsecgs.obj
 0001:00041770       memset                     0000000180042770 f   MSVCRT:MSVCR100.dll
 0001:00041776       strlen                     0000000180042776 f   MSVCRT:MSVCR100.dll
 0001:0004177c       free                       000000018004277c f   MSVCRT:MSVCR100.dll
 0001:00041782       sprintf                    0000000180042782 f   MSVCRT:MSVCR100.dll
 0001:00041788       malloc                     0000000180042788 f   MSVCRT:MSVCR100.dll
 0001:0004178e       strcat                     000000018004278e f   MSVCRT:MSVCR100.dll
 0001:00041794       memcpy                     0000000180042794 f   MSVCRT:MSVCR100.dll
 0001:0004179c       NtCurrentTeb               000000018004279c f i MSVCRT:crtdll.obj
 0001:00041808       _CRT_INIT                  0000000180042808 f   MSVCRT:crtdll.obj
 0001:00041ba0       _DllMainCRTStartup         0000000180042ba0 f   MSVCRT:crtdll.obj
 0001:00041bf0       __chkstk                   0000000180042bf0 f   MSVCRT:chkstk.obj
 0001:00041bf0       _alloca_probe              0000000180042bf0     MSVCRT:chkstk.obj
 0001:00041c40       __report_gsfailure         0000000180042c40 f   MSVCRT:gs_report.obj
 0001:00041d8c       __clean_type_info_names    0000000180042d8c f   MSVCRT:tncleanup.obj
 0001:00041d98       _onexit                    0000000180042d98 f   MSVCRT:atonexit.obj
 0001:00041e48       atexit                     0000000180042e48 f   MSVCRT:atonexit.obj
 0001:00041e60       _RTC_Initialize            0000000180042e60 f   MSVCRT:_initsect_.obj
 0001:00041e98       _RTC_Terminate             0000000180042e98 f   MSVCRT:_initsect_.obj
 0001:00041ed0       _malloc_crt                0000000180042ed0 f   MSVCRT:MSVCR100.dll
 0001:00041ee0       _ValidateImageBase         0000000180042ee0 f   MSVCRT:pesect.obj
 0001:00041f10       _FindPESection             0000000180042f10 f   MSVCRT:pesect.obj
 0001:00041f60       _IsNonwritableInCurrentImage 0000000180042f60 f   MSVCRT:pesect.obj
 0001:00041fa2       _initterm                  0000000180042fa2 f   MSVCRT:MSVCR100.dll
 0001:00041fa8       _initterm_e                0000000180042fa8 f   MSVCRT:MSVCR100.dll
 0001:00041fae       _encoded_null              0000000180042fae f   MSVCRT:MSVCR100.dll
 0001:00041fb4       _amsg_exit                 0000000180042fb4 f   MSVCRT:MSVCR100.dll
 0001:00041fba       __C_specific_handler       0000000180042fba f   MSVCRT:MSVCR100.dll
 0001:00041fc0       __CppXcptFilter            0000000180042fc0 f   MSVCRT:MSVCR100.dll
 0001:00041fc8       DllMain                    0000000180042fc8 f   MSVCRT:dllmain.obj
 0001:00041fec       __security_init_cookie     0000000180042fec f   MSVCRT:gs_support.obj
 0001:000420a0       __crt_debugger_hook        00000001800430a0 f   MSVCRT:MSVCR100.dll
 0001:000420a6       __clean_type_info_names_internal 00000001800430a6 f   MSVCRT:MSVCR100.dll
 0001:000420ac       _unlock                    00000001800430ac f   MSVCRT:MSVCR100.dll
 0001:000420b2       __dllonexit                00000001800430b2 f   MSVCRT:MSVCR100.dll
 0001:000420b8       _lock                      00000001800430b8 f   MSVCRT:MSVCR100.dll
 0001:000420be       EncodePointer              00000001800430be f   kernel32:KERNEL32.dll
 0001:000420c4       DecodePointer              00000001800430c4 f   kernel32:KERNEL32.dll
 0001:000420ca       Sleep                      00000001800430ca f   kernel32:KERNEL32.dll
 0001:000420d0       TerminateProcess           00000001800430d0 f   kernel32:KERNEL32.dll
 0001:000420d6       GetCurrentProcess          00000001800430d6 f   kernel32:KERNEL32.dll
 0001:000420dc       UnhandledExceptionFilter   00000001800430dc f   kernel32:KERNEL32.dll
 0001:000420e2       SetUnhandledExceptionFilter 00000001800430e2 f   kernel32:KERNEL32.dll
 0001:000420e8       IsDebuggerPresent          00000001800430e8 f   kernel32:KERNEL32.dll
 0001:000420ee       RtlVirtualUnwind           00000001800430ee f   kernel32:KERNEL32.dll
 0001:000420f4       RtlLookupFunctionEntry     00000001800430f4 f   kernel32:KERNEL32.dll
 0001:000420fa       RtlCaptureContext          00000001800430fa f   kernel32:KERNEL32.dll
 0001:00042100       DisableThreadLibraryCalls  0000000180043100 f   kernel32:KERNEL32.dll
 0001:00042106       QueryPerformanceCounter    0000000180043106 f   kernel32:KERNEL32.dll
 0001:0004210c       GetTickCount               000000018004310c f   kernel32:KERNEL32.dll
 0001:00042112       GetCurrentThreadId         0000000180043112 f   kernel32:KERNEL32.dll
 0001:00042118       GetCurrentProcessId        0000000180043118 f   kernel32:KERNEL32.dll
 0001:0004211e       GetSystemTimeAsFileTime    000000018004311e f   kernel32:KERNEL32.dll
 0001:00042124       sf_mex_import_named        0000000180043124 f   sf_runtime:sf_runtime.dll
 0001:0004212a       sf_mex_get_sfun_param      000000018004312a f   sf_runtime:sf_runtime.dll
 0001:00042130       sf_debug_eml_data_array_bounds_error_check 0000000180043130 f   sf_runtime:sf_runtime.dll
 0001:00042136       sf_debug_integer_check     0000000180043136 f   sf_runtime:sf_runtime.dll
 0002:00000000       __imp_GetSystemTimeAsFileTime 0000000180044000     kernel32:KERNEL32.dll
 0002:00000008       __imp_GetCurrentProcessId  0000000180044008     kernel32:KERNEL32.dll
 0002:00000010       __imp_GetCurrentThreadId   0000000180044010     kernel32:KERNEL32.dll
 0002:00000018       __imp_GetTickCount         0000000180044018     kernel32:KERNEL32.dll
 0002:00000020       __imp_QueryPerformanceCounter 0000000180044020     kernel32:KERNEL32.dll
 0002:00000028       __imp_DisableThreadLibraryCalls 0000000180044028     kernel32:KERNEL32.dll
 0002:00000030       __imp_RtlCaptureContext    0000000180044030     kernel32:KERNEL32.dll
 0002:00000038       __imp_RtlLookupFunctionEntry 0000000180044038     kernel32:KERNEL32.dll
 0002:00000040       __imp_RtlVirtualUnwind     0000000180044040     kernel32:KERNEL32.dll
 0002:00000048       __imp_IsDebuggerPresent    0000000180044048     kernel32:KERNEL32.dll
 0002:00000050       __imp_SetUnhandledExceptionFilter 0000000180044050     kernel32:KERNEL32.dll
 0002:00000058       __imp_UnhandledExceptionFilter 0000000180044058     kernel32:KERNEL32.dll
 0002:00000060       __imp_GetCurrentProcess    0000000180044060     kernel32:KERNEL32.dll
 0002:00000068       __imp_TerminateProcess     0000000180044068     kernel32:KERNEL32.dll
 0002:00000070       __imp_Sleep                0000000180044070     kernel32:KERNEL32.dll
 0002:00000078       __imp_DecodePointer        0000000180044078     kernel32:KERNEL32.dll
 0002:00000080       __imp_EncodePointer        0000000180044080     kernel32:KERNEL32.dll
 0002:00000088       \177KERNEL32_NULL_THUNK_DATA 0000000180044088     kernel32:KERNEL32.dll
 0002:00000090       __imp__onexit              0000000180044090     MSVCRT:MSVCR100.dll
 0002:00000098       __imp__lock                0000000180044098     MSVCRT:MSVCR100.dll
 0002:000000a0       __imp___dllonexit          00000001800440a0     MSVCRT:MSVCR100.dll
 0002:000000a8       __imp__unlock              00000001800440a8     MSVCRT:MSVCR100.dll
 0002:000000b0       __imp___clean_type_info_names_internal 00000001800440b0     MSVCRT:MSVCR100.dll
 0002:000000b8       __imp___crt_debugger_hook  00000001800440b8     MSVCRT:MSVCR100.dll
 0002:000000c0       __imp___CppXcptFilter      00000001800440c0     MSVCRT:MSVCR100.dll
 0002:000000c8       __imp___C_specific_handler 00000001800440c8     MSVCRT:MSVCR100.dll
 0002:000000d0       __imp__amsg_exit           00000001800440d0     MSVCRT:MSVCR100.dll
 0002:000000d8       __imp__encoded_null        00000001800440d8     MSVCRT:MSVCR100.dll
 0002:000000e0       __imp__initterm_e          00000001800440e0     MSVCRT:MSVCR100.dll
 0002:000000e8       __imp__initterm            00000001800440e8     MSVCRT:MSVCR100.dll
 0002:000000f0       __imp__malloc_crt          00000001800440f0     MSVCRT:MSVCR100.dll
 0002:000000f8       __imp_memcpy               00000001800440f8     MSVCRT:MSVCR100.dll
 0002:00000100       __imp_strcat               0000000180044100     MSVCRT:MSVCR100.dll
 0002:00000108       __imp_malloc               0000000180044108     MSVCRT:MSVCR100.dll
 0002:00000110       __imp_sprintf              0000000180044110     MSVCRT:MSVCR100.dll
 0002:00000118       __imp_free                 0000000180044118     MSVCRT:MSVCR100.dll
 0002:00000120       __imp_strlen               0000000180044120     MSVCRT:MSVCR100.dll
 0002:00000128       __imp_memset               0000000180044128     MSVCRT:MSVCR100.dll
 0002:00000130       __imp_strcmp               0000000180044130     MSVCRT:MSVCR100.dll
 0002:00000138       \177MSVCR100_NULL_THUNK_DATA 0000000180044138     MSVCRT:MSVCR100.dll
 0002:00000140       __imp_mexErrMsgTxt         0000000180044140     libmex:libmex.dll
 0002:00000148       __imp_mexUnlock            0000000180044148     libmex:libmex.dll
 0002:00000150       __imp_mexIsLocked          0000000180044150     libmex:libmex.dll
 0002:00000158       __imp_mexLock              0000000180044158     libmex:libmex.dll
 0002:00000160       __imp_mexMakeArrayPersistent 0000000180044160     libmex:libmex.dll
 0002:00000168       __imp_mexCallMATLABWithObject 0000000180044168     libmex:libmex.dll
 0002:00000170       __imp_mexWarnMsgTxt        0000000180044170     libmex:libmex.dll
 0002:00000178       \177libmex_NULL_THUNK_DATA 0000000180044178     libmex:libmex.dll
 0002:00000180       __imp_muDoubleScalarSqrt   0000000180044180     libmwmathutil:libmwmathutil.dll
 0002:00000188       __imp_muDoubleScalarAcos   0000000180044188     libmwmathutil:libmwmathutil.dll
 0002:00000190       \177libmwmathutil_NULL_THUNK_DATA 0000000180044190     libmwmathutil:libmwmathutil.dll
 0002:00000198       __imp_mxCalloc             0000000180044198     libmx:libmx.dll
 0002:000001a0       __imp_mxGetM               00000001800441a0     libmx:libmx.dll
 0002:000001a8       __imp_mxGetN               00000001800441a8     libmx:libmx.dll
 0002:000001b0       __imp_mxIsComplex          00000001800441b0     libmx:libmx.dll
 0002:000001b8       __imp_mxIsNumeric          00000001800441b8     libmx:libmx.dll
 0002:000001c0       __imp_mxGetClassID         00000001800441c0     libmx:libmx.dll
 0002:000001c8       __imp_mxCreateStructArray_730 00000001800441c8     libmx:libmx.dll
 0002:000001d0       __imp_mxCreateCellArray_730 00000001800441d0     libmx:libmx.dll
 0002:000001d8       __imp_mxCreateCellMatrix_730 00000001800441d8     libmx:libmx.dll
 0002:000001e0       __imp_mxCreateStructMatrix_730 00000001800441e0     libmx:libmx.dll
 0002:000001e8       __imp_mxCreateString       00000001800441e8     libmx:libmx.dll
 0002:000001f0       __imp_mxSetField_730       00000001800441f0     libmx:libmx.dll
 0002:000001f8       __imp_mxCreateDoubleScalar 00000001800441f8     libmx:libmx.dll
 0002:00000200       __imp_mxDuplicateArray     0000000180044200     libmx:libmx.dll
 0002:00000208       __imp_mxIsChar             0000000180044208     libmx:libmx.dll
 0002:00000210       __imp_mxGetString_730      0000000180044210     libmx:libmx.dll
 0002:00000218       __imp_mxCreateLogicalScalar 0000000180044218     libmx:libmx.dll
 0002:00000220       __imp_mxGetScalar          0000000180044220     libmx:libmx.dll
 0002:00000228       __imp_mxGetPr              0000000180044228     libmx:libmx.dll
 0002:00000230       __imp_mxCreateDoubleMatrix_730 0000000180044230     libmx:libmx.dll
 0002:00000238       __imp_mxDestroyArray       0000000180044238     libmx:libmx.dll
 0002:00000240       \177libmx_NULL_THUNK_DATA  0000000180044240     libmx:libmx.dll
 0002:00000248       __imp_utFree               0000000180044248     libut:libut.dll
 0002:00000250       __imp_utMalloc             0000000180044250     libut:libut.dll
 0002:00000258       \177libut_NULL_THUNK_DATA  0000000180044258     libut:libut.dll
 0002:00000260       __imp_call_sf_machine_global_method_dispatcher 0000000180044260     sf_runtime:sf_runtime.dll
 0002:00000268       __imp_callMdlMethodAndReportError 0000000180044268     sf_runtime:sf_runtime.dll
 0002:00000270       __imp_sf_debug_api         0000000180044270     sf_runtime:sf_runtime.dll
 0002:00000278       __imp_sf_debug_create_debug_instance_struct 0000000180044278     sf_runtime:sf_runtime.dll
 0002:00000280       __imp_sf_debug_terminate   0000000180044280     sf_runtime:sf_runtime.dll
 0002:00000288       __imp_sf_mex_call_debug    0000000180044288     sf_runtime:sf_runtime.dll
 0002:00000290       __imp_sf_mex_addfield      0000000180044290     sf_runtime:sf_runtime.dll
 0002:00000298       __imp_sf_mex_duplicatearraysafe 0000000180044298     sf_runtime:sf_runtime.dll
 0002:000002a0       __imp_sf_mex_createstruct  00000001800442a0     sf_runtime:sf_runtime.dll
 0002:000002a8       __imp_sf_mex_emlrtNameCapturePostProcessR2012a 00000001800442a8     sf_runtime:sf_runtime.dll
 0002:000002b0       __imp_sf_clear_error_manager_info 00000001800442b0     sf_runtime:sf_runtime.dll
 0002:000002b8       __imp_sf_mex_getcell       00000001800442b8     sf_runtime:sf_runtime.dll
 0002:000002c0       __imp_sf_mex_createcellmatrix 00000001800442c0     sf_runtime:sf_runtime.dll
 0002:000002c8       __imp_sf_mex_setcell       00000001800442c8     sf_runtime:sf_runtime.dll
 0002:000002d0       __imp_sf_debug_symbol_scope_push 00000001800442d0     sf_runtime:sf_runtime.dll
 0002:000002d8       __imp_sf_debug_call        00000001800442d8     sf_runtime:sf_runtime.dll
 0002:000002e0       __imp_sf_debug_data_range_wrapper 00000001800442e0     sf_runtime:sf_runtime.dll
 0002:000002e8       __imp_sf_debug_symbol_scope_push_eml 00000001800442e8     sf_runtime:sf_runtime.dll
 0002:000002f0       __imp_sf_debug_symbol_scope_add_eml_importable 00000001800442f0     sf_runtime:sf_runtime.dll
 0002:000002f8       __imp_sf_debug_symbol_scope_add_eml 00000001800442f8     sf_runtime:sf_runtime.dll
 0002:00000300       __imp_cv_eml_eval          0000000180044300     sf_runtime:sf_runtime.dll
 0002:00000308       __imp_eml_debug_line_call  0000000180044308     sf_runtime:sf_runtime.dll
 0002:00000310       __imp_sf_debug_set_machine_data_thresholds 0000000180044310     sf_runtime:sf_runtime.dll
 0002:00000318       __imp_sf_mex_error_direct_call 0000000180044318     sf_runtime:sf_runtime.dll
 0002:00000320       __imp_sf_clear_rtw_identifier 0000000180044320     sf_runtime:sf_runtime.dll
 0002:00000328       __imp_cv_eval_relational   0000000180044328     sf_runtime:sf_runtime.dll
 0002:00000330       __imp_sf_debug_symbol_scope_pop 0000000180044330     sf_runtime:sf_runtime.dll
 0002:00000338       __imp_sf_debug_check_for_state_inconsistency 0000000180044338     sf_runtime:sf_runtime.dll
 0002:00000340       __imp_sf_get_time          0000000180044340     sf_runtime:sf_runtime.dll
 0002:00000348       __imp_sf_mex_import        0000000180044348     sf_runtime:sf_runtime.dll
 0002:00000350       __imp_sf_mex_dup           0000000180044350     sf_runtime:sf_runtime.dll
 0002:00000358       __imp_sf_mex_destroy       0000000180044358     sf_runtime:sf_runtime.dll
 0002:00000360       __imp_sf_debug_initialize_chart 0000000180044360     sf_runtime:sf_runtime.dll
 0002:00000368       __imp_sf_debug_set_chart_disable_implicit_casting 0000000180044368     sf_runtime:sf_runtime.dll
 0002:00000370       __imp_sf_debug_set_chart_event_thresholds 0000000180044370     sf_runtime:sf_runtime.dll
 0002:00000378       __imp_sf_debug_set_chart_data_props 0000000180044378     sf_runtime:sf_runtime.dll
 0002:00000380       __imp_sf_debug_set_chart_state_info 0000000180044380     sf_runtime:sf_runtime.dll
 0002:00000388       __imp_sf_debug_set_chart_substate_count 0000000180044388     sf_runtime:sf_runtime.dll
 0002:00000390       __imp_sf_debug_set_chart_decomposition 0000000180044390     sf_runtime:sf_runtime.dll
 0002:00000398       __imp_sf_debug_cv_init_chart 0000000180044398     sf_runtime:sf_runtime.dll
 0002:000003a0       __imp_sf_debug_cv_init_state 00000001800443a0     sf_runtime:sf_runtime.dll
 0002:000003a8       __imp_sf_debug_cv_init_trans 00000001800443a8     sf_runtime:sf_runtime.dll
 0002:000003b0       __imp_cv_eml_init_script   00000001800443b0     sf_runtime:sf_runtime.dll
 0002:000003b8       __imp_cv_eml_init_fcn      00000001800443b8     sf_runtime:sf_runtime.dll
 0002:000003c0       __imp_cv_eml_init_if       00000001800443c0     sf_runtime:sf_runtime.dll
 0002:000003c8       __imp_cv_eml_init_mcdc     00000001800443c8     sf_runtime:sf_runtime.dll
 0002:000003d0       __imp_cv_eml_init_relational 00000001800443d0     sf_runtime:sf_runtime.dll
 0002:000003d8       __imp_sf_debug_set_chart_data_compiled_props 00000001800443d8     sf_runtime:sf_runtime.dll
 0002:000003e0       __imp_sf_debug_set_instance_data_value_ptr 00000001800443e0     sf_runtime:sf_runtime.dll
 0002:000003e8       __imp_sf_debug_reset_current_state_configuration 00000001800443e8     sf_runtime:sf_runtime.dll
 0002:000003f0       __imp_sf_mex_decode_encoded_mx_struct_array 00000001800443f0     sf_runtime:sf_runtime.dll
 0002:000003f8       __imp_ssGetInputPortSignal_wrapper 00000001800443f8     sf_runtime:sf_runtime.dll
 0002:00000400       __imp_ssGetOutputPortSignal_wrapper 0000000180044400     sf_runtime:sf_runtime.dll
 0002:00000408       __imp_sim_mode_is_rtw_gen  0000000180044408     sf_runtime:sf_runtime.dll
 0002:00000410       __imp_sim_mode_is_external 0000000180044410     sf_runtime:sf_runtime.dll
 0002:00000418       __imp_sf_is_chart_inlinable 0000000180044418     sf_runtime:sf_runtime.dll
 0002:00000420       __imp_sf_rtw_info_uint_prop 0000000180044420     sf_runtime:sf_runtime.dll
 0002:00000428       __imp_sf_update_buildInfo  0000000180044428     sf_runtime:sf_runtime.dll
 0002:00000430       __imp_sf_mark_chart_expressionable_inputs 0000000180044430     sf_runtime:sf_runtime.dll
 0002:00000438       __imp_sf_mark_chart_reusable_outputs 0000000180044438     sf_runtime:sf_runtime.dll
 0002:00000440       __imp_sf_set_rtw_dwork_info 0000000180044440     sf_runtime:sf_runtime.dll
 0002:00000448       __imp_sf_mex_error_message 0000000180044448     sf_runtime:sf_runtime.dll
 0002:00000450       __imp_sf_mex_create        0000000180044450     sf_runtime:sf_runtime.dll
 0002:00000458       __imp_sf_mex_assign        0000000180044458     sf_runtime:sf_runtime.dll
 0002:00000460       __imp_sf_load_rtw_optimization_info 0000000180044460     sf_runtime:sf_runtime.dll
 0002:00000468       __imp_sf_debug_initialize_machine 0000000180044468     sf_runtime:sf_runtime.dll
 0002:00000470       __imp_sf_debug_set_machine_event_thresholds 0000000180044470     sf_runtime:sf_runtime.dll
 0002:00000478       __imp_sf_mex_import_named  0000000180044478     sf_runtime:sf_runtime.dll
 0002:00000480       __imp_sf_mex_get_sfun_param 0000000180044480     sf_runtime:sf_runtime.dll
 0002:00000488       __imp_sf_debug_eml_data_array_bounds_error_check 0000000180044488     sf_runtime:sf_runtime.dll
 0002:00000490       __imp_sf_debug_integer_check 0000000180044490     sf_runtime:sf_runtime.dll
 0002:00000498       \177sf_runtime_NULL_THUNK_DATA 0000000180044498     sf_runtime:sf_runtime.dll
 0002:000004a0       __xc_a                     00000001800444a0     MSVCRT:cinitexe.obj
 0002:000004a8       __xc_z                     00000001800444a8     MSVCRT:cinitexe.obj
 0002:000004b0       __xi_a                     00000001800444b0     MSVCRT:cinitexe.obj
 0002:000004c0       __xi_z                     00000001800444c0     MSVCRT:cinitexe.obj
 0002:000004d0       __real@41d6a43dcb000000    00000001800444d0     mpc_v2_sfun.obj
 0002:000004d8       __real@41e6d02127c00000    00000001800444d8     mpc_v2_sfun.obj
 0002:000004e0       __real@419392cc2c000000    00000001800444e0     mpc_v2_sfun.obj
 0002:000004e8       __real@41dc2bbee1800000    00000001800444e8     mpc_v2_sfun.obj
 0002:000004f0       __real@41e77702d0a00000    00000001800444f0     mpc_v2_sfun.obj
 0002:000004f8       __real@41cc367c85800000    00000001800444f8     mpc_v2_sfun.obj
 0002:00000500       __real@41ca9f104c800000    0000000180044500     mpc_v2_sfun.obj
 0002:00000508       __real@41ef943376200000    0000000180044508     mpc_v2_sfun.obj
 0002:00000510       __real@41e528531f800000    0000000180044510     mpc_v2_sfun.obj
 0002:00000518       __real@417e1499e0000000    0000000180044518     mpc_v2_sfun.obj
 0002:00000520       __real@41e27bf1b5e00000    0000000180044520     mpc_v2_sfun.obj
 0002:00000528       __real@41b27d4851000000    0000000180044528     mpc_v2_sfun.obj
 0002:00000530       __real@41ea45ac03600000    0000000180044530     mpc_v2_sfun.obj
 0002:00000538       __real@41d7be4993c00000    0000000180044538     mpc_v2_sfun.obj
 0002:00000540       __real@41e60740dcc00000    0000000180044540     mpc_v2_sfun.obj
 0002:00000548       __real@41ecac3af4600000    0000000180044548     mpc_v2_sfun.obj
 0002:00000550       __real@41ee7dddd6c00000    0000000180044550     c1_mpc_v2.obj
 0002:00000558       __real@418714e578000000    0000000180044558     c1_mpc_v2.obj
 0002:00000560       __real@41e50207d0000000    0000000180044560     c1_mpc_v2.obj
 0002:00000568       __real@41df3d7347c00000    0000000180044568     c1_mpc_v2.obj
 0002:00000570       __real@4024000000000000    0000000180044570     c1_mpc_v2.obj
 0002:00000578       __real@3ff0000000000000    0000000180044578     c1_mpc_v2.obj
 0002:00000580       __real@4049800000000000    0000000180044580     c1_mpc_v2.obj
 0002:00000588       __real@4000000000000000    0000000180044588     c1_mpc_v2.obj
 0002:00000590       __real@41dd2e46c7800000    0000000180044590     c2_mpc_v2.obj
 0002:00000598       __real@41e26c7d1da00000    0000000180044598     c2_mpc_v2.obj
 0002:000005a0       __real@41d837447e000000    00000001800445a0     c2_mpc_v2.obj
 0002:000005a8       __real@41e1ee133a200000    00000001800445a8     c2_mpc_v2.obj
 0002:000005b0       __real@4059000000000000    00000001800445b0     c2_mpc_v2.obj
 0002:000005b8       __real@bff0000000000000    00000001800445b8     c2_mpc_v2.obj
 0002:000005c0       __real@4008000000000000    00000001800445c0     c2_mpc_v2.obj
 0002:000005c8       __real@41ad0010f0000000    00000001800445c8     c3_mpc_v2.obj
 0002:000005d0       __real@41e184cee0c00000    00000001800445d0     c3_mpc_v2.obj
 0002:000005d8       __real@41dfa6f444000000    00000001800445d8     c3_mpc_v2.obj
 0002:000005e0       __real@41b1fb2768000000    00000001800445e0     c3_mpc_v2.obj
 0002:000005e8       __real@404e000000000000    00000001800445e8     c3_mpc_v2.obj
 0002:000005f0       __real@c072200000000000    00000001800445f0     c3_mpc_v2.obj
 0002:000005f8       __real@4072200000000000    00000001800445f8     c3_mpc_v2.obj
 0002:00000600       DYNAMIC_DIMENSION_DEF      0000000180044600     mpc_v2_sfun_registry.obj
 0002:00000620       _ssBadLevel2InputAccessMsg 0000000180044620     mpc_v2_sfun_registry.obj
 0002:000007b0       _ssBadLevel2DirectFeedMsg  00000001800447b0     mpc_v2_sfun_registry.obj
 0002:000008f0       _ssBadLevel2DirectFeedSolutionMsg 00000001800448f0     mpc_v2_sfun_registry.obj
 0002:00000960       _ssBadLevel2ZeroDirectFeedMsg 0000000180044960     mpc_v2_sfun_registry.obj
 0002:00000aa0       _ssBadLevel2ZeroDirectFeedMsg2 0000000180044aa0     mpc_v2_sfun_registry.obj
 0002:00000b88       __real@0000000000000000    0000000180044b88     mpc_v2_sfun_registry.obj
 0002:00000b90       __real@41602cbca0000000    0000000180044b90     mpc_v2_sfun_registry.obj
 0002:00000b98       __real@41ecbb831f000000    0000000180044b98     mpclib_sfun:mpclib_sfun.obj
 0002:00000ba0       __real@41de1510df000000    0000000180044ba0     mpclib_sfun:mpclib_sfun.obj
 0002:00000ba8       __real@41ed606246600000    0000000180044ba8     mpclib_sfun:mpclib_sfun.obj
 0002:00000bb0       __real@41e4db9590200000    0000000180044bb0     mpclib_sfun:mpclib_sfun.obj
 0002:00000bb8       __real@41dd91e743c00000    0000000180044bb8     mpclib_sfun:c3_mpclib.obj
 0002:00000bc0       __real@41ed4a70e6a00000    0000000180044bc0     mpclib_sfun:c3_mpclib.obj
 0002:00000bc8       __real@41d0ee9563c00000    0000000180044bc8     mpclib_sfun:c3_mpclib.obj
 0002:00000bd0       __real@41ebca73a4000000    0000000180044bd0     mpclib_sfun:c3_mpclib.obj
 0002:00000bd8       __real@4049000000000000    0000000180044bd8     mpclib_sfun:c3_mpclib.obj
 0002:00000be0       __real@4010000000000000    0000000180044be0     mpclib_sfun:c3_mpclib.obj
 0002:00000be8       __real@4014000000000000    0000000180044be8     mpclib_sfun:c3_mpclib.obj
 0002:00000bf0       __real@8000000000000000    0000000180044bf0     mpclib_sfun:c3_mpclib.obj
 0002:00000bf8       __real@405e000000000000    0000000180044bf8     mpclib_sfun:c3_mpclib.obj
 0002:00000c00       __real@3f51eb3aad8c6e86    0000000180044c00     mpclib_sfun:c3_mpclib.obj
 0002:00000c08       __real@bf51eb3aad8c6e86    0000000180044c08     mpclib_sfun:c3_mpclib.obj
 0002:00000c10       __real@400ccccccccccccb    0000000180044c10     mpclib_sfun:c3_mpclib.obj
 0002:00000c18       __real@c004cccccccccccb    0000000180044c18     mpclib_sfun:c3_mpclib.obj
 0002:00000c20       __real@3ef314161c47039b    0000000180044c20     mpclib_sfun:c3_mpclib.obj
 0002:00000c28       __real@3fc38c284c3235c9    0000000180044c28     mpclib_sfun:c3_mpclib.obj
 0002:00000c30       __real@3ef314161c298e4e    0000000180044c30     mpclib_sfun:c3_mpclib.obj
 0002:00000c38       __real@3fc38c284c3236b5    0000000180044c38     mpclib_sfun:c3_mpclib.obj
 0002:00000c40       __real@401c000000000000    0000000180044c40     mpclib_sfun:c3_mpclib.obj
 0002:00000c48       __real@4056c00000000000    0000000180044c48     mpclib_sfun:c3_mpclib.obj
 0002:00000c50       _pDefaultRawDllMain        0000000180044c50     MSVCRT:crtdll.obj
 0002:00000c50       _pRawDllMain               0000000180044c50     MSVCRT:crtdll.obj
 0002:00000c68       ?ProcessDetach@NativeDll@<CrtImplementationDetails>@@0IB 0000000180044c68     MSVCRT:tncleanup.obj
 0002:00000c6c       ?ProcessAttach@NativeDll@<CrtImplementationDetails>@@0IB 0000000180044c6c     MSVCRT:tncleanup.obj
 0002:00000c70       ?ThreadAttach@NativeDll@<CrtImplementationDetails>@@0IB 0000000180044c70     MSVCRT:tncleanup.obj
 0002:00000c74       ?ThreadDetach@NativeDll@<CrtImplementationDetails>@@0IB 0000000180044c74     MSVCRT:tncleanup.obj
 0002:00000c78       ?ProcessVerifier@NativeDll@<CrtImplementationDetails>@@0IB 0000000180044c78     MSVCRT:tncleanup.obj
 0002:00000c80       __rtc_iaa                  0000000180044c80     MSVCRT:_initsect_.obj
 0002:00000c88       __rtc_izz                  0000000180044c88     MSVCRT:_initsect_.obj
 0002:00000c90       __rtc_taa                  0000000180044c90     MSVCRT:_initsect_.obj
 0002:00000c98       __rtc_tzz                  0000000180044c98     MSVCRT:_initsect_.obj
 0002:000019ec       __IMPORT_DESCRIPTOR_sf_runtime 00000001800459ec     sf_runtime:sf_runtime.dll
 0002:00001a00       __IMPORT_DESCRIPTOR_libmx  0000000180045a00     libmx:libmx.dll
 0002:00001a14       __IMPORT_DESCRIPTOR_libmex 0000000180045a14     libmex:libmex.dll
 0002:00001a28       __IMPORT_DESCRIPTOR_libut  0000000180045a28     libut:libut.dll
 0002:00001a3c       __IMPORT_DESCRIPTOR_libmwmathutil 0000000180045a3c     libmwmathutil:libmwmathutil.dll
 0002:00001a50       __IMPORT_DESCRIPTOR_MSVCR100 0000000180045a50     MSVCRT:MSVCR100.dll
 0002:00001a64       __IMPORT_DESCRIPTOR_KERNEL32 0000000180045a64     kernel32:KERNEL32.dll
 0002:00001a78       __NULL_IMPORT_DESCRIPTOR   0000000180045a78     sf_runtime:sf_runtime.dll
 0003:00003e90       DYNAMIC_DIMENSION          000000018004ae90     mpc_v2_sfun_registry.obj
 0003:0000bd80       __security_cookie          0000000180052d80     MSVCRT:gs_cookie.obj
 0003:0000bd88       __security_cookie_complement 0000000180052d88     MSVCRT:gs_cookie.obj
 0003:0000bd90       _fltused                   0000000180052d90     MSVCRT:dllsupp.obj
 0003:0000bda0       __native_dllmain_reason    0000000180052da0     MSVCRT:natstart.obj
 0003:0000bda4       __native_vcclrit_reason    0000000180052da4     MSVCRT:natstart.obj
 0003:0000beb8       sfGlobalDebugInstanceStruct 0000000180052eb8     mpc_v2_sfun_registry.obj
 0003:0000c460       ?__type_info_root_node@@3U__type_info_node@@A 0000000180053460     MSVCRT:tncleanup.obj
 0003:0000c470       _mpc_v2MachineNumber_      0000000180053470     <common>
 0003:0000c474       _mpclibMachineNumber_      0000000180053474     <common>
 0003:0000c478       __native_startup_state     0000000180053478     <common>
 0003:0000c480       __native_startup_lock      0000000180053480     <common>
 0003:0000c488       __onexitend                0000000180053488     <common>
 0003:0000c490       __onexitbegin              0000000180053490     <common>
 0003:0000c498       __dyn_tls_init_callback    0000000180053498     <common>

 entry point at        0001:00041ba0

 Static symbols

 0001:00001960       mdlProcessParameters_c1_mpc_v2 0000000180002960 f   c1_mpc_v2.obj
 0001:00001a40       initialize_params_c1_mpc_v2 0000000180002a40 f   c1_mpc_v2.obj
 0001:00001a50       mdlSetWorkWidths_c1_mpc_v2 0000000180002a50 f   c1_mpc_v2.obj
 0001:00001f50       sf_get_instance_specialization 0000000180002f50 f   c1_mpc_v2.obj
 0001:00001f60       mdlStart_c1_mpc_v2         0000000180002f60 f   c1_mpc_v2.obj
 0001:000021e0       init_dsm_address_info      00000001800031e0 f   c1_mpc_v2.obj
 0001:000021f0       init_simulink_io_address   00000001800031f0 f   c1_mpc_v2.obj
 0001:00002260       sf_get_sim_state_info_c1_mpc_v2 0000000180003260 f   c1_mpc_v2.obj
 0001:00002320       chart_debug_initialization 0000000180003320 f   c1_mpc_v2.obj
 0001:00002d50       init_script_number_translation 0000000180003d50 f   c1_mpc_v2.obj
 0001:00002d70       c1_sf_marshallOut          0000000180003d70 f   c1_mpc_v2.obj
 0001:00002e20       c1_sf_marshallIn           0000000180003e20 f   c1_mpc_v2.obj
 0001:00002ec0       c1_b_emlrt_marshallIn      0000000180003ec0 f   c1_mpc_v2.obj
 0001:00002f50       sf_opaque_initialize_c1_mpc_v2 0000000180003f50 f   c1_mpc_v2.obj
 0001:00002f90       initialize_c1_mpc_v2       0000000180003f90 f   c1_mpc_v2.obj
 0001:00002fe0       sf_opaque_enable_c1_mpc_v2 0000000180003fe0 f   c1_mpc_v2.obj
 0001:00003000       enable_c1_mpc_v2           0000000180004000 f   c1_mpc_v2.obj
 0001:00003030       sf_opaque_disable_c1_mpc_v2 0000000180004030 f   c1_mpc_v2.obj
 0001:00003050       disable_c1_mpc_v2          0000000180004050 f   c1_mpc_v2.obj
 0001:00003080       sf_opaque_gateway_c1_mpc_v2 0000000180004080 f   c1_mpc_v2.obj
 0001:000030a0       sf_gateway_c1_mpc_v2       00000001800040a0 f   c1_mpc_v2.obj
 0001:00003b80       sf_opaque_get_sim_state_c1_mpc_v2 0000000180004b80 f   c1_mpc_v2.obj
 0001:00003bd0       get_sim_state_c1_mpc_v2    0000000180004bd0 f   c1_mpc_v2.obj
 0001:00003d60       sf_opaque_set_sim_state_c1_mpc_v2 0000000180004d60 f   c1_mpc_v2.obj
 0001:00003db0       set_sim_state_c1_mpc_v2    0000000180004db0 f   c1_mpc_v2.obj
 0001:00003e70       c1_update_debugger_state_c1_mpc_v2 0000000180004e70 f   c1_mpc_v2.obj
 0001:00003e80       c1_emlrt_marshallIn        0000000180004e80 f   c1_mpc_v2.obj
 0001:00003ef0       c1_d_emlrt_marshallIn      0000000180004ef0 f   c1_mpc_v2.obj
 0001:00003f50       c1_e_emlrt_marshallIn      0000000180004f50 f   c1_mpc_v2.obj
 0001:00003fe0       sf_opaque_terminate_c1_mpc_v2 0000000180004fe0 f   c1_mpc_v2.obj
 0001:00004080       finalize_c1_mpc_v2         0000000180005080 f   c1_mpc_v2.obj
 0001:00004090       sf_opaque_init_subchart_simstructs 0000000180005090 f   c1_mpc_v2.obj
 0001:000040b0       initSimStructsc1_mpc_v2    00000001800050b0 f   c1_mpc_v2.obj
 0001:000040c0       mdlRTW_c1_mpc_v2           00000001800050c0 f   c1_mpc_v2.obj
 0001:00004170       c2_info_helper             0000000180005170 f   c2_mpc_v2.obj
 0001:000080d0       c2_emlrt_marshallOut       00000001800090d0 f   c2_mpc_v2.obj
 0001:00008160       c2_b_emlrt_marshallOut     0000000180009160 f   c2_mpc_v2.obj
 0001:00008bb0       mdlProcessParameters_c2_mpc_v2 0000000180009bb0 f   c2_mpc_v2.obj
 0001:00008c90       initialize_params_c2_mpc_v2 0000000180009c90 f   c2_mpc_v2.obj
 0001:00008ca0       mdlSetWorkWidths_c2_mpc_v2 0000000180009ca0 f   c2_mpc_v2.obj
 0001:000091d0       sf_get_instance_specialization 000000018000a1d0 f   c2_mpc_v2.obj
 0001:000091e0       mdlStart_c2_mpc_v2         000000018000a1e0 f   c2_mpc_v2.obj
 0001:00009460       init_dsm_address_info      000000018000a460 f   c2_mpc_v2.obj
 0001:00009470       init_simulink_io_address   000000018000a470 f   c2_mpc_v2.obj
 0001:00009500       sf_get_sim_state_info_c2_mpc_v2 000000018000a500 f   c2_mpc_v2.obj
 0001:000095c0       chart_debug_initialization 000000018000a5c0 f   c2_mpc_v2.obj
 0001:00009f70       init_script_number_translation 000000018000af70 f   c2_mpc_v2.obj
 0001:00009f90       c2_sf_marshallOut          000000018000af90 f   c2_mpc_v2.obj
 0001:0000a040       c2_sf_marshallIn           000000018000b040 f   c2_mpc_v2.obj
 0001:0000a0e0       c2_b_emlrt_marshallIn      000000018000b0e0 f   c2_mpc_v2.obj
 0001:0000a170       sf_opaque_initialize_c2_mpc_v2 000000018000b170 f   c2_mpc_v2.obj
 0001:0000a1b0       initialize_c2_mpc_v2       000000018000b1b0 f   c2_mpc_v2.obj
 0001:0000a200       sf_opaque_enable_c2_mpc_v2 000000018000b200 f   c2_mpc_v2.obj
 0001:0000a220       enable_c2_mpc_v2           000000018000b220 f   c2_mpc_v2.obj
 0001:0000a250       sf_opaque_disable_c2_mpc_v2 000000018000b250 f   c2_mpc_v2.obj
 0001:0000a270       disable_c2_mpc_v2          000000018000b270 f   c2_mpc_v2.obj
 0001:0000a2a0       sf_opaque_gateway_c2_mpc_v2 000000018000b2a0 f   c2_mpc_v2.obj
 0001:0000a2c0       sf_gateway_c2_mpc_v2       000000018000b2c0 f   c2_mpc_v2.obj
 0001:0000af70       c2_mpower                  000000018000bf70 f   c2_mpc_v2.obj
 0001:0000afe0       c2_eml_scalar_eg           000000018000bfe0 f   c2_mpc_v2.obj
 0001:0000aff0       c2_eml_error               000000018000bff0 f   c2_mpc_v2.obj
 0001:0000b1e0       c2_b_eml_error             000000018000c1e0 f   c2_mpc_v2.obj
 0001:0000b3d0       sf_opaque_get_sim_state_c2_mpc_v2 000000018000c3d0 f   c2_mpc_v2.obj
 0001:0000b420       get_sim_state_c2_mpc_v2    000000018000c420 f   c2_mpc_v2.obj
 0001:0000b5b0       sf_opaque_set_sim_state_c2_mpc_v2 000000018000c5b0 f   c2_mpc_v2.obj
 0001:0000b600       set_sim_state_c2_mpc_v2    000000018000c600 f   c2_mpc_v2.obj
 0001:0000b6c0       c2_update_debugger_state_c2_mpc_v2 000000018000c6c0 f   c2_mpc_v2.obj
 0001:0000b6d0       c2_emlrt_marshallIn        000000018000c6d0 f   c2_mpc_v2.obj
 0001:0000b740       c2_d_emlrt_marshallIn      000000018000c740 f   c2_mpc_v2.obj
 0001:0000b7a0       c2_e_emlrt_marshallIn      000000018000c7a0 f   c2_mpc_v2.obj
 0001:0000b830       sf_opaque_terminate_c2_mpc_v2 000000018000c830 f   c2_mpc_v2.obj
 0001:0000b8d0       finalize_c2_mpc_v2         000000018000c8d0 f   c2_mpc_v2.obj
 0001:0000b8e0       sf_opaque_init_subchart_simstructs 000000018000c8e0 f   c2_mpc_v2.obj
 0001:0000b900       initSimStructsc2_mpc_v2    000000018000c900 f   c2_mpc_v2.obj
 0001:0000b910       mdlRTW_c2_mpc_v2           000000018000c910 f   c2_mpc_v2.obj
 0001:0000c270       mdlProcessParameters_c3_mpc_v2 000000018000d270 f   c3_mpc_v2.obj
 0001:0000c350       initialize_params_c3_mpc_v2 000000018000d350 f   c3_mpc_v2.obj
 0001:0000c360       mdlSetWorkWidths_c3_mpc_v2 000000018000d360 f   c3_mpc_v2.obj
 0001:0000c860       sf_get_instance_specialization 000000018000d860 f   c3_mpc_v2.obj
 0001:0000c870       mdlStart_c3_mpc_v2         000000018000d870 f   c3_mpc_v2.obj
 0001:0000caf0       init_dsm_address_info      000000018000daf0 f   c3_mpc_v2.obj
 0001:0000cb00       init_simulink_io_address   000000018000db00 f   c3_mpc_v2.obj
 0001:0000cb70       sf_get_sim_state_info_c3_mpc_v2 000000018000db70 f   c3_mpc_v2.obj
 0001:0000cc30       chart_debug_initialization 000000018000dc30 f   c3_mpc_v2.obj
 0001:0000d800       init_script_number_translation 000000018000e800 f   c3_mpc_v2.obj
 0001:0000d820       c3_sf_marshallOut          000000018000e820 f   c3_mpc_v2.obj
 0001:0000d8d0       c3_sf_marshallIn           000000018000e8d0 f   c3_mpc_v2.obj
 0001:0000d970       c3_b_emlrt_marshallIn      000000018000e970 f   c3_mpc_v2.obj
 0001:0000da00       sf_opaque_initialize_c3_mpc_v2 000000018000ea00 f   c3_mpc_v2.obj
 0001:0000da40       initialize_c3_mpc_v2       000000018000ea40 f   c3_mpc_v2.obj
 0001:0000da90       sf_opaque_enable_c3_mpc_v2 000000018000ea90 f   c3_mpc_v2.obj
 0001:0000dab0       enable_c3_mpc_v2           000000018000eab0 f   c3_mpc_v2.obj
 0001:0000dae0       sf_opaque_disable_c3_mpc_v2 000000018000eae0 f   c3_mpc_v2.obj
 0001:0000db00       disable_c3_mpc_v2          000000018000eb00 f   c3_mpc_v2.obj
 0001:0000db30       sf_opaque_gateway_c3_mpc_v2 000000018000eb30 f   c3_mpc_v2.obj
 0001:0000db50       sf_gateway_c3_mpc_v2       000000018000eb50 f   c3_mpc_v2.obj
 0001:0000ea40       sf_opaque_get_sim_state_c3_mpc_v2 000000018000fa40 f   c3_mpc_v2.obj
 0001:0000ea90       get_sim_state_c3_mpc_v2    000000018000fa90 f   c3_mpc_v2.obj
 0001:0000ec20       sf_opaque_set_sim_state_c3_mpc_v2 000000018000fc20 f   c3_mpc_v2.obj
 0001:0000ec70       set_sim_state_c3_mpc_v2    000000018000fc70 f   c3_mpc_v2.obj
 0001:0000ed30       c3_update_debugger_state_c3_mpc_v2 000000018000fd30 f   c3_mpc_v2.obj
 0001:0000ed40       c3_emlrt_marshallIn        000000018000fd40 f   c3_mpc_v2.obj
 0001:0000edb0       c3_d_emlrt_marshallIn      000000018000fdb0 f   c3_mpc_v2.obj
 0001:0000ee10       c3_e_emlrt_marshallIn      000000018000fe10 f   c3_mpc_v2.obj
 0001:0000eea0       sf_opaque_terminate_c3_mpc_v2 000000018000fea0 f   c3_mpc_v2.obj
 0001:0000ef40       finalize_c3_mpc_v2         000000018000ff40 f   c3_mpc_v2.obj
 0001:0000ef50       sf_opaque_init_subchart_simstructs 000000018000ff50 f   c3_mpc_v2.obj
 0001:0000ef70       initSimStructsc3_mpc_v2    000000018000ff70 f   c3_mpc_v2.obj
 0001:0000ef80       mdlRTW_c3_mpc_v2           000000018000ff80 f   c3_mpc_v2.obj
 0001:00010140       getChartInfoFromSimStruct  0000000180011140 f   mpc_v2_sfun_registry.obj
 0001:000117e0       _ssFatalError              00000001800127e0 f   mpc_v2_sfun_registry.obj
 0001:00014890       ProcessMexSfunctionCmdLineCall 0000000180015890 f   mpc_v2_sfun_registry.obj
 0001:00014a30       sf_debug_api_wrapper       0000000180015a30 f   mpc_v2_sfun_registry.obj
 0001:00014a80       mdlStart                   0000000180015a80 f   mpc_v2_sfun_registry.obj
 0001:00014ab0       mdl_start_processing       0000000180015ab0 f   mpc_v2_sfun_registry.obj
 0001:00014b70       mdlTerminate               0000000180015b70 f   mpc_v2_sfun_registry.obj
 0001:00014ba0       mdl_terminate_processing   0000000180015ba0 f   mpc_v2_sfun_registry.obj
 0001:00014c20       mdlInitializeSampleTimes   0000000180015c20 f   mpc_v2_sfun_registry.obj
 0001:00014c50       mdlZeroCrossings           0000000180015c50 f   mpc_v2_sfun_registry.obj
 0001:00014c80       mdl_zeroCrossings_processing 0000000180015c80 f   mpc_v2_sfun_registry.obj
 0001:00014cc0       mdlDerivatives             0000000180015cc0 f   mpc_v2_sfun_registry.obj
 0001:00014cf0       mdl_derivatives_processing 0000000180015cf0 f   mpc_v2_sfun_registry.obj
 0001:00014d40       mdlInitializeConditions    0000000180015d40 f   mpc_v2_sfun_registry.obj
 0001:00014d70       mdl_initialize_conditions_processing 0000000180015d70 f   mpc_v2_sfun_registry.obj
 0001:00014dc0       mdlEnable                  0000000180015dc0 f   mpc_v2_sfun_registry.obj
 0001:00014df0       mdl_enable_processing      0000000180015df0 f   mpc_v2_sfun_registry.obj
 0001:00014e30       mdlDisable                 0000000180015e30 f   mpc_v2_sfun_registry.obj
 0001:00014e60       mdl_disable_processing     0000000180015e60 f   mpc_v2_sfun_registry.obj
 0001:00014ea0       mdlOutputs                 0000000180015ea0 f   mpc_v2_sfun_registry.obj
 0001:00014ed0       mdl_outputs_processing     0000000180015ed0 f   mpc_v2_sfun_registry.obj
 0001:00014fb0       mdl_outputs_continuous_legacy 0000000180015fb0 f   mpc_v2_sfun_registry.obj
 0001:000150a0       mdlGetTimeOfNextVarHit     00000001800160a0 f   mpc_v2_sfun_registry.obj
 0001:000150f0       _ProcessMexSfunctionCmdLineCall 00000001800160f0 f   mpc_v2_sfun_registry.obj
 0001:00015840       mdlSetWorkWidths           0000000180016840 f   mpc_v2_sfun_registry.obj
 0001:00015870       mdlProcessParameters       0000000180016870 f   mpc_v2_sfun_registry.obj
 0001:000158a0       mdlInitializeSizes         00000001800168a0 f   mpc_v2_sfun_registry.obj
 0001:000158d0       mdlExtModeExec             00000001800168d0 f   mpc_v2_sfun_registry.obj
 0001:00015900       mdl_ext_mode_exec_processing 0000000180016900 f   mpc_v2_sfun_registry.obj
 0001:00015940       mdlRTW                     0000000180016940 f   mpc_v2_sfun_registry.obj
 0001:00015980       _CreateSimStruct           0000000180016980 f   mpc_v2_sfun_registry.obj
 0001:00015b10       _RegNumInputPortsCB        0000000180016b10 f   mpc_v2_sfun_registry.obj
 0001:00015b90       _RegNumOutputPortsCB       0000000180016b90 f   mpc_v2_sfun_registry.obj
 0001:00016c60       c3_info_helper             0000000180017c60 f   mpclib_sfun:c3_mpclib.obj
 0001:0001bce0       c3_emlrt_marshallOut       000000018001cce0 f   mpclib_sfun:c3_mpclib.obj
 0001:0001bd70       c3_b_emlrt_marshallOut     000000018001cd70 f   mpclib_sfun:c3_mpclib.obj
 0001:000241d0       mdlProcessParameters_c3_mpclib 00000001800251d0 f   mpclib_sfun:c3_mpclib.obj
 0001:000242b0       initialize_params_c3_mpclib 00000001800252b0 f   mpclib_sfun:c3_mpclib.obj
 0001:00026b70       mdlSetWorkWidths_c3_mpclib 0000000180027b70 f   mpclib_sfun:c3_mpclib.obj
 0001:0002a060       sf_get_instance_specialization 000000018002b060 f   mpclib_sfun:c3_mpclib.obj
 0001:0002a070       mdlStart_c3_mpclib         000000018002b070 f   mpclib_sfun:c3_mpclib.obj
 0001:0002a2f0       init_dsm_address_info      000000018002b2f0 f   mpclib_sfun:c3_mpclib.obj
 0001:0002a300       init_simulink_io_address   000000018002b300 f   mpclib_sfun:c3_mpclib.obj
 0001:0002a5f0       sf_get_sim_state_info_c3_mpclib 000000018002b5f0 f   mpclib_sfun:c3_mpclib.obj
 0001:0002a6b0       chart_debug_initialization 000000018002b6b0 f   mpclib_sfun:c3_mpclib.obj
 0001:00033200       init_script_number_translation 0000000180034200 f   mpclib_sfun:c3_mpclib.obj
 0001:00033220       c3_sf_marshallOut          0000000180034220 f   mpclib_sfun:c3_mpclib.obj
 0001:00033360       c3_sf_marshallIn           0000000180034360 f   mpclib_sfun:c3_mpclib.obj
 0001:00033450       c3_b_sf_marshallOut        0000000180034450 f   mpclib_sfun:c3_mpclib.obj
 0001:00033570       c3_b_sf_marshallIn         0000000180034570 f   mpclib_sfun:c3_mpclib.obj
 0001:00033640       c3_b_emlrt_marshallIn      0000000180034640 f   mpclib_sfun:c3_mpclib.obj
 0001:00033710       c3_c_sf_marshallOut        0000000180034710 f   mpclib_sfun:c3_mpclib.obj
 0001:000337c0       c3_c_sf_marshallIn         00000001800347c0 f   mpclib_sfun:c3_mpclib.obj
 0001:00033860       c3_d_sf_marshallOut        0000000180034860 f   mpclib_sfun:c3_mpclib.obj
 0001:000339f0       c3_d_sf_marshallIn         00000001800349f0 f   mpclib_sfun:c3_mpclib.obj
 0001:00033b00       c3_e_sf_marshallOut        0000000180034b00 f   mpclib_sfun:c3_mpclib.obj
 0001:00033c60       c3_f_sf_marshallOut        0000000180034c60 f   mpclib_sfun:c3_mpclib.obj
 0001:00033db0       c3_g_sf_marshallOut        0000000180034db0 f   mpclib_sfun:c3_mpclib.obj
 0001:00033ff0       c3_h_sf_marshallOut        0000000180034ff0 f   mpclib_sfun:c3_mpclib.obj
 0001:00034170       c3_i_sf_marshallOut        0000000180035170 f   mpclib_sfun:c3_mpclib.obj
 0001:000343c0       c3_j_sf_marshallOut        00000001800353c0 f   mpclib_sfun:c3_mpclib.obj
 0001:00034470       c3_k_sf_marshallOut        0000000180035470 f   mpclib_sfun:c3_mpclib.obj
 0001:000346b0       c3_l_sf_marshallOut        00000001800356b0 f   mpclib_sfun:c3_mpclib.obj
 0001:00034900       c3_m_sf_marshallOut        0000000180035900 f   mpclib_sfun:c3_mpclib.obj
 0001:00034b50       c3_f_sf_marshallIn         0000000180035b50 f   mpclib_sfun:c3_mpclib.obj
 0001:00034bf0       c3_c_emlrt_marshallIn      0000000180035bf0 f   mpclib_sfun:c3_mpclib.obj
 0001:00034c80       c3_e_emlrt_marshallIn      0000000180035c80 f   mpclib_sfun:c3_mpclib.obj
 0001:00034d70       c3_i_emlrt_marshallIn      0000000180035d70 f   mpclib_sfun:c3_mpclib.obj
 0001:00034e00       c3_k_emlrt_marshallIn      0000000180035e00 f   mpclib_sfun:c3_mpclib.obj
 0001:00034ee0       c3_h_sf_marshallIn         0000000180035ee0 f   mpclib_sfun:c3_mpclib.obj
 0001:00035030       c3_m_emlrt_marshallIn      0000000180036030 f   mpclib_sfun:c3_mpclib.obj
 0001:00035140       c3_i_sf_marshallIn         0000000180036140 f   mpclib_sfun:c3_mpclib.obj
 0001:000352b0       c3_n_emlrt_marshallIn      00000001800362b0 f   mpclib_sfun:c3_mpclib.obj
 0001:000353b0       c3_j_sf_marshallIn         00000001800363b0 f   mpclib_sfun:c3_mpclib.obj
 0001:000354b0       c3_o_emlrt_marshallIn      00000001800364b0 f   mpclib_sfun:c3_mpclib.obj
 0001:000355c0       c3_k_sf_marshallIn         00000001800365c0 f   mpclib_sfun:c3_mpclib.obj
 0001:00035730       c3_p_emlrt_marshallIn      0000000180036730 f   mpclib_sfun:c3_mpclib.obj
 0001:00035830       c3_l_sf_marshallIn         0000000180036830 f   mpclib_sfun:c3_mpclib.obj
 0001:00035990       c3_q_emlrt_marshallIn      0000000180036990 f   mpclib_sfun:c3_mpclib.obj
 0001:00035aa0       c3_m_sf_marshallIn         0000000180036aa0 f   mpclib_sfun:c3_mpclib.obj
 0001:00035b70       c3_r_emlrt_marshallIn      0000000180036b70 f   mpclib_sfun:c3_mpclib.obj
 0001:00035c50       c3_n_sf_marshallIn         0000000180036c50 f   mpclib_sfun:c3_mpclib.obj
 0001:00035d50       c3_s_emlrt_marshallIn      0000000180036d50 f   mpclib_sfun:c3_mpclib.obj
 0001:00035e40       c3_o_sf_marshallIn         0000000180036e40 f   mpclib_sfun:c3_mpclib.obj
 0001:00035f80       c3_t_emlrt_marshallIn      0000000180036f80 f   mpclib_sfun:c3_mpclib.obj
 0001:00036080       sf_opaque_initialize_c3_mpclib 0000000180037080 f   mpclib_sfun:c3_mpclib.obj
 0001:000360c0       initialize_c3_mpclib       00000001800370c0 f   mpclib_sfun:c3_mpclib.obj
 0001:00036110       sf_opaque_enable_c3_mpclib 0000000180037110 f   mpclib_sfun:c3_mpclib.obj
 0001:00036130       enable_c3_mpclib           0000000180037130 f   mpclib_sfun:c3_mpclib.obj
 0001:00036160       sf_opaque_disable_c3_mpclib 0000000180037160 f   mpclib_sfun:c3_mpclib.obj
 0001:00036180       disable_c3_mpclib          0000000180037180 f   mpclib_sfun:c3_mpclib.obj
 0001:000361b0       sf_opaque_gateway_c3_mpclib 00000001800371b0 f   mpclib_sfun:c3_mpclib.obj
 0001:000361d0       sf_gateway_c3_mpclib       00000001800371d0 f   mpclib_sfun:c3_mpclib.obj
 0001:00038650       c3_chartstep_c3_mpclib     0000000180039650 f   mpclib_sfun:c3_mpclib.obj
 0001:000400f0       c3_n_sf_marshallOut        00000001800410f0 f   mpclib_sfun:c3_mpclib.obj
 0001:00040280       c3_e_sf_marshallIn         0000000180041280 f   mpclib_sfun:c3_mpclib.obj
 0001:00040390       c3_eml_xdotu               0000000180041390 f   mpclib_sfun:c3_mpclib.obj
 0001:00040590       c3_eml_scalar_eg           0000000180041590 f   mpclib_sfun:c3_mpclib.obj
 0001:000405a0       c3_d_emlrt_marshallIn      00000001800415a0 f   mpclib_sfun:c3_mpclib.obj
 0001:00040610       c3_f_emlrt_marshallIn      0000000180041610 f   mpclib_sfun:c3_mpclib.obj
 0001:00040680       c3_g_emlrt_marshallIn      0000000180041680 f   mpclib_sfun:c3_mpclib.obj
 0001:00040780       c3_h_emlrt_marshallIn      0000000180041780 f   mpclib_sfun:c3_mpclib.obj
 0001:000407f0       c3_j_emlrt_marshallIn      00000001800417f0 f   mpclib_sfun:c3_mpclib.obj
 0001:00040860       c3_b_eml_xgemm             0000000180041860 f   mpclib_sfun:c3_mpclib.obj
 0001:00040940       sf_opaque_get_sim_state_c3_mpclib 0000000180041940 f   mpclib_sfun:c3_mpclib.obj
 0001:00040990       get_sim_state_c3_mpclib    0000000180041990 f   mpclib_sfun:c3_mpclib.obj
 0001:00041020       sf_opaque_set_sim_state_c3_mpclib 0000000180042020 f   mpclib_sfun:c3_mpclib.obj
 0001:00041070       set_sim_state_c3_mpclib    0000000180042070 f   mpclib_sfun:c3_mpclib.obj
 0001:00041420       c3_update_debugger_state_c3_mpclib 0000000180042420 f   mpclib_sfun:c3_mpclib.obj
 0001:00041430       c3_emlrt_marshallIn        0000000180042430 f   mpclib_sfun:c3_mpclib.obj
 0001:000414a0       c3_u_emlrt_marshallIn      00000001800424a0 f   mpclib_sfun:c3_mpclib.obj
 0001:00041500       c3_v_emlrt_marshallIn      0000000180042500 f   mpclib_sfun:c3_mpclib.obj
 0001:00041590       sf_opaque_terminate_c3_mpclib 0000000180042590 f   mpclib_sfun:c3_mpclib.obj
 0001:00041630       finalize_c3_mpclib         0000000180042630 f   mpclib_sfun:c3_mpclib.obj
 0001:00041640       sf_opaque_init_subchart_simstructs 0000000180042640 f   mpclib_sfun:c3_mpclib.obj
 0001:00041660       initSimStructsc3_mpclib    0000000180042660 f   mpclib_sfun:c3_mpclib.obj
 0001:00041670       mdlRTW_c3_mpclib           0000000180042670 f   mpclib_sfun:c3_mpclib.obj
 0001:000417a8       pre_c_init                 00000001800427a8 f   MSVCRT:crtdll.obj
 0001:00041a64       __DllMainCRTStartup        0000000180042a64 f   MSVCRT:crtdll.obj
 0001:00042140       __DllMainCRTStartup$filt$0 0000000180043140 f   MSVCRT:crtdll.obj
 0001:00042170       __DllMainCRTStartup$fin$1  0000000180043170 f   MSVCRT:crtdll.obj
 0001:0004218a       _onexit$fin$0              000000018004318a f   MSVCRT:atonexit.obj
 0001:000421b0       _IsNonwritableInCurrentImage$filt$0 00000001800431b0 f   MSVCRT:pesect.obj
