 mpc_demo_sfun

 Timestamp is 5e9b0408 (Sat Apr 18 16:43:36 2020)

 Preferred load address is 0000000180000000

 Start         Length     Name                   Class
 0001:00000000 0000d2a4H .text                   CODE
 0001:0000d2b0 00000092H .text$x                 CODE
 0002:00000000 00000440H .idata$5                DATA
 0002:00000440 00000008H .CRT$XCA                DATA
 0002:00000448 00000008H .CRT$XCZ                DATA
 0002:00000450 00000008H .CRT$XIA                DATA
 0002:00000458 00000008H .CRT$XIAA               DATA
 0002:00000460 00000008H .CRT$XIZ                DATA
 0002:00000470 0000068cH .rdata                  DATA
 0002:00000b00 00000008H .rtc$IAA                DATA
 0002:00000b08 00000008H .rtc$IZZ                DATA
 0002:00000b10 00000008H .rtc$TAA                DATA
 0002:00000b18 00000008H .rtc$TZZ                DATA
 0002:00000b20 000006a0H .xdata                  DATA
 0002:000011c0 00000078H .idata$2                DATA
 0002:00001238 00000014H .idata$3                DATA
 0002:00001250 00000440H .idata$4                DATA
 0002:00001690 00000bd4H .idata$6                DATA
 0002:00002270 00000053H .edata                  DATA
 0003:00000000 00002968H .data                   DATA
 0003:00002970 000006a8H .bss                    DATA
 0004:00000000 000007e0H .pdata                  DATA

  Address         Publics by Value              Rva+Base               Lib:Object

 0000:00000000       ___safe_se_handler_table   0000000000000000     <absolute>
 0000:00000000       ___safe_se_handler_count   0000000000000000     <absolute>
 0000:00000000       __ImageBase                0000000180000000     <linker-defined>
 0001:00000000       mpc_demo_initializer       0000000180001000 f   mpc_demo_sfun.obj
 0001:00000010       mpc_demo_terminator        0000000180001010 f   mpc_demo_sfun.obj
 0001:00000020       sf_mpc_demo_method_dispatcher 0000000180001020 f   mpc_demo_sfun.obj
 0001:00000070       sf_mpc_demo_uses_exported_functions 0000000180001070 f   mpc_demo_sfun.obj
 0001:000000b0       sf_mpc_demo_process_check_sum_call 00000001800010b0 f   mpc_demo_sfun.obj
 0001:000004c0       sf_mpc_demo_autoinheritance_info 00000001800014c0 f   mpc_demo_sfun.obj
 0001:00000630       sf_mpc_demo_get_eml_resolved_functions_info 0000000180001630 f   mpc_demo_sfun.obj
 0001:00000760       sf_mpc_demo_third_party_uses_info 0000000180001760 f   mpc_demo_sfun.obj
 0001:000008b0       sf_mpc_demo_jit_fallback_info 00000001800018b0 f   mpc_demo_sfun.obj
 0001:00000a00       sf_mpc_demo_updateBuildInfo_args_info 0000000180001a00 f   mpc_demo_sfun.obj
 0001:00000b50       sf_mpc_demo_get_post_codegen_info 0000000180001b50 f   mpc_demo_sfun.obj
 0001:00000c20       mpc_demo_debug_initialize  0000000180001c20 f   mpc_demo_sfun.obj
 0001:00000ca0       mpc_demo_register_exported_symbols 0000000180001ca0 f   mpc_demo_sfun.obj
 0001:00000cb0       load_mpc_demo_optimization_info 0000000180001cb0 f   mpc_demo_sfun.obj
 0001:00000d00       unload_mpc_demo_optimization_info 0000000180001d00 f   mpc_demo_sfun.obj
 0001:00000d30       sf_c2_mpc_demo_get_eml_resolved_functions_info 0000000180001d30 f   c2_mpc_demo.obj
 0001:00002e20       sf_c2_mpc_demo_get_check_sum 0000000180003e20 f   c2_mpc_demo.obj
 0001:00002ea0       sf_c2_mpc_demo_get_autoinheritance_info 0000000180003ea0 f   c2_mpc_demo.obj
 0001:00003450       sf_c2_mpc_demo_third_party_uses_info 0000000180004450 f   c2_mpc_demo.obj
 0001:00003480       sf_c2_mpc_demo_jit_fallback_info 0000000180004480 f   c2_mpc_demo.obj
 0001:00003550       sf_c2_mpc_demo_updateBuildInfo_args_info 0000000180004550 f   c2_mpc_demo.obj
 0001:00003580       sf_c2_mpc_demo_get_post_codegen_info 0000000180004580 f   c2_mpc_demo.obj
 0001:00003650       c2_mpc_demo_method_dispatcher 0000000180004650 f   c2_mpc_demo.obj
 0001:00005ca0       sf_process_check_sum_call  0000000180006ca0 f   mpc_demo_sfun_registry.obj
 0001:00005cf0       sf_process_machine_uses_exported_functions_call 0000000180006cf0 f   mpc_demo_sfun_registry.obj
 0001:00005e40       sf_process_autoinheritance_call 0000000180006e40 f   mpc_demo_sfun_registry.obj
 0001:00005fe0       sf_process_get_third_party_uses_info_call 0000000180006fe0 f   mpc_demo_sfun_registry.obj
 0001:00006180       sf_process_get_jit_fallback_info_call 0000000180007180 f   mpc_demo_sfun_registry.obj
 0001:00006320       sf_process_get_updateBuildInfo_args_info_call 0000000180007320 f   mpc_demo_sfun_registry.obj
 0001:000064c0       sf_process_get_eml_resolved_functions_info_call 00000001800074c0 f   mpc_demo_sfun_registry.obj
 0001:00006640       sf_process_get_post_codegen_info 0000000180007640 f   mpc_demo_sfun_registry.obj
 0001:00006790       sf_mex_unlock_call         0000000180007790 f   mpc_demo_sfun_registry.obj
 0001:00006840       sf_machine_global_initializer_called 0000000180007840 f   mpc_demo_sfun_registry.obj
 0001:00006870       sf_machine_global_method_dispatcher 0000000180007870 f   mpc_demo_sfun_registry.obj
 0001:000068d0       sf_machine_global_terminator 00000001800078d0 f   mpc_demo_sfun_registry.obj
 0001:00006920       sf_register_machine_exported_symbols 0000000180007920 f   mpc_demo_sfun_registry.obj
 0001:00006940       callCustomFcn              0000000180007940 f   mpc_demo_sfun_registry.obj
 0001:00006950       sf_machine_global_initializer 0000000180007950 f   mpc_demo_sfun_registry.obj
 0001:000069d0       mdlGetSimState             00000001800079d0 f   mpc_demo_sfun_registry.obj
 0001:00006a50       mdlSetSimState             0000000180007a50 f   mpc_demo_sfun_registry.obj
 0001:00006a90       _ssSetStateAbsTol          0000000180007a90 f   mpc_demo_sfun_registry.obj
 0001:00006b70       _ssGetAbsTol               0000000180007b70 f   mpc_demo_sfun_registry.obj
 0001:00006be0       _ssSetInputPortMatrixDimensions 0000000180007be0 f   mpc_demo_sfun_registry.obj
 0001:00006cf0       _ssSetOutputPortMatrixDimensions 0000000180007cf0 f   mpc_demo_sfun_registry.obj
 0001:00006e00       _ssSetInputPortVectorDimension 0000000180007e00 f   mpc_demo_sfun_registry.obj
 0001:00006ed0       _ssSetOutputPortVectorDimension 0000000180007ed0 f   mpc_demo_sfun_registry.obj
 0001:00006fa0       ssIsRunTimeParamTunable    0000000180007fa0 f   mpc_demo_sfun_registry.obj
 0001:00007010       ssGetSFuncBlockHandle      0000000180008010 f   mpc_demo_sfun_registry.obj
 0001:00007080       _ssGetCurrentInputPortWidth 0000000180008080 f   mpc_demo_sfun_registry.obj
 0001:000071a0       _ssGetCurrentOutputPortWidth 00000001800081a0 f   mpc_demo_sfun_registry.obj
 0001:000072c0       _ssGetCallSystemNumFcnCallDestinations 00000001800082c0 f   mpc_demo_sfun_registry.obj
 0001:00007330       ssWarning                  0000000180008330 f   mpc_demo_sfun_registry.obj
 0001:00007440       ssGetIsZeroCrossControlDisabled 0000000180008440 f   mpc_demo_sfun_registry.obj
 0001:000074b0       ssSetIsInputPortUsedForContZcSignal 00000001800084b0 f   mpc_demo_sfun_registry.obj
 0001:00007520       ssSetZcSignalIsZcElementDisc 0000000180008520 f   mpc_demo_sfun_registry.obj
 0001:000075d0       ssSetZcSignalName          00000001800085d0 f   mpc_demo_sfun_registry.obj
 0001:00007640       ssSetZcSignalWidth         0000000180008640 f   mpc_demo_sfun_registry.obj
 0001:000076b0       ssSetZcSignalZcEventType   00000001800086b0 f   mpc_demo_sfun_registry.obj
 0001:00007720       ssSetZcSignalType          0000000180008720 f   mpc_demo_sfun_registry.obj
 0001:00007790       ssSetZcSignalZcTol         0000000180008790 f   mpc_demo_sfun_registry.obj
 0001:00007800       ssSetZcSignalNeedsEventNotification 0000000180008800 f   mpc_demo_sfun_registry.obj
 0001:00007870       ssCreateAndAddZcSignalInfo 0000000180008870 f   mpc_demo_sfun_registry.obj
 0001:000078e0       ssCloneAndAddZcSignalInfo  00000001800088e0 f   mpc_demo_sfun_registry.obj
 0001:00007950       ssGetNumZcSignals          0000000180008950 f   mpc_demo_sfun_registry.obj
 0001:000079c0       ssGetZcSignalVector        00000001800089c0 f   mpc_demo_sfun_registry.obj
 0001:00007a30       ssGetZcSignalZcEvents      0000000180008a30 f   mpc_demo_sfun_registry.obj
 0001:00007aa0       ssGetZcSignalName          0000000180008aa0 f   mpc_demo_sfun_registry.obj
 0001:00007b10       ssGetZcSignalWidth         0000000180008b10 f   mpc_demo_sfun_registry.obj
 0001:00007b80       ssGetZcSignalZcEventType   0000000180008b80 f   mpc_demo_sfun_registry.obj
 0001:00007bf0       ssGetZcSignalType          0000000180008bf0 f   mpc_demo_sfun_registry.obj
 0001:00007c60       ssGetZcSignalZcTol         0000000180008c60 f   mpc_demo_sfun_registry.obj
 0001:00007ce0       ssGetZcSignalNeedsEventNotification 0000000180008ce0 f   mpc_demo_sfun_registry.obj
 0001:00007d50       ssGetZcSignalIsZcElementDisc 0000000180008d50 f   mpc_demo_sfun_registry.obj
 0001:00007df0       ssGetIsInputPortElementContinuous 0000000180008df0 f   mpc_demo_sfun_registry.obj
 0001:00007e90       _ssGetInputPortSignalPtrsFcn 0000000180008e90 f   mpc_demo_sfun_registry.obj
 0001:00008150       _ssGetInputPortSignalFcn   0000000180009150 f   mpc_demo_sfun_registry.obj
 0001:00008370       _ssSetInputPortDirectFeedThroughFcn 0000000180009370 f   mpc_demo_sfun_registry.obj
 0001:000084d0       _ssSetInputPortReusableFcn 00000001800094d0 f   mpc_demo_sfun_registry.obj
 0001:000085c0       _ssSetOutputPortReusableFcn 00000001800095c0 f   mpc_demo_sfun_registry.obj
 0001:000086a0       ssGetDTypeIdFromMxArray    00000001800096a0 f   mpc_demo_sfun_registry.obj
 0001:000087c0       ssWriteRTWStr              00000001800097c0 f   mpc_demo_sfun_registry.obj
 0001:00008820       ssWriteRTWMxVectParam      0000000180009820 f   mpc_demo_sfun_registry.obj
 0001:00008880       ssWriteRTWMx2dMatParam     0000000180009880 f   mpc_demo_sfun_registry.obj
 0001:00008900       ssWriteRTWNameValuePair    0000000180009900 f   mpc_demo_sfun_registry.obj
 0001:00008df0       ssWriteRTWParameters       0000000180009df0 f   mpc_demo_sfun_registry.obj
 0001:000093f0       ssWriteRTWParamSettings    000000018000a3f0 f   mpc_demo_sfun_registry.obj
 0001:00009ac0       ssWriteRTWWorkVect         000000018000aac0 f   mpc_demo_sfun_registry.obj
 0001:00009fc0       mexFunction                000000018000afc0 f   mpc_demo_sfun_registry.obj
 0001:0000c4e0       ProcessMexSfunctionEveryCall 000000018000d4e0 f   mpc_demo_sfun_registry.obj
 0001:0000c662       sf_debug_set_machine_data_thresholds 000000018000d662 f   sf_runtime:sf_runtime.dll
 0001:0000c668       sf_debug_set_machine_event_thresholds 000000018000d668 f   sf_runtime:sf_runtime.dll
 0001:0000c66e       sf_debug_initialize_machine 000000018000d66e f   sf_runtime:sf_runtime.dll
 0001:0000c674       sf_load_rtw_optimization_info 000000018000d674 f   sf_runtime:sf_runtime.dll
 0001:0000c67a       sf_mex_emlrtNameCapturePostProcessR2012a 000000018000d67a f   sf_runtime:sf_runtime.dll
 0001:0000c680       sf_mex_assign              000000018000d680 f   sf_runtime:sf_runtime.dll
 0001:0000c686       sf_mex_createstruct        000000018000d686 f   sf_runtime:sf_runtime.dll
 0001:0000c68c       sf_mex_destroy             000000018000d68c f   sf_runtime:sf_runtime.dll
 0001:0000c692       sf_mex_duplicatearraysafe  000000018000d692 f   sf_runtime:sf_runtime.dll
 0001:0000c698       sf_mex_createcellmatrix    000000018000d698 f   sf_runtime:sf_runtime.dll
 0001:0000c69e       sf_mex_addfield            000000018000d69e f   sf_runtime:sf_runtime.dll
 0001:0000c6a4       sf_mex_create              000000018000d6a4 f   sf_runtime:sf_runtime.dll
 0001:0000c6aa       sf_mex_error_message       000000018000d6aa f   sf_runtime:sf_runtime.dll
 0001:0000c6b0       sf_set_rtw_dwork_info      000000018000d6b0 f   sf_runtime:sf_runtime.dll
 0001:0000c6b6       sf_mark_chart_reusable_outputs 000000018000d6b6 f   sf_runtime:sf_runtime.dll
 0001:0000c6bc       sf_mark_chart_expressionable_inputs 000000018000d6bc f   sf_runtime:sf_runtime.dll
 0001:0000c6c2       sf_update_buildInfo        000000018000d6c2 f   sf_runtime:sf_runtime.dll
 0001:0000c6c8       sf_rtw_info_uint_prop      000000018000d6c8 f   sf_runtime:sf_runtime.dll
 0001:0000c6ce       sf_is_chart_inlinable      000000018000d6ce f   sf_runtime:sf_runtime.dll
 0001:0000c6d4       sim_mode_is_external       000000018000d6d4 f   sf_runtime:sf_runtime.dll
 0001:0000c6da       sim_mode_is_rtw_gen        000000018000d6da f   sf_runtime:sf_runtime.dll
 0001:0000c6e0       ssGetOutputPortSignal_wrapper 000000018000d6e0 f   sf_runtime:sf_runtime.dll
 0001:0000c6e6       ssGetInputPortSignal_wrapper 000000018000d6e6 f   sf_runtime:sf_runtime.dll
 0001:0000c6ec       sf_mex_decode_encoded_mx_struct_array 000000018000d6ec f   sf_runtime:sf_runtime.dll
 0001:0000c6f2       sf_debug_reset_current_state_configuration 000000018000d6f2 f   sf_runtime:sf_runtime.dll
 0001:0000c6f8       sf_debug_set_instance_data_value_ptr 000000018000d6f8 f   sf_runtime:sf_runtime.dll
 0001:0000c6fe       sf_debug_set_chart_data_compiled_props 000000018000d6fe f   sf_runtime:sf_runtime.dll
 0001:0000c704       cv_eml_init_fcn            000000018000d704 f   sf_runtime:sf_runtime.dll
 0001:0000c70a       cv_eml_init_script         000000018000d70a f   sf_runtime:sf_runtime.dll
 0001:0000c710       sf_debug_cv_init_trans     000000018000d710 f   sf_runtime:sf_runtime.dll
 0001:0000c716       sf_debug_cv_init_state     000000018000d716 f   sf_runtime:sf_runtime.dll
 0001:0000c71c       sf_debug_cv_init_chart     000000018000d71c f   sf_runtime:sf_runtime.dll
 0001:0000c722       sf_debug_set_chart_decomposition 000000018000d722 f   sf_runtime:sf_runtime.dll
 0001:0000c728       sf_debug_set_chart_substate_count 000000018000d728 f   sf_runtime:sf_runtime.dll
 0001:0000c72e       sf_debug_set_chart_state_info 000000018000d72e f   sf_runtime:sf_runtime.dll
 0001:0000c734       sf_debug_set_chart_data_props 000000018000d734 f   sf_runtime:sf_runtime.dll
 0001:0000c73a       sf_debug_set_chart_event_thresholds 000000018000d73a f   sf_runtime:sf_runtime.dll
 0001:0000c740       sf_debug_set_chart_disable_implicit_casting 000000018000d740 f   sf_runtime:sf_runtime.dll
 0001:0000c746       sf_debug_initialize_chart  000000018000d746 f   sf_runtime:sf_runtime.dll
 0001:0000c74c       sf_mex_dup                 000000018000d74c f   sf_runtime:sf_runtime.dll
 0001:0000c752       sf_mex_import              000000018000d752 f   sf_runtime:sf_runtime.dll
 0001:0000c758       sf_get_time                000000018000d758 f   sf_runtime:sf_runtime.dll
 0001:0000c75e       sf_debug_check_for_state_inconsistency 000000018000d75e f   sf_runtime:sf_runtime.dll
 0001:0000c764       sf_debug_symbol_scope_pop  000000018000d764 f   sf_runtime:sf_runtime.dll
 0001:0000c76a       eml_debug_line_call        000000018000d76a f   sf_runtime:sf_runtime.dll
 0001:0000c770       cv_eml_eval                000000018000d770 f   sf_runtime:sf_runtime.dll
 0001:0000c776       sf_debug_symbol_scope_add_eml 000000018000d776 f   sf_runtime:sf_runtime.dll
 0001:0000c77c       sf_debug_symbol_scope_add_eml_importable 000000018000d77c f   sf_runtime:sf_runtime.dll
 0001:0000c782       sf_debug_symbol_scope_push_eml 000000018000d782 f   sf_runtime:sf_runtime.dll
 0001:0000c788       sf_debug_data_range_wrapper 000000018000d788 f   sf_runtime:sf_runtime.dll
 0001:0000c78e       sf_debug_call              000000018000d78e f   sf_runtime:sf_runtime.dll
 0001:0000c794       sf_debug_symbol_scope_push 000000018000d794 f   sf_runtime:sf_runtime.dll
 0001:0000c79a       sf_mex_setcell             000000018000d79a f   sf_runtime:sf_runtime.dll
 0001:0000c7a0       sf_mex_getcell             000000018000d7a0 f   sf_runtime:sf_runtime.dll
 0001:0000c7a6       sf_clear_rtw_identifier    000000018000d7a6 f   sf_runtime:sf_runtime.dll
 0001:0000c7ac       sf_debug_terminate         000000018000d7ac f   sf_runtime:sf_runtime.dll
 0001:0000c7b2       sf_debug_create_debug_instance_struct 000000018000d7b2 f   sf_runtime:sf_runtime.dll
 0001:0000c7b8       sf_debug_api               000000018000d7b8 f   sf_runtime:sf_runtime.dll
 0001:0000c7be       callMdlMethodAndReportError 000000018000d7be f   sf_runtime:sf_runtime.dll
 0001:0000c7c4       call_sf_machine_global_method_dispatcher 000000018000d7c4 f   sf_runtime:sf_runtime.dll
 0001:0000c7ca       sf_clear_error_manager_info 000000018000d7ca f   sf_runtime:sf_runtime.dll
 0001:0000c7d0       sf_mex_error_direct_call   000000018000d7d0 f   sf_runtime:sf_runtime.dll
 0001:0000c7d6       mxCreateLogicalScalar      000000018000d7d6 f   libmx:libmx.dll
 0001:0000c7dc       mxGetScalar                000000018000d7dc f   libmx:libmx.dll
 0001:0000c7e2       mxGetPr                    000000018000d7e2 f   libmx:libmx.dll
 0001:0000c7e8       mxCreateDoubleMatrix_730   000000018000d7e8 f   libmx:libmx.dll
 0001:0000c7ee       mxGetString_730            000000018000d7ee f   libmx:libmx.dll
 0001:0000c7f4       mxIsChar                   000000018000d7f4 f   libmx:libmx.dll
 0001:0000c7fa       mxDestroyArray             000000018000d7fa f   libmx:libmx.dll
 0001:0000c800       mxDuplicateArray           000000018000d800 f   libmx:libmx.dll
 0001:0000c806       mxCreateDoubleScalar       000000018000d806 f   libmx:libmx.dll
 0001:0000c80c       mxSetField_730             000000018000d80c f   libmx:libmx.dll
 0001:0000c812       mxCreateString             000000018000d812 f   libmx:libmx.dll
 0001:0000c818       mxCreateStructMatrix_730   000000018000d818 f   libmx:libmx.dll
 0001:0000c81e       mxCreateCellMatrix_730     000000018000d81e f   libmx:libmx.dll
 0001:0000c824       mxCreateCellArray_730      000000018000d824 f   libmx:libmx.dll
 0001:0000c82a       mxCreateStructArray_730    000000018000d82a f   libmx:libmx.dll
 0001:0000c830       mxGetClassID               000000018000d830 f   libmx:libmx.dll
 0001:0000c836       mxIsNumeric                000000018000d836 f   libmx:libmx.dll
 0001:0000c83c       mxIsComplex                000000018000d83c f   libmx:libmx.dll
 0001:0000c842       mxGetN                     000000018000d842 f   libmx:libmx.dll
 0001:0000c848       mxGetM                     000000018000d848 f   libmx:libmx.dll
 0001:0000c84e       mxCalloc                   000000018000d84e f   libmx:libmx.dll
 0001:0000c854       mexMakeArrayPersistent     000000018000d854 f   libmex:libmex.dll
 0001:0000c85a       mexUnlock                  000000018000d85a f   libmex:libmex.dll
 0001:0000c860       mexIsLocked                000000018000d860 f   libmex:libmex.dll
 0001:0000c866       mexWarnMsgTxt              000000018000d866 f   libmex:libmex.dll
 0001:0000c86c       mexCallMATLABWithObject    000000018000d86c f   libmex:libmex.dll
 0001:0000c872       mexErrMsgTxt               000000018000d872 f   libmex:libmex.dll
 0001:0000c878       mexLock                    000000018000d878 f   libmex:libmex.dll
 0001:0000c87e       utMalloc                   000000018000d87e f   libut:libut.dll
 0001:0000c884       utFree                     000000018000d884 f   libut:libut.dll
 0001:0000c88c       __GSHandlerCheckCommon     000000018000d88c f   MSVCRT:gshandler.obj
 0001:0000c8f0       __GSHandlerCheck           000000018000d8f0 f   MSVCRT:gshandler.obj
 0001:0000c90e       strcmp                     000000018000d90e f   MSVCRT:MSVCR100.dll
 0001:0000c930       __security_check_cookie    000000018000d930 f   MSVCRT:amdsecgs.obj
 0001:0000c950       strlen                     000000018000d950 f   MSVCRT:MSVCR100.dll
 0001:0000c956       memset                     000000018000d956 f   MSVCRT:MSVCR100.dll
 0001:0000c95c       free                       000000018000d95c f   MSVCRT:MSVCR100.dll
 0001:0000c962       sprintf                    000000018000d962 f   MSVCRT:MSVCR100.dll
 0001:0000c968       malloc                     000000018000d968 f   MSVCRT:MSVCR100.dll
 0001:0000c96e       strcat                     000000018000d96e f   MSVCRT:MSVCR100.dll
 0001:0000c974       memcpy                     000000018000d974 f   MSVCRT:MSVCR100.dll
 0001:0000c97c       NtCurrentTeb               000000018000d97c f i MSVCRT:crtdll.obj
 0001:0000c9e8       _CRT_INIT                  000000018000d9e8 f   MSVCRT:crtdll.obj
 0001:0000cd80       _DllMainCRTStartup         000000018000dd80 f   MSVCRT:crtdll.obj
 0001:0000cdc0       __report_gsfailure         000000018000ddc0 f   MSVCRT:gs_report.obj
 0001:0000cf0c       __clean_type_info_names    000000018000df0c f   MSVCRT:tncleanup.obj
 0001:0000cf18       _onexit                    000000018000df18 f   MSVCRT:atonexit.obj
 0001:0000cfc8       atexit                     000000018000dfc8 f   MSVCRT:atonexit.obj
 0001:0000cfe0       _RTC_Initialize            000000018000dfe0 f   MSVCRT:_initsect_.obj
 0001:0000d018       _RTC_Terminate             000000018000e018 f   MSVCRT:_initsect_.obj
 0001:0000d050       _malloc_crt                000000018000e050 f   MSVCRT:MSVCR100.dll
 0001:0000d060       _ValidateImageBase         000000018000e060 f   MSVCRT:pesect.obj
 0001:0000d090       _FindPESection             000000018000e090 f   MSVCRT:pesect.obj
 0001:0000d0e0       _IsNonwritableInCurrentImage 000000018000e0e0 f   MSVCRT:pesect.obj
 0001:0000d122       _initterm                  000000018000e122 f   MSVCRT:MSVCR100.dll
 0001:0000d128       _initterm_e                000000018000e128 f   MSVCRT:MSVCR100.dll
 0001:0000d12e       _encoded_null              000000018000e12e f   MSVCRT:MSVCR100.dll
 0001:0000d134       _amsg_exit                 000000018000e134 f   MSVCRT:MSVCR100.dll
 0001:0000d13a       __C_specific_handler       000000018000e13a f   MSVCRT:MSVCR100.dll
 0001:0000d140       __CppXcptFilter            000000018000e140 f   MSVCRT:MSVCR100.dll
 0001:0000d148       DllMain                    000000018000e148 f   MSVCRT:dllmain.obj
 0001:0000d16c       __security_init_cookie     000000018000e16c f   MSVCRT:gs_support.obj
 0001:0000d220       __crt_debugger_hook        000000018000e220 f   MSVCRT:MSVCR100.dll
 0001:0000d226       __clean_type_info_names_internal 000000018000e226 f   MSVCRT:MSVCR100.dll
 0001:0000d22c       _unlock                    000000018000e22c f   MSVCRT:MSVCR100.dll
 0001:0000d232       __dllonexit                000000018000e232 f   MSVCRT:MSVCR100.dll
 0001:0000d238       _lock                      000000018000e238 f   MSVCRT:MSVCR100.dll
 0001:0000d23e       EncodePointer              000000018000e23e f   kernel32:KERNEL32.dll
 0001:0000d244       DecodePointer              000000018000e244 f   kernel32:KERNEL32.dll
 0001:0000d24a       Sleep                      000000018000e24a f   kernel32:KERNEL32.dll
 0001:0000d250       TerminateProcess           000000018000e250 f   kernel32:KERNEL32.dll
 0001:0000d256       GetCurrentProcess          000000018000e256 f   kernel32:KERNEL32.dll
 0001:0000d25c       UnhandledExceptionFilter   000000018000e25c f   kernel32:KERNEL32.dll
 0001:0000d262       SetUnhandledExceptionFilter 000000018000e262 f   kernel32:KERNEL32.dll
 0001:0000d268       IsDebuggerPresent          000000018000e268 f   kernel32:KERNEL32.dll
 0001:0000d26e       RtlVirtualUnwind           000000018000e26e f   kernel32:KERNEL32.dll
 0001:0000d274       RtlLookupFunctionEntry     000000018000e274 f   kernel32:KERNEL32.dll
 0001:0000d27a       RtlCaptureContext          000000018000e27a f   kernel32:KERNEL32.dll
 0001:0000d280       DisableThreadLibraryCalls  000000018000e280 f   kernel32:KERNEL32.dll
 0001:0000d286       QueryPerformanceCounter    000000018000e286 f   kernel32:KERNEL32.dll
 0001:0000d28c       GetTickCount               000000018000e28c f   kernel32:KERNEL32.dll
 0001:0000d292       GetCurrentThreadId         000000018000e292 f   kernel32:KERNEL32.dll
 0001:0000d298       GetCurrentProcessId        000000018000e298 f   kernel32:KERNEL32.dll
 0001:0000d29e       GetSystemTimeAsFileTime    000000018000e29e f   kernel32:KERNEL32.dll
 0002:00000000       __imp_GetSystemTimeAsFileTime 000000018000f000     kernel32:KERNEL32.dll
 0002:00000008       __imp_GetCurrentProcessId  000000018000f008     kernel32:KERNEL32.dll
 0002:00000010       __imp_GetCurrentThreadId   000000018000f010     kernel32:KERNEL32.dll
 0002:00000018       __imp_GetTickCount         000000018000f018     kernel32:KERNEL32.dll
 0002:00000020       __imp_QueryPerformanceCounter 000000018000f020     kernel32:KERNEL32.dll
 0002:00000028       __imp_DisableThreadLibraryCalls 000000018000f028     kernel32:KERNEL32.dll
 0002:00000030       __imp_RtlCaptureContext    000000018000f030     kernel32:KERNEL32.dll
 0002:00000038       __imp_RtlLookupFunctionEntry 000000018000f038     kernel32:KERNEL32.dll
 0002:00000040       __imp_RtlVirtualUnwind     000000018000f040     kernel32:KERNEL32.dll
 0002:00000048       __imp_IsDebuggerPresent    000000018000f048     kernel32:KERNEL32.dll
 0002:00000050       __imp_SetUnhandledExceptionFilter 000000018000f050     kernel32:KERNEL32.dll
 0002:00000058       __imp_UnhandledExceptionFilter 000000018000f058     kernel32:KERNEL32.dll
 0002:00000060       __imp_GetCurrentProcess    000000018000f060     kernel32:KERNEL32.dll
 0002:00000068       __imp_TerminateProcess     000000018000f068     kernel32:KERNEL32.dll
 0002:00000070       __imp_Sleep                000000018000f070     kernel32:KERNEL32.dll
 0002:00000078       __imp_DecodePointer        000000018000f078     kernel32:KERNEL32.dll
 0002:00000080       __imp_EncodePointer        000000018000f080     kernel32:KERNEL32.dll
 0002:00000088       \177KERNEL32_NULL_THUNK_DATA 000000018000f088     kernel32:KERNEL32.dll
 0002:00000090       __imp__onexit              000000018000f090     MSVCRT:MSVCR100.dll
 0002:00000098       __imp__lock                000000018000f098     MSVCRT:MSVCR100.dll
 0002:000000a0       __imp___dllonexit          000000018000f0a0     MSVCRT:MSVCR100.dll
 0002:000000a8       __imp__unlock              000000018000f0a8     MSVCRT:MSVCR100.dll
 0002:000000b0       __imp___clean_type_info_names_internal 000000018000f0b0     MSVCRT:MSVCR100.dll
 0002:000000b8       __imp___crt_debugger_hook  000000018000f0b8     MSVCRT:MSVCR100.dll
 0002:000000c0       __imp___CppXcptFilter      000000018000f0c0     MSVCRT:MSVCR100.dll
 0002:000000c8       __imp___C_specific_handler 000000018000f0c8     MSVCRT:MSVCR100.dll
 0002:000000d0       __imp__amsg_exit           000000018000f0d0     MSVCRT:MSVCR100.dll
 0002:000000d8       __imp__encoded_null        000000018000f0d8     MSVCRT:MSVCR100.dll
 0002:000000e0       __imp__initterm_e          000000018000f0e0     MSVCRT:MSVCR100.dll
 0002:000000e8       __imp__initterm            000000018000f0e8     MSVCRT:MSVCR100.dll
 0002:000000f0       __imp__malloc_crt          000000018000f0f0     MSVCRT:MSVCR100.dll
 0002:000000f8       __imp_memcpy               000000018000f0f8     MSVCRT:MSVCR100.dll
 0002:00000100       __imp_strcat               000000018000f100     MSVCRT:MSVCR100.dll
 0002:00000108       __imp_malloc               000000018000f108     MSVCRT:MSVCR100.dll
 0002:00000110       __imp_sprintf              000000018000f110     MSVCRT:MSVCR100.dll
 0002:00000118       __imp_free                 000000018000f118     MSVCRT:MSVCR100.dll
 0002:00000120       __imp_memset               000000018000f120     MSVCRT:MSVCR100.dll
 0002:00000128       __imp_strlen               000000018000f128     MSVCRT:MSVCR100.dll
 0002:00000130       __imp_strcmp               000000018000f130     MSVCRT:MSVCR100.dll
 0002:00000138       \177MSVCR100_NULL_THUNK_DATA 000000018000f138     MSVCRT:MSVCR100.dll
 0002:00000140       __imp_mexLock              000000018000f140     libmex:libmex.dll
 0002:00000148       __imp_mexErrMsgTxt         000000018000f148     libmex:libmex.dll
 0002:00000150       __imp_mexCallMATLABWithObject 000000018000f150     libmex:libmex.dll
 0002:00000158       __imp_mexWarnMsgTxt        000000018000f158     libmex:libmex.dll
 0002:00000160       __imp_mexIsLocked          000000018000f160     libmex:libmex.dll
 0002:00000168       __imp_mexUnlock            000000018000f168     libmex:libmex.dll
 0002:00000170       __imp_mexMakeArrayPersistent 000000018000f170     libmex:libmex.dll
 0002:00000178       \177libmex_NULL_THUNK_DATA 000000018000f178     libmex:libmex.dll
 0002:00000180       __imp_mxCalloc             000000018000f180     libmx:libmx.dll
 0002:00000188       __imp_mxGetM               000000018000f188     libmx:libmx.dll
 0002:00000190       __imp_mxGetN               000000018000f190     libmx:libmx.dll
 0002:00000198       __imp_mxIsComplex          000000018000f198     libmx:libmx.dll
 0002:000001a0       __imp_mxIsNumeric          000000018000f1a0     libmx:libmx.dll
 0002:000001a8       __imp_mxGetClassID         000000018000f1a8     libmx:libmx.dll
 0002:000001b0       __imp_mxCreateStructArray_730 000000018000f1b0     libmx:libmx.dll
 0002:000001b8       __imp_mxCreateCellArray_730 000000018000f1b8     libmx:libmx.dll
 0002:000001c0       __imp_mxCreateCellMatrix_730 000000018000f1c0     libmx:libmx.dll
 0002:000001c8       __imp_mxCreateStructMatrix_730 000000018000f1c8     libmx:libmx.dll
 0002:000001d0       __imp_mxCreateString       000000018000f1d0     libmx:libmx.dll
 0002:000001d8       __imp_mxSetField_730       000000018000f1d8     libmx:libmx.dll
 0002:000001e0       __imp_mxCreateDoubleScalar 000000018000f1e0     libmx:libmx.dll
 0002:000001e8       __imp_mxDuplicateArray     000000018000f1e8     libmx:libmx.dll
 0002:000001f0       __imp_mxCreateLogicalScalar 000000018000f1f0     libmx:libmx.dll
 0002:000001f8       __imp_mxGetScalar          000000018000f1f8     libmx:libmx.dll
 0002:00000200       __imp_mxGetPr              000000018000f200     libmx:libmx.dll
 0002:00000208       __imp_mxCreateDoubleMatrix_730 000000018000f208     libmx:libmx.dll
 0002:00000210       __imp_mxGetString_730      000000018000f210     libmx:libmx.dll
 0002:00000218       __imp_mxIsChar             000000018000f218     libmx:libmx.dll
 0002:00000220       __imp_mxDestroyArray       000000018000f220     libmx:libmx.dll
 0002:00000228       \177libmx_NULL_THUNK_DATA  000000018000f228     libmx:libmx.dll
 0002:00000230       __imp_utMalloc             000000018000f230     libut:libut.dll
 0002:00000238       __imp_utFree               000000018000f238     libut:libut.dll
 0002:00000240       \177libut_NULL_THUNK_DATA  000000018000f240     libut:libut.dll
 0002:00000248       __imp_call_sf_machine_global_method_dispatcher 000000018000f248     sf_runtime:sf_runtime.dll
 0002:00000250       __imp_callMdlMethodAndReportError 000000018000f250     sf_runtime:sf_runtime.dll
 0002:00000258       __imp_sf_debug_api         000000018000f258     sf_runtime:sf_runtime.dll
 0002:00000260       __imp_sf_debug_create_debug_instance_struct 000000018000f260     sf_runtime:sf_runtime.dll
 0002:00000268       __imp_sf_debug_terminate   000000018000f268     sf_runtime:sf_runtime.dll
 0002:00000270       __imp_sf_clear_rtw_identifier 000000018000f270     sf_runtime:sf_runtime.dll
 0002:00000278       __imp_sf_mex_getcell       000000018000f278     sf_runtime:sf_runtime.dll
 0002:00000280       __imp_sf_mex_setcell       000000018000f280     sf_runtime:sf_runtime.dll
 0002:00000288       __imp_sf_debug_symbol_scope_push 000000018000f288     sf_runtime:sf_runtime.dll
 0002:00000290       __imp_sf_clear_error_manager_info 000000018000f290     sf_runtime:sf_runtime.dll
 0002:00000298       __imp_sf_debug_data_range_wrapper 000000018000f298     sf_runtime:sf_runtime.dll
 0002:000002a0       __imp_sf_debug_symbol_scope_push_eml 000000018000f2a0     sf_runtime:sf_runtime.dll
 0002:000002a8       __imp_sf_debug_symbol_scope_add_eml_importable 000000018000f2a8     sf_runtime:sf_runtime.dll
 0002:000002b0       __imp_sf_debug_symbol_scope_add_eml 000000018000f2b0     sf_runtime:sf_runtime.dll
 0002:000002b8       __imp_cv_eml_eval          000000018000f2b8     sf_runtime:sf_runtime.dll
 0002:000002c0       __imp_eml_debug_line_call  000000018000f2c0     sf_runtime:sf_runtime.dll
 0002:000002c8       __imp_sf_debug_symbol_scope_pop 000000018000f2c8     sf_runtime:sf_runtime.dll
 0002:000002d0       __imp_sf_debug_check_for_state_inconsistency 000000018000f2d0     sf_runtime:sf_runtime.dll
 0002:000002d8       __imp_sf_get_time          000000018000f2d8     sf_runtime:sf_runtime.dll
 0002:000002e0       __imp_sf_mex_import        000000018000f2e0     sf_runtime:sf_runtime.dll
 0002:000002e8       __imp_sf_mex_error_direct_call 000000018000f2e8     sf_runtime:sf_runtime.dll
 0002:000002f0       __imp_sf_debug_call        000000018000f2f0     sf_runtime:sf_runtime.dll
 0002:000002f8       __imp_sf_mex_dup           000000018000f2f8     sf_runtime:sf_runtime.dll
 0002:00000300       __imp_sf_debug_initialize_chart 000000018000f300     sf_runtime:sf_runtime.dll
 0002:00000308       __imp_sf_debug_set_chart_disable_implicit_casting 000000018000f308     sf_runtime:sf_runtime.dll
 0002:00000310       __imp_sf_debug_set_chart_event_thresholds 000000018000f310     sf_runtime:sf_runtime.dll
 0002:00000318       __imp_sf_debug_set_chart_data_props 000000018000f318     sf_runtime:sf_runtime.dll
 0002:00000320       __imp_sf_debug_set_chart_state_info 000000018000f320     sf_runtime:sf_runtime.dll
 0002:00000328       __imp_sf_debug_set_chart_substate_count 000000018000f328     sf_runtime:sf_runtime.dll
 0002:00000330       __imp_sf_debug_set_chart_decomposition 000000018000f330     sf_runtime:sf_runtime.dll
 0002:00000338       __imp_sf_debug_cv_init_chart 000000018000f338     sf_runtime:sf_runtime.dll
 0002:00000340       __imp_sf_debug_cv_init_state 000000018000f340     sf_runtime:sf_runtime.dll
 0002:00000348       __imp_sf_debug_cv_init_trans 000000018000f348     sf_runtime:sf_runtime.dll
 0002:00000350       __imp_cv_eml_init_script   000000018000f350     sf_runtime:sf_runtime.dll
 0002:00000358       __imp_cv_eml_init_fcn      000000018000f358     sf_runtime:sf_runtime.dll
 0002:00000360       __imp_sf_debug_set_chart_data_compiled_props 000000018000f360     sf_runtime:sf_runtime.dll
 0002:00000368       __imp_sf_debug_set_instance_data_value_ptr 000000018000f368     sf_runtime:sf_runtime.dll
 0002:00000370       __imp_sf_debug_reset_current_state_configuration 000000018000f370     sf_runtime:sf_runtime.dll
 0002:00000378       __imp_sf_mex_decode_encoded_mx_struct_array 000000018000f378     sf_runtime:sf_runtime.dll
 0002:00000380       __imp_ssGetInputPortSignal_wrapper 000000018000f380     sf_runtime:sf_runtime.dll
 0002:00000388       __imp_ssGetOutputPortSignal_wrapper 000000018000f388     sf_runtime:sf_runtime.dll
 0002:00000390       __imp_sim_mode_is_rtw_gen  000000018000f390     sf_runtime:sf_runtime.dll
 0002:00000398       __imp_sim_mode_is_external 000000018000f398     sf_runtime:sf_runtime.dll
 0002:000003a0       __imp_sf_is_chart_inlinable 000000018000f3a0     sf_runtime:sf_runtime.dll
 0002:000003a8       __imp_sf_rtw_info_uint_prop 000000018000f3a8     sf_runtime:sf_runtime.dll
 0002:000003b0       __imp_sf_update_buildInfo  000000018000f3b0     sf_runtime:sf_runtime.dll
 0002:000003b8       __imp_sf_mark_chart_expressionable_inputs 000000018000f3b8     sf_runtime:sf_runtime.dll
 0002:000003c0       __imp_sf_mark_chart_reusable_outputs 000000018000f3c0     sf_runtime:sf_runtime.dll
 0002:000003c8       __imp_sf_set_rtw_dwork_info 000000018000f3c8     sf_runtime:sf_runtime.dll
 0002:000003d0       __imp_sf_mex_error_message 000000018000f3d0     sf_runtime:sf_runtime.dll
 0002:000003d8       __imp_sf_mex_create        000000018000f3d8     sf_runtime:sf_runtime.dll
 0002:000003e0       __imp_sf_mex_addfield      000000018000f3e0     sf_runtime:sf_runtime.dll
 0002:000003e8       __imp_sf_mex_createcellmatrix 000000018000f3e8     sf_runtime:sf_runtime.dll
 0002:000003f0       __imp_sf_mex_duplicatearraysafe 000000018000f3f0     sf_runtime:sf_runtime.dll
 0002:000003f8       __imp_sf_mex_destroy       000000018000f3f8     sf_runtime:sf_runtime.dll
 0002:00000400       __imp_sf_mex_createstruct  000000018000f400     sf_runtime:sf_runtime.dll
 0002:00000408       __imp_sf_mex_assign        000000018000f408     sf_runtime:sf_runtime.dll
 0002:00000410       __imp_sf_mex_emlrtNameCapturePostProcessR2012a 000000018000f410     sf_runtime:sf_runtime.dll
 0002:00000418       __imp_sf_load_rtw_optimization_info 000000018000f418     sf_runtime:sf_runtime.dll
 0002:00000420       __imp_sf_debug_initialize_machine 000000018000f420     sf_runtime:sf_runtime.dll
 0002:00000428       __imp_sf_debug_set_machine_event_thresholds 000000018000f428     sf_runtime:sf_runtime.dll
 0002:00000430       __imp_sf_debug_set_machine_data_thresholds 000000018000f430     sf_runtime:sf_runtime.dll
 0002:00000438       \177sf_runtime_NULL_THUNK_DATA 000000018000f438     sf_runtime:sf_runtime.dll
 0002:00000440       __xc_a                     000000018000f440     MSVCRT:cinitexe.obj
 0002:00000448       __xc_z                     000000018000f448     MSVCRT:cinitexe.obj
 0002:00000450       __xi_a                     000000018000f450     MSVCRT:cinitexe.obj
 0002:00000460       __xi_z                     000000018000f460     MSVCRT:cinitexe.obj
 0002:00000470       __real@41d04e3954400000    000000018000f470     mpc_demo_sfun.obj
 0002:00000478       __real@41e31ebe12600000    000000018000f478     mpc_demo_sfun.obj
 0002:00000480       __real@41ef91b331000000    000000018000f480     mpc_demo_sfun.obj
 0002:00000488       __real@41d0a6b56d400000    000000018000f488     mpc_demo_sfun.obj
 0002:00000490       __real@41e1914a24400000    000000018000f490     mpc_demo_sfun.obj
 0002:00000498       __real@41ead1319ec00000    000000018000f498     mpc_demo_sfun.obj
 0002:000004a0       __real@41ddae3573400000    000000018000f4a0     mpc_demo_sfun.obj
 0002:000004a8       __real@41e6cf0aa2400000    000000018000f4a8     mpc_demo_sfun.obj
 0002:000004b0       __real@41eea065b8800000    000000018000f4b0     mpc_demo_sfun.obj
 0002:000004b8       __real@41a80ba096000000    000000018000f4b8     mpc_demo_sfun.obj
 0002:000004c0       __real@41d316a40d800000    000000018000f4c0     mpc_demo_sfun.obj
 0002:000004c8       __real@41e8fa73f8200000    000000018000f4c8     mpc_demo_sfun.obj
 0002:000004d0       __real@41bdb2230c000000    000000018000f4d0     mpc_demo_sfun.obj
 0002:000004d8       __real@41eaa2df5c800000    000000018000f4d8     mpc_demo_sfun.obj
 0002:000004e0       __real@41abb10df2000000    000000018000f4e0     mpc_demo_sfun.obj
 0002:000004e8       __real@41e18767e0000000    000000018000f4e8     mpc_demo_sfun.obj
 0002:000004f0       __real@41e288ed10a00000    000000018000f4f0     c2_mpc_demo.obj
 0002:000004f8       __real@41c81a2dea800000    000000018000f4f8     c2_mpc_demo.obj
 0002:00000500       __real@41c12f14b6800000    000000018000f500     c2_mpc_demo.obj
 0002:00000508       __real@41e416cba9c00000    000000018000f508     c2_mpc_demo.obj
 0002:00000510       __real@4024000000000000    000000018000f510     c2_mpc_demo.obj
 0002:00000518       __real@3ff0000000000000    000000018000f518     c2_mpc_demo.obj
 0002:00000520       __real@4000000000000000    000000018000f520     c2_mpc_demo.obj
 0002:00000530       DYNAMIC_DIMENSION_DEF      000000018000f530     mpc_demo_sfun_registry.obj
 0002:00000550       _ssBadLevel2InputAccessMsg 000000018000f550     mpc_demo_sfun_registry.obj
 0002:000006e0       _ssBadLevel2DirectFeedMsg  000000018000f6e0     mpc_demo_sfun_registry.obj
 0002:00000820       _ssBadLevel2DirectFeedSolutionMsg 000000018000f820     mpc_demo_sfun_registry.obj
 0002:00000890       _ssBadLevel2ZeroDirectFeedMsg 000000018000f890     mpc_demo_sfun_registry.obj
 0002:000009d0       _ssBadLevel2ZeroDirectFeedMsg2 000000018000f9d0     mpc_demo_sfun_registry.obj
 0002:00000ab8       __real@0000000000000000    000000018000fab8     mpc_demo_sfun_registry.obj
 0002:00000ac0       __real@bff0000000000000    000000018000fac0     mpc_demo_sfun_registry.obj
 0002:00000ac8       __real@41602cbca0000000    000000018000fac8     mpc_demo_sfun_registry.obj
 0002:00000ad0       _pDefaultRawDllMain        000000018000fad0     MSVCRT:crtdll.obj
 0002:00000ad0       _pRawDllMain               000000018000fad0     MSVCRT:crtdll.obj
 0002:00000ae8       ?ProcessDetach@NativeDll@<CrtImplementationDetails>@@0IB 000000018000fae8     MSVCRT:tncleanup.obj
 0002:00000aec       ?ProcessAttach@NativeDll@<CrtImplementationDetails>@@0IB 000000018000faec     MSVCRT:tncleanup.obj
 0002:00000af0       ?ThreadAttach@NativeDll@<CrtImplementationDetails>@@0IB 000000018000faf0     MSVCRT:tncleanup.obj
 0002:00000af4       ?ThreadDetach@NativeDll@<CrtImplementationDetails>@@0IB 000000018000faf4     MSVCRT:tncleanup.obj
 0002:00000af8       ?ProcessVerifier@NativeDll@<CrtImplementationDetails>@@0IB 000000018000faf8     MSVCRT:tncleanup.obj
 0002:00000b00       __rtc_iaa                  000000018000fb00     MSVCRT:_initsect_.obj
 0002:00000b08       __rtc_izz                  000000018000fb08     MSVCRT:_initsect_.obj
 0002:00000b10       __rtc_taa                  000000018000fb10     MSVCRT:_initsect_.obj
 0002:00000b18       __rtc_tzz                  000000018000fb18     MSVCRT:_initsect_.obj
 0002:000011c0       __IMPORT_DESCRIPTOR_sf_runtime 00000001800101c0     sf_runtime:sf_runtime.dll
 0002:000011d4       __IMPORT_DESCRIPTOR_libmx  00000001800101d4     libmx:libmx.dll
 0002:000011e8       __IMPORT_DESCRIPTOR_libmex 00000001800101e8     libmex:libmex.dll
 0002:000011fc       __IMPORT_DESCRIPTOR_libut  00000001800101fc     libut:libut.dll
 0002:00001210       __IMPORT_DESCRIPTOR_MSVCR100 0000000180010210     MSVCRT:MSVCR100.dll
 0002:00001224       __IMPORT_DESCRIPTOR_KERNEL32 0000000180010224     kernel32:KERNEL32.dll
 0002:00001238       __NULL_IMPORT_DESCRIPTOR   0000000180010238     sf_runtime:sf_runtime.dll
 0003:00001d40       DYNAMIC_DIMENSION          0000000180013d40     mpc_demo_sfun_registry.obj
 0003:00002948       __security_cookie          0000000180014948     MSVCRT:gs_cookie.obj
 0003:00002950       __security_cookie_complement 0000000180014950     MSVCRT:gs_cookie.obj
 0003:00002958       _fltused                   0000000180014958     MSVCRT:dllsupp.obj
 0003:00002960       __native_dllmain_reason    0000000180014960     MSVCRT:natstart.obj
 0003:00002964       __native_vcclrit_reason    0000000180014964     MSVCRT:natstart.obj
 0003:00002a58       sfGlobalDebugInstanceStruct 0000000180014a58     mpc_demo_sfun_registry.obj
 0003:00002fe0       ?__type_info_root_node@@3U__type_info_node@@A 0000000180014fe0     MSVCRT:tncleanup.obj
 0003:00002ff0       _mpc_demoMachineNumber_    0000000180014ff0     <common>
 0003:00002ff4       __native_startup_state     0000000180014ff4     <common>
 0003:00002ff8       __native_startup_lock      0000000180014ff8     <common>
 0003:00003000       __onexitend                0000000180015000     <common>
 0003:00003008       __onexitbegin              0000000180015008     <common>
 0003:00003010       __dyn_tls_init_callback    0000000180015010     <common>

 entry point at        0001:0000cd80

 Static symbols

 0001:00000da0       c2_info_helper             0000000180001da0 f   c2_mpc_demo.obj
 0001:00002d20       c2_emlrt_marshallOut       0000000180003d20 f   c2_mpc_demo.obj
 0001:00002db0       c2_b_emlrt_marshallOut     0000000180003db0 f   c2_mpc_demo.obj
 0001:000036c0       mdlProcessParameters_c2_mpc_demo 00000001800046c0 f   c2_mpc_demo.obj
 0001:000037a0       initialize_params_c2_mpc_demo 00000001800047a0 f   c2_mpc_demo.obj
 0001:000037b0       mdlSetWorkWidths_c2_mpc_demo 00000001800047b0 f   c2_mpc_demo.obj
 0001:00003cb0       sf_get_instance_specialization 0000000180004cb0 f   c2_mpc_demo.obj
 0001:00003cc0       mdlStart_c2_mpc_demo       0000000180004cc0 f   c2_mpc_demo.obj
 0001:00003f40       init_dsm_address_info      0000000180004f40 f   c2_mpc_demo.obj
 0001:00003f50       init_simulink_io_address   0000000180004f50 f   c2_mpc_demo.obj
 0001:00003fc0       sf_get_sim_state_info_c2_mpc_demo 0000000180004fc0 f   c2_mpc_demo.obj
 0001:00004080       chart_debug_initialization 0000000180005080 f   c2_mpc_demo.obj
 0001:00004900       init_script_number_translation 0000000180005900 f   c2_mpc_demo.obj
 0001:00004920       c2_sf_marshallOut          0000000180005920 f   c2_mpc_demo.obj
 0001:00004a40       c2_sf_marshallIn           0000000180005a40 f   c2_mpc_demo.obj
 0001:00004b10       c2_b_emlrt_marshallIn      0000000180005b10 f   c2_mpc_demo.obj
 0001:00004be0       c2_b_sf_marshallOut        0000000180005be0 f   c2_mpc_demo.obj
 0001:00004c90       sf_opaque_initialize_c2_mpc_demo 0000000180005c90 f   c2_mpc_demo.obj
 0001:00004cd0       initialize_c2_mpc_demo     0000000180005cd0 f   c2_mpc_demo.obj
 0001:00004d20       sf_opaque_enable_c2_mpc_demo 0000000180005d20 f   c2_mpc_demo.obj
 0001:00004d40       enable_c2_mpc_demo         0000000180005d40 f   c2_mpc_demo.obj
 0001:00004d70       sf_opaque_disable_c2_mpc_demo 0000000180005d70 f   c2_mpc_demo.obj
 0001:00004d90       disable_c2_mpc_demo        0000000180005d90 f   c2_mpc_demo.obj
 0001:00004dc0       sf_opaque_gateway_c2_mpc_demo 0000000180005dc0 f   c2_mpc_demo.obj
 0001:00004de0       sf_gateway_c2_mpc_demo     0000000180005de0 f   c2_mpc_demo.obj
 0001:00005580       c2_b_sf_marshallIn         0000000180006580 f   c2_mpc_demo.obj
 0001:00005620       c2_c_emlrt_marshallIn      0000000180006620 f   c2_mpc_demo.obj
 0001:000056b0       c2_eml_scalar_eg           00000001800066b0 f   c2_mpc_demo.obj
 0001:000056c0       sf_opaque_get_sim_state_c2_mpc_demo 00000001800066c0 f   c2_mpc_demo.obj
 0001:00005710       get_sim_state_c2_mpc_demo  0000000180006710 f   c2_mpc_demo.obj
 0001:000058c0       sf_opaque_set_sim_state_c2_mpc_demo 00000001800068c0 f   c2_mpc_demo.obj
 0001:00005910       set_sim_state_c2_mpc_demo  0000000180006910 f   c2_mpc_demo.obj
 0001:00005a10       c2_update_debugger_state_c2_mpc_demo 0000000180006a10 f   c2_mpc_demo.obj
 0001:00005a20       c2_emlrt_marshallIn        0000000180006a20 f   c2_mpc_demo.obj
 0001:00005a90       c2_e_emlrt_marshallIn      0000000180006a90 f   c2_mpc_demo.obj
 0001:00005af0       c2_f_emlrt_marshallIn      0000000180006af0 f   c2_mpc_demo.obj
 0001:00005b80       sf_opaque_terminate_c2_mpc_demo 0000000180006b80 f   c2_mpc_demo.obj
 0001:00005c20       finalize_c2_mpc_demo       0000000180006c20 f   c2_mpc_demo.obj
 0001:00005c30       sf_opaque_init_subchart_simstructs 0000000180006c30 f   c2_mpc_demo.obj
 0001:00005c50       initSimStructsc2_mpc_demo  0000000180006c50 f   c2_mpc_demo.obj
 0001:00005c60       mdlRTW_c2_mpc_demo         0000000180006c60 f   c2_mpc_demo.obj
 0001:00006a10       getChartInfoFromSimStruct  0000000180007a10 f   mpc_demo_sfun_registry.obj
 0001:000080b0       _ssFatalError              00000001800090b0 f   mpc_demo_sfun_registry.obj
 0001:0000b160       ProcessMexSfunctionCmdLineCall 000000018000c160 f   mpc_demo_sfun_registry.obj
 0001:0000b300       sf_debug_api_wrapper       000000018000c300 f   mpc_demo_sfun_registry.obj
 0001:0000b350       mdlStart                   000000018000c350 f   mpc_demo_sfun_registry.obj
 0001:0000b380       mdl_start_processing       000000018000c380 f   mpc_demo_sfun_registry.obj
 0001:0000b440       mdlTerminate               000000018000c440 f   mpc_demo_sfun_registry.obj
 0001:0000b470       mdl_terminate_processing   000000018000c470 f   mpc_demo_sfun_registry.obj
 0001:0000b4f0       mdlInitializeSampleTimes   000000018000c4f0 f   mpc_demo_sfun_registry.obj
 0001:0000b520       mdlZeroCrossings           000000018000c520 f   mpc_demo_sfun_registry.obj
 0001:0000b550       mdl_zeroCrossings_processing 000000018000c550 f   mpc_demo_sfun_registry.obj
 0001:0000b590       mdlDerivatives             000000018000c590 f   mpc_demo_sfun_registry.obj
 0001:0000b5c0       mdl_derivatives_processing 000000018000c5c0 f   mpc_demo_sfun_registry.obj
 0001:0000b610       mdlInitializeConditions    000000018000c610 f   mpc_demo_sfun_registry.obj
 0001:0000b640       mdl_initialize_conditions_processing 000000018000c640 f   mpc_demo_sfun_registry.obj
 0001:0000b690       mdlEnable                  000000018000c690 f   mpc_demo_sfun_registry.obj
 0001:0000b6c0       mdl_enable_processing      000000018000c6c0 f   mpc_demo_sfun_registry.obj
 0001:0000b700       mdlDisable                 000000018000c700 f   mpc_demo_sfun_registry.obj
 0001:0000b730       mdl_disable_processing     000000018000c730 f   mpc_demo_sfun_registry.obj
 0001:0000b770       mdlOutputs                 000000018000c770 f   mpc_demo_sfun_registry.obj
 0001:0000b7a0       mdl_outputs_processing     000000018000c7a0 f   mpc_demo_sfun_registry.obj
 0001:0000b880       mdl_outputs_continuous_legacy 000000018000c880 f   mpc_demo_sfun_registry.obj
 0001:0000b970       mdlGetTimeOfNextVarHit     000000018000c970 f   mpc_demo_sfun_registry.obj
 0001:0000b9c0       _ProcessMexSfunctionCmdLineCall 000000018000c9c0 f   mpc_demo_sfun_registry.obj
 0001:0000c110       mdlSetWorkWidths           000000018000d110 f   mpc_demo_sfun_registry.obj
 0001:0000c140       mdlProcessParameters       000000018000d140 f   mpc_demo_sfun_registry.obj
 0001:0000c170       mdlInitializeSizes         000000018000d170 f   mpc_demo_sfun_registry.obj
 0001:0000c1a0       mdlExtModeExec             000000018000d1a0 f   mpc_demo_sfun_registry.obj
 0001:0000c1d0       mdl_ext_mode_exec_processing 000000018000d1d0 f   mpc_demo_sfun_registry.obj
 0001:0000c210       mdlRTW                     000000018000d210 f   mpc_demo_sfun_registry.obj
 0001:0000c250       _CreateSimStruct           000000018000d250 f   mpc_demo_sfun_registry.obj
 0001:0000c3e0       _RegNumInputPortsCB        000000018000d3e0 f   mpc_demo_sfun_registry.obj
 0001:0000c460       _RegNumOutputPortsCB       000000018000d460 f   mpc_demo_sfun_registry.obj
 0001:0000c988       pre_c_init                 000000018000d988 f   MSVCRT:crtdll.obj
 0001:0000cc44       __DllMainCRTStartup        000000018000dc44 f   MSVCRT:crtdll.obj
 0001:0000d2b0       __DllMainCRTStartup$filt$0 000000018000e2b0 f   MSVCRT:crtdll.obj
 0001:0000d2e0       __DllMainCRTStartup$fin$1  000000018000e2e0 f   MSVCRT:crtdll.obj
 0001:0000d2fa       _onexit$fin$0              000000018000e2fa f   MSVCRT:atonexit.obj
 0001:0000d320       _IsNonwritableInCurrentImage$filt$0 000000018000e320 f   MSVCRT:pesect.obj
