Archive member included because of file (symbol)

C:\CSR_uEnergy_SDK-2.3.0.31\tools\lib\CSR101x_A05\libgatt_lib_ram.a(gatt_ram.o)
                              depend_Debug_CSR101x_A05\gatt_client.o (GattInit)
C:\CSR_uEnergy_SDK-2.3.0.31\tools\lib\CSR101x_A05\libgatt_lib_ram.a(gatt_client_disc_prim_serv_uuid.o)
                              depend_Debug_CSR101x_A05\gatt_access.o (GattDiscoverPrimaryServiceByUuid)
C:\CSR_uEnergy_SDK-2.3.0.31\tools\lib\CSR101x_A05\libgatt_lib_ram.a(gatt_client_disc_char.o)
                              depend_Debug_CSR101x_A05\gatt_access.o (GattDiscoverServiceChar)
C:\CSR_uEnergy_SDK-2.3.0.31\tools\lib\CSR101x_A05\libgatt_lib_ram.a(gatt_client_char_desc_disc.o)
                              depend_Debug_CSR101x_A05\gatt_access.o (GattDiscoverAllCharDescriptors)
C:\CSR_uEnergy_SDK-2.3.0.31\tools\lib\CSR101x_A05\libgatt_lib_ram.a(patch_gatt.o)
                              depend_Debug_CSR101x_A05\gatt_client.o (GattCancelConnectReq)
C:\CSR_uEnergy_SDK-2.3.0.31\tools\lib\CSR101x_A05\libgatt_lib_ram.a(sm_keys.o)
                              depend_Debug_CSR101x_A05\gatt_client.o (SMKeyRequestResponse)
C:\CSR_uEnergy_SDK-2.3.0.31\tools\lib\CSR101x_A05\libgatt_lib_ram.a(sm_ram.o)
                              C:\CSR_uEnergy_SDK-2.3.0.31\tools\lib\CSR101x_A05\libgatt_lib_ram.a(gatt_ram.o) (___libgatt_lib_db_476)
C:\CSR_uEnergy_SDK-2.3.0.31\tools\lib\CSR101x_A05\libgatt_lib_ram.a(patch_sm.o)
                              C:\CSR_uEnergy_SDK-2.3.0.31\tools\lib\CSR101x_A05\libgatt_lib_ram.a(sm_ram.o) (sm_pairing_auth_ind)
C:\CSR_uEnergy_SDK-2.3.0.31\tools\lib\CSR101x_A05\libgatt_lib_ram.a(patch_sleeprequest.o)
                              depend_Debug_CSR101x_A05\gatt_client.o (SleepRequest)
C:\CSR_uEnergy_SDK-2.3.0.31\tools\lib\CSR101x_A05\libgatt_lib_ram.a(main_ram.o)
                              (main_ram_app_init)
C:\CSR_uEnergy_SDK-2.3.0.31\tools\lib\CSR101x_A05\libgatt_lib_ram.a(hw_patch_install.o)
                              C:\CSR_uEnergy_SDK-2.3.0.31\tools\lib\CSR101x_A05\libgatt_lib_ram.a(main_ram.o) (___libgatt_lib_db_4364)
C:\CSR_uEnergy_SDK-2.3.0.31\tools\lib\CSR101x_A05\libgatt_lib_ram.a(patch_baldrick.o)
                              (hw_patch)
C:\CSR_uEnergy_SDK-2.3.0.31\tools\lib\CSR101x_A05\libgatt_lib_ram.a(pio_ctrlr.o)
                              depend_Debug_CSR101x_A05\spi_master.o (PioCtrlrStart)
C:\CSR_uEnergy_SDK-2.3.0.31\tools\lib\CSR101x_A05\libgatt_lib_ram.a(patch_i2c_app_mem_mgr.o)
                              depend_Debug_CSR101x_A05\gatt_client.o (NvmConfigureI2cEeprom)
C:\CSR_uEnergy_SDK-2.3.0.31\tools\lib\CSR101x_A05\libgatt_lib_ram.a(robs_pio_ram.o)
                              depend_Debug_CSR101x_A05\gatt_client.o (PioSetMode)
C:\CSR_uEnergy_SDK-2.3.0.31\tools\lib\CSR101x_A05\libgatt_lib_ram.a(id_ram.o)
                              C:\CSR_uEnergy_SDK-2.3.0.31\tools\lib\CSR101x_A05\libgatt_lib_ram.a(main_ram.o) (ram_build_identifier_integer)
C:\CSR_uEnergy_SDK-2.3.0.31\tools\lib\CSR101x_A05\libgatt_lib_ram.a(slut.o)
                              (slut)
C:\CSR_uEnergy_SDK-2.3.0.31\tools\lib\CSR101x_A05\libgatt_lib_ram.a(sw_patch_ram.o)
                              (patch_bitmap)
C:\CSR_uEnergy_SDK-2.3.0.31\tools\lib\CSR101x_A05\libgatt_lib_ram.a(CONFIG_STORE.o)
                              (___libgatt_lib_db_4269)
C:\CSR_uEnergy_SDK-2.3.0.31\tools\lib\CSR101x_A05\libgatt_lib_ram.a(.romradiodata.o)
                              (DATA_TIMERSTRUCT_START)
C:\CSR_uEnergy_SDK-2.3.0.31\tools\lib\CSR101x_A05\libgatt_lib_ram.a(patch_ls_app_if.o)
                              C:\CSR_uEnergy_SDK-2.3.0.31\tools\lib\CSR101x_A05\libgatt_lib_ram.a(gatt_ram.o) (___libgatt_lib_db_4554)
C:\CSR_uEnergy_SDK-2.3.0.31\tools\lib\CSR101x_A05\libgatt_lib_ram.a(patch_ls_advertising_if.o)
                              C:\CSR_uEnergy_SDK-2.3.0.31\tools\lib\CSR101x_A05\libgatt_lib_ram.a(patch_gatt.o) (___libgatt_lib_db_4563)
C:\CSR_uEnergy_SDK-2.3.0.31\tools\lib\CSR101x_A05\libgatt_lib_ram.a(patch_ls_l2cap_if.o)
                              C:\CSR_uEnergy_SDK-2.3.0.31\tools\lib\CSR101x_A05\libgatt_lib_ram.a(sw_patch_ram.o) (___libgatt_lib_db_4565)
C:\CSR_uEnergy_SDK-2.3.0.31\tools\lib\CSR101x_A05\libgatt_lib_ram.a(patch_att_install.o)
                              C:\CSR_uEnergy_SDK-2.3.0.31\tools\lib\CSR101x_A05\libgatt_lib_ram.a(sw_patch_ram.o) (___libgatt_lib_db_4567)
C:\CSR_uEnergy_SDK-2.3.0.31\tools\lib\CSR101x_A05\libgatt_lib_ram.a(gatt_client_read_by_type.o)
                              C:\CSR_uEnergy_SDK-2.3.0.31\tools\lib\CSR101x_A05\libgatt_lib_ram.a(gatt_client_disc_char.o) (___libgatt_lib_db_335)
C:\CSR_uEnergy_SDK-2.3.0.31\tools\lib\CSR101x_A05\libgatt_lib_ram.a(patch_george.o)
                              C:\CSR_uEnergy_SDK-2.3.0.31\tools\lib\CSR101x_A05\libgatt_lib_ram.a(sw_patch_ram.o) (___libgatt_lib_db_4544)
C:\CSR_uEnergy_SDK-2.3.0.31\tools\lib\CSR101x_A05\libgatt_lib_ram.a(patch_george_ll.o)
[...]
Memory Configuration

Name             Origin             Length             Attributes
*default*        0x00000000         0xffffffff

Linker script and memory map

LOAD depend_Debug_CSR101x_A05\gatt_client.o
LOAD depend_Debug_CSR101x_A05\new_service_data.o
LOAD depend_Debug_CSR101x_A05\gap_access.o
LOAD depend_Debug_CSR101x_A05\nvm_access.o
LOAD depend_Debug_CSR101x_A05\dev_info_service_data.o
LOAD depend_Debug_CSR101x_A05\debug_interface.o
LOAD depend_Debug_CSR101x_A05\gatt_access.o
LOAD depend_Debug_CSR101x_A05\octet_queue.o
LOAD depend_Debug_CSR101x_A05\spi_master.o
LOAD depend_Debug_CSR101x_A05\barcode.o
LOAD depend_Debug_CSR101x_A05\battery_level_bitmap.o
LOAD depend_Debug_CSR101x_A05\GoodDisplay_functions.o
LOAD depend_Debug_CSR101x_A05\barcode_generator.o
LOAD depend_Debug_CSR101x_A05\pio_ctrlr_spi_master_0.o
LOAD C:\CSR_uEnergy_SDK-2.3.0.31\tools\lib\CSR101x_A05\libgatt_lib_ram.a
LOAD C:\CSR_uEnergy_SDK-2.3.0.31\tools\lib\CSR101x_A05\rom_img.elf
                0x00000000                PROG_RAM_START = 0x0
                0x00008000                PROG_RAM_SIZE = 0x8000
                0x00008000                PROG_ROM_START = 0x8000
                0x00008000                PROG_ROM_SIZE = 0x8000
                0x00002000                DATA_RAM_START = 0x2000
                0x00008000                DATA_RAM_SIZE = 0x8000
                0x000001b0                RADIOBUFS_SIZE = 0x1b0
                0x00000020                WHITELIST_SIZE = 0x20
                0x00000164                RADIODATA_SIZE = 0x164
                0x00000200                USTACK_SIZE = 0x200
                0x00000100                ISTACK_SIZE = 0x100
                0x00009f84                DATA_CSTORE_START = 0x9f84
                0x00000058                CSTORE_SIZE = 0x58
                0x00000004                SLT_SIZE = 0x4
                0x00000020                PRESERVE_SIZE = 0x20
                0x0000a000                DATA_RAM_END = 0xa000
                0x0000a000                DATA_ROM_START = 0xa000
                0x00004000                DATA_ROM_SIZE = 0x4000
                0x0000ef80                DATA_PERSIST_START = 0xef80
                0x00000080                DATA_PERSIST_SIZE = 0x80
                0x00009360                DATA_ROMDATA_START = 0x9360
                0x00000000                PROG_APPCODE_START = 0x0
                0x00006c00                PROG_APPCODE_END = 0x6c00
                0x00008c40                DATA_APPDATA_START = 0x8c40
                0x00008f00                DATA_APPDATA_END = 0x8f00
                0x80000000                $CODE$ = 0x80000000
                0x00000000                $DATA$ = 0x0
                0x0000ffe0                PROVIDE ($XAP_AH, 0xffe0)
                0x0000ffe1                PROVIDE ($XAP_AL, 0xffe1)
                0x0000ffe2                PROVIDE ($XAP_UXH, 0xffe2)
                0x0000ffe3                PROVIDE ($XAP_UXL, 0xffe3)
                0x0000ffe4                PROVIDE ($XAP_UY, 0xffe4)
                0x0000ffe5                PROVIDE ($XAP_IXH, 0xffe5)
                0x0000ffe6                PROVIDE ($XAP_IXL, 0xffe6)
                0x0000ffe7                PROVIDE ($XAP_IY, 0xffe7)
                0x00000008                . = 0x8

.app_ram_init   0x00000008        0x1
 *(RAM_APP_INIT)
 RAM_APP_INIT   0x00000008        0x1 C:\CSR_uEnergy_SDK-2.3.0.31\tools\lib\CSR101x_A05\libgatt_lib_ram.a(main_ram.o)
                0x00000008                main_ram_app_init

.fw_patch_bitmap
                0x00000009        0x6
 *(FW_PATCH_BITMAP)
 FW_PATCH_BITMAP
                0x00000009        0x6 C:\CSR_uEnergy_SDK-2.3.0.31\tools\lib\CSR101x_A05\libgatt_lib_ram.a(sw_patch_ram.o)
                0x00000009                patch_bitmap

.fw_patch_table
                0x0000000f        0x1
 *(FW_PATCH_TABLE)
 FW_PATCH_TABLE
                0x0000000f        0x1 C:\CSR_uEnergy_SDK-2.3.0.31\tools\lib\CSR101x_A05\libgatt_lib_ram.a(sw_patch_ram.o)
                0x0000000f                patch_table
                0x00000010                PROG_APPCODE_START = .

.text           0x00000010     0x3c68 load address 0x80000010
 *xap2crt0.o(.text)
 *xap2crt0.o(.text.*)
                0x00000010                PROG_PATCH_ADDRESS = .
 *(.hw_patch)
 .hw_patch      0x00000010      0x158 C:\CSR_uEnergy_SDK-2.3.0.31\tools\lib\CSR101x_A05\libgatt_lib_ram.a(patch_baldrick.o)
                0x00000010                hw_patch
 *(.text)
 .text          0x00000168       0x31 C:\CSR_uEnergy_SDK-2.3.0.31\tools\lib\CSR101x_A05\libgatt_lib_ram.a(sm_keys.o)
                0x00000168                SMKeyRequestResponse
                0x00000186                ___libgatt_lib_db_440
 .text          0x00000199       0x3d C:\CSR_uEnergy_SDK-2.3.0.31\tools\lib\CSR101x_A05\libgatt_lib_ram.a(sm_ram.o)
                0x000001c8                SMDistributeMasterLtk
                0x00000199                ___libgatt_lib_db_476
                0x000001aa                SMFeaturesReq
 .text          0x000001d6      0x187 C:\CSR_uEnergy_SDK-2.3.0.31\tools\lib\CSR101x_A05\libgatt_lib_ram.a(patch_sm.o)
                0x000002ba                ___libgatt_lib_db_4591
                0x0000020b                ___libgatt_lib_db_4582
                0x000001d6                ___libgatt_lib_db_4579
                0x0000030e                ___libgatt_lib_db_4581
                0x0000023e                ___libgatt_lib_db_4583
                0x00000291                ___libgatt_lib_db_4580
                0x0000029b                ___libgatt_lib_db_4578
 *(.text.*)
 .text.sleepHibernate
                0x0000035d        0x9 depend_Debug_CSR101x_A05\gatt_client.o
                0x0000035d                sleepHibernate
 .text.sleepHibernateIMAGE
                0x00000366       0x15 depend_Debug_CSR101x_A05\gatt_client.o
                0x00000366                sleepHibernateIMAGE
 .text.sleepHibernateBARCODtoIMAGE
                0x0000037b       0x15 depend_Debug_CSR101x_A05\gatt_client.o
                0x0000037b                sleepHibernateBARCODtoIMAGE
 .text.setButton
                0x00000390       0x34 depend_Debug_CSR101x_A05\gatt_client.o
                0x00000390                setButton
 .text.TakeSquare
                0x000003c4       0x19 depend_Debug_CSR101x_A05\gatt_client.o
                0x000003c4                TakeSquare
 .text.SuccesImageAck
                0x000003dd      0x137 depend_Debug_CSR101x_A05\gatt_client.o
                0x000003dd                SuccesImageAck
 .text.sendMigros
                0x00000514       0x8b depend_Debug_CSR101x_A05\gatt_client.o
                0x00000514                sendMigros
 .text.sendSucInformation
                0x0000059f       0x8b depend_Debug_CSR101x_A05\gatt_client.o
                0x0000059f                sendSucInformation
 .text.sendSucInformationSetup
                0x0000062a       0x8b depend_Debug_CSR101x_A05\gatt_client.o
                0x0000062a                sendSucInformationSetup
 .text.MessageNack
                0x000006b5       0x8b depend_Debug_CSR101x_A05\gatt_client.o
                0x000006b5                MessageNack
 .text.sendConnected
                0x00000740        0xb depend_Debug_CSR101x_A05\gatt_client.o
                0x00000740                sendConnected
 .text.appStartScan
                0x0000074b        0xb depend_Debug_CSR101x_A05\gatt_client.o
 .text.appDataInit
                0x00000756       0x10 depend_Debug_CSR101x_A05\gatt_client.o
 .text.checkPersistentStore
                0x00000766       0x44 depend_Debug_CSR101x_A05\gatt_client.o
 .text.readPersistentStore
                0x000007aa       0xcf depend_Debug_CSR101x_A05\gatt_client.o
 .text.storeNvmData
                0x00000879       0x94 depend_Debug_CSR101x_A05\gatt_client.o
 .text.appInitExit
                0x0000090d       0x29 depend_Debug_CSR101x_A05\gatt_client.o
 .text.appStartDiscoveryProcedure
                0x00000936        0x7 depend_Debug_CSR101x_A05\gatt_client.o
 .text.appStartDiscoveryTimerExpiry
                0x0000093d       0x21 depend_Debug_CSR101x_A05\gatt_client.o
 .text.requestConnParamUpdate
                0x0000095e       0x21 depend_Debug_CSR101x_A05\gatt_client.o
 .text.appConnectingStateTimerExpiry
                0x0000097f       0x1b depend_Debug_CSR101x_A05\gatt_client.o
 .text.findDeviceByHciHandle
                0x0000099a       0x19 depend_Debug_CSR101x_A05\gatt_client.o
 .text.handleSignalLmEvConnectionComplete
                0x000009b3       0x7d depend_Debug_CSR101x_A05\gatt_client.o
 .text.handleSignalGattConnectCfm
                0x00000a30       0x61 depend_Debug_CSR101x_A05\gatt_client.o
 .text.handleSignalSmKeyRequestInd
                0x00000a91       0x37 depend_Debug_CSR101x_A05\gatt_client.o
 .text.handleSignalSmKeysInd
                0x00000ac8       0x69 depend_Debug_CSR101x_A05\gatt_client.o
 .text.handleSignalSmSimplePairingCompleteInd
                0x00000b31       0xd3 depend_Debug_CSR101x_A05\gatt_client.o
 .text.handleSignalLmDisconnectComplete
                0x00000c04       0xa8 depend_Debug_CSR101x_A05\gatt_client.o
 .text.handleSignalGattCancelConnectCfm
                0x00000cac        0x7 depend_Debug_CSR101x_A05\gatt_client.o
 .text.handleSignalLsConnectionParamUpdateCfm
                0x00000cb3        0x8 depend_Debug_CSR101x_A05\gatt_client.o
 .text.ReportPanic
                0x00000cbb        0x7 depend_Debug_CSR101x_A05\gatt_client.o
                0x00000cbb                ReportPanic
 .text.ekranaYaz
                0x00000cc2      0x148 depend_Debug_CSR101x_A05\gatt_client.o
                0x00000cc2                ekranaYaz
 .text.ID_yaz   0x00000e0a       0x31 depend_Debug_CSR101x_A05\gatt_client.o
                0x00000e0a                ID_yaz
 .text.ID_Kurulum
                0x00000e3b       0x25 depend_Debug_CSR101x_A05\gatt_client.o
                0x00000e3b                ID_Kurulum
 .text.DeviceFound
                0x00000e60       0x6c depend_Debug_CSR101x_A05\gatt_client.o
                0x00000e60                DeviceFound
 .text.NotifyServiceFound
                0x00000ecc       0x2c depend_Debug_CSR101x_A05\gatt_client.o
                0x00000ecc                NotifyServiceFound
 .text.GetConnServices
                0x00000ef8       0x23 depend_Debug_CSR101x_A05\gatt_client.o
                0x00000ef8                GetConnServices
 .text.SetState
                0x00000f1b       0xbe depend_Debug_CSR101x_A05\gatt_client.o
                0x00000f1b                SetState
 .text.GetState
                0x00000fd9        0xd depend_Debug_CSR101x_A05\gatt_client.o
                0x00000fd9                GetState
 .text.GetConnDevice
                0x00000fe6        0x3 depend_Debug_CSR101x_A05\gatt_client.o
                0x00000fe6                GetConnDevice
 .text.DisconnectDevice
                0x00000fe9        0x7 depend_Debug_CSR101x_A05\gatt_client.o
                0x00000fe9                DisconnectDevice
 .text.DeviceConfigured
                0x00000ff0        0x6 depend_Debug_CSR101x_A05\gatt_client.o
                0x00000ff0                DeviceConfigured
 .text.NextReadWriteProcedure
                0x00000ff6       0x82 depend_Debug_CSR101x_A05\gatt_client.o
                0x00000ff6                NextReadWriteProcedure
 .text.KonsKontrol
                0x00001078        0xe depend_Debug_CSR101x_A05\gatt_client.o
                0x00001078                KonsKontrol
 .text.die      0x00001086       0x8b depend_Debug_CSR101x_A05\gatt_client.o
                0x00001086                die
 .text.scan     0x00001111       0x6a depend_Debug_CSR101x_A05\gatt_client.o
                0x00001111                scan
 .text.have5SecondsPassed
                0x0000117b       0x19 depend_Debug_CSR101x_A05\gatt_client.o
                0x0000117b                have5SecondsPassed
 .text.have7SecondsPassed
                0x00001194       0x19 depend_Debug_CSR101x_A05\gatt_client.o
                0x00001194                have7SecondsPassed
 .text.HandlePIOChangedEvent
                0x000011ad       0xdb depend_Debug_CSR101x_A05\gatt_client.o
                0x000011ad                HandlePIOChangedEvent
 .text.writeBattery
                0x00001288       0x48 depend_Debug_CSR101x_A05\gatt_client.o
                0x00001288                writeBattery
 .text.writeBarcodeID
                0x000012d0       0xc3 depend_Debug_CSR101x_A05\gatt_client.o
                0x000012d0                writeBarcodeID
 .text.AppPowerOnReset
                0x00001393        0x1 depend_Debug_CSR101x_A05\gatt_client.o
                0x00001393                AppPowerOnReset
 .text.AppInit  0x00001394      0x20a depend_Debug_CSR101x_A05\gatt_client.o
                0x00001394                AppInit
 .text.AppProcessSystemEvent
                0x0000159e       0x13 depend_Debug_CSR101x_A05\gatt_client.o
                0x0000159e                AppProcessSystemEvent
 .text.AppProcessLmEvent
                0x000015b1       0x68 depend_Debug_CSR101x_A05\gatt_client.o
                0x000015b1                AppProcessLmEvent
 .text.newDataInit
                0x00001619       0x4f depend_Debug_CSR101x_A05\new_service_data.o
 .text.newCheckATTPermission
                0x00001668       0x42 depend_Debug_CSR101x_A05\new_service_data.o
 .text.NewServiceUuid
                0x000016aa        0xb depend_Debug_CSR101x_A05\new_service_data.o
                0x000016aa                NewServiceUuid
 .text.NewServiceDataInit
                0x000016b5       0x25 depend_Debug_CSR101x_A05\new_service_data.o
                0x000016b5                NewServiceDataInit
 .text.NewServiceCheckHandle
                0x000016da       0x23 depend_Debug_CSR101x_A05\new_service_data.o
                0x000016da                NewServiceCheckHandle
 .text.NewServiceGetHandles
                0x000016fd       0xba depend_Debug_CSR101x_A05\new_service_data.o
                0x000016fd                NewServiceGetHandles
 .text.NewServiceCharDiscovered
                0x000017b7       0xa0 depend_Debug_CSR101x_A05\new_service_data.o
                0x000017b7                NewServiceCharDiscovered
 .text.NewServiceCharDescDisc
                0x00001857       0x76 depend_Debug_CSR101x_A05\new_service_data.o
                0x00001857                NewServiceCharDescDisc
 .text.NewServiceDiscoveryComplete
                0x000018cd       0x1c depend_Debug_CSR101x_A05\new_service_data.o
                0x000018cd                NewServiceDiscoveryComplete
 .text.NewServiceReadRequest
                0x000018e9       0x51 depend_Debug_CSR101x_A05\new_service_data.o
                0x000018e9                NewServiceReadRequest
 .text.readBatteryLevel
                0x0000193a       0x6d depend_Debug_CSR101x_A05\new_service_data.o
                0x0000193a                readBatteryLevel
 .text.yazma    0x000019a7      0x1a1 depend_Debug_CSR101x_A05\new_service_data.o
                0x000019a7                yazma
 .text.NewServiceReadConfirm
                0x00001b48      0x20a depend_Debug_CSR101x_A05\new_service_data.o
                0x00001b48                NewServiceReadConfirm
 .text.NewServiceWriteConfirm
                0x00001d52       0x34 depend_Debug_CSR101x_A05\new_service_data.o
                0x00001d52                NewServiceWriteConfirm
 .text.NewServiceFound
                0x00001d86       0x21 depend_Debug_CSR101x_A05\new_service_data.o
                0x00001d86                NewServiceFound
 .text.NewServiceResetData
                0x00001da7        0x6 depend_Debug_CSR101x_A05\new_service_data.o
                0x00001da7                NewServiceResetData
 .text.NewServiceWriteRequest
                0x00001dad       0x58 depend_Debug_CSR101x_A05\new_service_data.o
                0x00001dad                NewServiceWriteRequest
 .text.GapSetDefaultConnParams
                0x00001e05       0x2a depend_Debug_CSR101x_A05\gap_access.o
                0x00001e05                GapSetDefaultConnParams
 .text.Nvm_Disable
                0x00001e2f        0x9 depend_Debug_CSR101x_A05\nvm_access.o
                0x00001e2f                Nvm_Disable
 .text.Nvm_Read
                0x00001e38       0x12 depend_Debug_CSR101x_A05\nvm_access.o
                0x00001e38                Nvm_Read
 .text.Nvm_Write
                0x00001e4a       0x12 depend_Debug_CSR101x_A05\nvm_access.o
                0x00001e4a                Nvm_Write
 .text.sendKurulum
                0x00001e5c      0x186 depend_Debug_CSR101x_A05\gatt_access.o
                0x00001e5c                sendKurulum
 .text.KurulumBool
                0x00001fe2        0x4 depend_Debug_CSR101x_A05\gatt_access.o
                0x00001fe2                KurulumBool
 .text.BaglantiFonk
                0x00001fe6       0xd4 depend_Debug_CSR101x_A05\gatt_access.o
                0x00001fe6                BaglantiFonk
 .text.KurulumYapFonk
                0x000020ba       0x6b depend_Debug_CSR101x_A05\gatt_access.o
                0x000020ba                KurulumYapFonk
 .text.searchInTargetDevices
                0x00002125       0x17 depend_Debug_CSR101x_A05\gatt_access.o
                0x00002125                searchInTargetDevices
 .text.confirmTargetAddress
                0x0000213c       0x1d depend_Debug_CSR101x_A05\gatt_access.o
                0x0000213c                confirmTargetAddress
 .text.appGattCheckFilter
                0x00002159        0x6 depend_Debug_CSR101x_A05\gatt_access.o
 .text.appGattCheckMandatoryFoundService
                0x0000215f       0x32 depend_Debug_CSR101x_A05\gatt_access.o
 .text.appGattDiscServiceAllChar
                0x00002191       0x4c depend_Debug_CSR101x_A05\gatt_access.o
 .text.appGattDiscCharDescriptors
                0x000021dd       0x5b depend_Debug_CSR101x_A05\gatt_access.o
 .text.appGattNotifyServAndDiscNext
                0x00002238       0x40 depend_Debug_CSR101x_A05\gatt_access.o
 .text.appGattConfigureServices
                0x00002278       0x35 depend_Debug_CSR101x_A05\gatt_access.o
 .text.appGattSignalLmAdvertisingReport
                0x000022ad       0x96 depend_Debug_CSR101x_A05\gatt_access.o
 .text.appGattSignalGattDiscPrimServByUuidInd
                0x00002343       0x1c depend_Debug_CSR101x_A05\gatt_access.o
 .text.appGattSignalGattDiscPrimServByUuidCfm
                0x0000235f       0x30 depend_Debug_CSR101x_A05\gatt_access.o
 .text.appGattSignalGattCharDeclInforInd
                0x0000238f       0x19 depend_Debug_CSR101x_A05\gatt_access.o
 .text.appGattSignalGattDiscServiceCharCfm
                0x000023a8       0x18 depend_Debug_CSR101x_A05\gatt_access.o
 .text.appGattSignalGattCharDescInfoInd
                0x000023c0       0x17 depend_Debug_CSR101x_A05\gatt_access.o
 .text.appGattSignalGattDiscAllCharDescCfm
                0x000023d7       0x18 depend_Debug_CSR101x_A05\gatt_access.o
 .text.appGattSignalGattCharValInd
                0x000023ef       0x4a depend_Debug_CSR101x_A05\gatt_access.o
 .text.appGattSignalGattWriteCharValCfm
                0x00002439       0x6a depend_Debug_CSR101x_A05\gatt_access.o
 .text.appGattSignalGattReadCharValCfm
                0x000024a3       0x64 depend_Debug_CSR101x_A05\gatt_access.o
 .text.InitGattData
                0x00002507       0x13 depend_Debug_CSR101x_A05\gatt_access.o
                0x00002507                InitGattData
 .text.GattStartScan
                0x0000251a       0x88 depend_Debug_CSR101x_A05\gatt_access.o
                0x0000251a                GattStartScan
 .text.GattDiscoverRemoteDatabase
                0x000025a2       0x41 depend_Debug_CSR101x_A05\gatt_access.o
                0x000025a2                GattDiscoverRemoteDatabase
 .text.GattResetAllServices
                0x000025e3       0x22 depend_Debug_CSR101x_A05\gatt_access.o
                0x000025e3                GattResetAllServices
 .text.GattServiceIncomplete
                0x00002605        0x3 depend_Debug_CSR101x_A05\gatt_access.o
                0x00002605                GattServiceIncomplete
 .text.GattPairingInitiated
                0x00002608        0x3 depend_Debug_CSR101x_A05\gatt_access.o
                0x00002608                GattPairingInitiated
 .text.GattInitServiceCompletion
                0x0000260b       0x1d depend_Debug_CSR101x_A05\gatt_access.o
                0x0000260b                GattInitServiceCompletion
 .text.GattInitiateProcedureAgain
                0x00002628       0x1d depend_Debug_CSR101x_A05\gatt_access.o
                0x00002628                GattInitiateProcedureAgain
 .text.GattReadRequest
                0x00002645       0x1e depend_Debug_CSR101x_A05\gatt_access.o
                0x00002645                GattReadRequest
 .text.GattWriteRequest
                0x00002663       0x1f depend_Debug_CSR101x_A05\gatt_access.o
                0x00002663                GattWriteRequest
 .text.GattFindServiceByUuid
                0x00002682       0x46 depend_Debug_CSR101x_A05\gatt_access.o
                0x00002682                GattFindServiceByUuid
 .text.GattDiscoveryEvent
                0x000026c8       0x65 depend_Debug_CSR101x_A05\gatt_access.o
                0x000026c8                GattDiscoveryEvent
 .text.queueData
                0x0000272d      0x21f depend_Debug_CSR101x_A05\octet_queue.o
 .text.OQTransferData
                0x0000294c       0x72 depend_Debug_CSR101x_A05\octet_queue.o
                0x0000294c                OQTransferData
 .text.OQSize   0x000029be       0x25 depend_Debug_CSR101x_A05\octet_queue.o
                0x000029be                OQSize
 .text.OQCapacity
                0x000029e3       0x12 depend_Debug_CSR101x_A05\octet_queue.o
                0x000029e3                OQCapacity
 .text.OQSpace  0x000029f5        0xb depend_Debug_CSR101x_A05\octet_queue.o
                0x000029f5                OQSpace
 .text.OQIncrementSize
                0x00002a00       0x27 depend_Debug_CSR101x_A05\octet_queue.o
                0x00002a00                OQIncrementSize
 .text.OQDecrementSize
                0x00002a27       0x38 depend_Debug_CSR101x_A05\octet_queue.o
                0x00002a27                OQDecrementSize
 .text.setSSEL  0x00002a5f        0xf depend_Debug_CSR101x_A05\spi_master.o
 .text.processEvent
                0x00002a6e       0x69 depend_Debug_CSR101x_A05\spi_master.o
 .text.SpiMasterProcessPioControllerEvent
                0x00002ad7       0xb3 depend_Debug_CSR101x_A05\spi_master.o
                0x00002ad7                SpiMasterProcessPioControllerEvent
 .text.delay_ms
                0x00002b8a       0x53 depend_Debug_CSR101x_A05\GoodDisplay_functions.o
                0x00002b8a                delay_ms
 .text.PinModeDir
                0x00002bdd       0x20 depend_Debug_CSR101x_A05\GoodDisplay_functions.o
                0x00002bdd                PinModeDir
 .text.EPD_W27_Init
                0x00002bfd       0x19 depend_Debug_CSR101x_A05\GoodDisplay_functions.o
                0x00002bfd                EPD_W27_Init
 .text.Display  0x00002c16       0x8d depend_Debug_CSR101x_A05\GoodDisplay_functions.o
                0x00002c16                Display
 .text.SPI4W_WRITECOM
                0x00002ca3       0x45 depend_Debug_CSR101x_A05\GoodDisplay_functions.o
                0x00002ca3                SPI4W_WRITECOM
 .text.READBUSY
                0x00002ce8        0xb depend_Debug_CSR101x_A05\GoodDisplay_functions.o
                0x00002ce8                READBUSY
 .text.lut      0x00002cf3       0x54 depend_Debug_CSR101x_A05\GoodDisplay_functions.o
                0x00002cf3                lut
 .text.pic_display
                0x00002d47        0xa depend_Debug_CSR101x_A05\GoodDisplay_functions.o
                0x00002d47                pic_display
 .text.Ultrachip0
                0x00002d51       0x11 depend_Debug_CSR101x_A05\GoodDisplay_functions.o
                0x00002d51                Ultrachip0
 .text.Ultrachip1
                0x00002d62       0x12 depend_Debug_CSR101x_A05\GoodDisplay_functions.o
                0x00002d62                Ultrachip1
 .text.SPI4W_WRITEDATA
                0x00002d74       0x45 depend_Debug_CSR101x_A05\GoodDisplay_functions.o
                0x00002d74                SPI4W_WRITEDATA
 .text.calculateChecksum
                0x00002db9       0x47 depend_Debug_CSR101x_A05\barcode_generator.o
                0x00002db9                calculateChecksum
 .text.calculateByteBit
                0x00002e00       0x32 depend_Debug_CSR101x_A05\barcode_generator.o
                0x00002e00                calculateByteBit
 .text.drawBlackLine
                0x00002e32       0x4e depend_Debug_CSR101x_A05\barcode_generator.o
                0x00002e32                drawBlackLine
 .text.drawWhiteLine
                0x00002e80       0x50 depend_Debug_CSR101x_A05\barcode_generator.o
                0x00002e80                drawWhiteLine
 .text.drawLines
                0x00002ed0       0x5a depend_Debug_CSR101x_A05\barcode_generator.o
                0x00002ed0                drawLines
 .text.bitmapBarcode
                0x00002f2a       0x5e depend_Debug_CSR101x_A05\barcode_generator.o
                0x00002f2a                bitmapBarcode
 .text.GattInit
                0x00002f88       0x1f C:\CSR_uEnergy_SDK-2.3.0.31\tools\lib\CSR101x_A05\libgatt_lib_ram.a(gatt_ram.o)
                0x00002f88                GattInit
 .text.GattDiscoverPrimaryServiceByUuid
                0x00002fa7       0x35 C:\CSR_uEnergy_SDK-2.3.0.31\tools\lib\CSR101x_A05\libgatt_lib_ram.a(gatt_client_disc_prim_serv_uuid.o)
                0x00002fa7                GattDiscoverPrimaryServiceByUuid
 .text.GattDiscoverPrimaryServiceByUuid_handler
                0x00002fdc       0x7e C:\CSR_uEnergy_SDK-2.3.0.31\tools\lib\CSR101x_A05\libgatt_lib_ram.a(gatt_client_disc_prim_serv_uuid.o)
 .text.GattDiscoverServiceChar
                0x0000305a       0x39 C:\CSR_uEnergy_SDK-2.3.0.31\tools\lib\CSR101x_A05\libgatt_lib_ram.a(gatt_client_disc_char.o)
                0x0000305a                GattDiscoverServiceChar
 .text.GattDiscoverServiceChar_handler
                0x00003093       0xc5 C:\CSR_uEnergy_SDK-2.3.0.31\tools\lib\CSR101x_A05\libgatt_lib_ram.a(gatt_client_disc_char.o)
 .text.GattDiscoverAllCharDescriptors
                0x00003158       0x1e C:\CSR_uEnergy_SDK-2.3.0.31\tools\lib\CSR101x_A05\libgatt_lib_ram.a(gatt_client_char_desc_disc.o)
                0x00003158                GattDiscoverAllCharDescriptors
 .text.GattDiscoverAllCharDescriptors_handler
                0x00003176       0x9a C:\CSR_uEnergy_SDK-2.3.0.31\tools\lib\CSR101x_A05\libgatt_lib_ram.a(gatt_client_char_desc_disc.o)
 .text.GattCancelConnectReq
                0x00003210        0x6 C:\CSR_uEnergy_SDK-2.3.0.31\tools\lib\CSR101x_A05\libgatt_lib_ram.a(patch_gatt.o)
                0x00003210                GattCancelConnectReq
 .text.SleepRequest
                0x00003216       0x95 C:\CSR_uEnergy_SDK-2.3.0.31\tools\lib\CSR101x_A05\libgatt_lib_ram.a(patch_sleeprequest.o)
                0x00003216                SleepRequest
 .text.ram_app_init
                0x000032ab       0x31 C:\CSR_uEnergy_SDK-2.3.0.31\tools\lib\CSR101x_A05\libgatt_lib_ram.a(main_ram.o)
                0x000032ab                ram_app_init
 .text.___libgatt_lib_db_4364
                0x000032dc        0x8 C:\CSR_uEnergy_SDK-2.3.0.31\tools\lib\CSR101x_A05\libgatt_lib_ram.a(hw_patch_install.o)
                0x000032dc                ___libgatt_lib_db_4364
 .text.PioCtrlrInterrupt
                0x000032e4        0xf C:\CSR_uEnergy_SDK-2.3.0.31\tools\lib\CSR101x_A05\libgatt_lib_ram.a(pio_ctrlr.o)
                0x000032e4                PioCtrlrInterrupt
 .text.NvmConfigureI2cEeprom
                0x000032f3        0xd C:\CSR_uEnergy_SDK-2.3.0.31\tools\lib\CSR101x_A05\libgatt_lib_ram.a(patch_i2c_app_mem_mgr.o)
                0x000032f3                NvmConfigureI2cEeprom
 .text.new_disable_i2c
                0x00003300        0xb C:\CSR_uEnergy_SDK-2.3.0.31\tools\lib\CSR101x_A05\libgatt_lib_ram.a(patch_i2c_app_mem_mgr.o)
 .text.PioSetMode
                0x0000330b        0xb C:\CSR_uEnergy_SDK-2.3.0.31\tools\lib\CSR101x_A05\libgatt_lib_ram.a(robs_pio_ram.o)
                0x0000330b                PioSetMode
 .text.IdGetLlVerBtle
                0x00003316        0x2 C:\CSR_uEnergy_SDK-2.3.0.31\tools\lib\CSR101x_A05\libgatt_lib_ram.a(id_ram.o)
                0x00003316                IdGetLlVerBtle
 .text.___libgatt_lib_db_4554
                0x00003318        0x7 C:\CSR_uEnergy_SDK-2.3.0.31\tools\lib\CSR101x_A05\libgatt_lib_ram.a(patch_ls_app_if.o)
                0x00003318                ___libgatt_lib_db_4554
 .text.patch_process_hci_event
                0x0000331f       0x2f C:\CSR_uEnergy_SDK-2.3.0.31\tools\lib\CSR101x_A05\libgatt_lib_ram.a(patch_ls_app_if.o)
 .text.___libgatt_lib_db_4563
                0x0000334e        0xe C:\CSR_uEnergy_SDK-2.3.0.31\tools\lib\CSR101x_A05\libgatt_lib_ram.a(patch_ls_advertising_if.o)
                0x0000334e                ___libgatt_lib_db_4563
 .text.___libgatt_lib_db_4565
                0x0000335c        0xa C:\CSR_uEnergy_SDK-2.3.0.31\tools\lib\CSR101x_A05\libgatt_lib_ram.a(patch_ls_l2cap_if.o)
                0x0000335c                ___libgatt_lib_db_4565
 .text.___libgatt_lib_db_4567
                0x00003366        0xe C:\CSR_uEnergy_SDK-2.3.0.31\tools\lib\CSR101x_A05\libgatt_lib_ram.a(patch_att_install.o)
                0x00003366                ___libgatt_lib_db_4567
 .text.patch_att_handle_execute_write_req
                0x00003374       0xef C:\CSR_uEnergy_SDK-2.3.0.31\tools\lib\CSR101x_A05\libgatt_lib_ram.a(patch_att_install.o)
 .text.patch_att_handle_read_multi_req
                0x00003463       0xb1 C:\CSR_uEnergy_SDK-2.3.0.31\tools\lib\CSR101x_A05\libgatt_lib_ram.a(patch_att_install.o)
 .text.___libgatt_lib_db_335
                0x00003514       0x38 C:\CSR_uEnergy_SDK-2.3.0.31\tools\lib\CSR101x_A05\libgatt_lib_ram.a(gatt_client_read_by_type.o)
                0x00003514                ___libgatt_lib_db_335
 .text.___libgatt_lib_db_4544
                0x0000354c       0x18 C:\CSR_uEnergy_SDK-2.3.0.31\tools\lib\CSR101x_A05\libgatt_lib_ram.a(patch_george.o)
                0x0000354c                ___libgatt_lib_db_4544
 .text.ram_le_connection_timeout_A05
                0x00003564       0x34 C:\CSR_uEnergy_SDK-2.3.0.31\tools\lib\CSR101x_A05\libgatt_lib_ram.a(patch_george.o)
 .text.___libgatt_lib_db_4594
                0x00003598        0x8 C:\CSR_uEnergy_SDK-2.3.0.31\tools\lib\CSR101x_A05\libgatt_lib_ram.a(patch_george.o)
                0x00003598                ___libgatt_lib_db_4594
 .text.___libgatt_lib_db_4599
                0x000035a0       0x1b C:\CSR_uEnergy_SDK-2.3.0.31\tools\lib\CSR101x_A05\libgatt_lib_ram.a(patch_george.o)
                0x000035a0                ___libgatt_lib_db_4599
 .text.___libgatt_lib_db_4600
                0x000035bb        0xc C:\CSR_uEnergy_SDK-2.3.0.31\tools\lib\CSR101x_A05\libgatt_lib_ram.a(patch_george.o)
                0x000035bb                ___libgatt_lib_db_4600
 .text.___libgatt_lib_db_4598
                0x000035c7       0xde C:\CSR_uEnergy_SDK-2.3.0.31\tools\lib\CSR101x_A05\libgatt_lib_ram.a(patch_george.o)
                0x000035c7                ___libgatt_lib_db_4598
 .text.rx_timing_report
                0x000036a5       0xb1 C:\CSR_uEnergy_SDK-2.3.0.31\tools\lib\CSR101x_A05\libgatt_lib_ram.a(patch_george.o)
 .text.ram_le_handle_event
                0x00003756      0x12c C:\CSR_uEnergy_SDK-2.3.0.31\tools\lib\CSR101x_A05\libgatt_lib_ram.a(patch_george.o)
 .text.___libgatt_lib_db_4550
                0x00003882       0x1c C:\CSR_uEnergy_SDK-2.3.0.31\tools\lib\CSR101x_A05\libgatt_lib_ram.a(patch_george.o)
                0x00003882                ___libgatt_lib_db_4550
 .text.___libgatt_lib_db_4549
                0x0000389e       0x1c C:\CSR_uEnergy_SDK-2.3.0.31\tools\lib\CSR101x_A05\libgatt_lib_ram.a(patch_george.o)
                0x0000389e                ___libgatt_lib_db_4549
 .text.___libgatt_lib_db_4609
                0x000038ba        0xc C:\CSR_uEnergy_SDK-2.3.0.31\tools\lib\CSR101x_A05\libgatt_lib_ram.a(patch_george_ll.o)
                0x000038ba                ___libgatt_lib_db_4609
 .text.___libgatt_lib_db_4608
                0x000038c6       0x11 C:\CSR_uEnergy_SDK-2.3.0.31\tools\lib\CSR101x_A05\libgatt_lib_ram.a(patch_george_ll.o)
                0x000038c6                ___libgatt_lib_db_4608
 .text.___libgatt_lib_db_4610
                0x000038d7      0x123 C:\CSR_uEnergy_SDK-2.3.0.31\tools\lib\CSR101x_A05\libgatt_lib_ram.a(patch_george_ll.o)
                0x000038d7                ___libgatt_lib_db_4610
 .text.___libgatt_lib_db_4615
                0x000039fa       0x55 C:\CSR_uEnergy_SDK-2.3.0.31\tools\lib\CSR101x_A05\libgatt_lib_ram.a(patch_george_adv.o)
                0x000039fa                ___libgatt_lib_db_4615
 .text.___libgatt_lib_db_4616
                0x00003a4f       0x1b C:\CSR_uEnergy_SDK-2.3.0.31\tools\lib\CSR101x_A05\libgatt_lib_ram.a(patch_george_adv.o)
                0x00003a4f                ___libgatt_lib_db_4616
 .text.___libgatt_lib_db_4619
                0x00003a6a       0x16 C:\CSR_uEnergy_SDK-2.3.0.31\tools\lib\CSR101x_A05\libgatt_lib_ram.a(patch_dbase.o)
                0x00003a6a                ___libgatt_lib_db_4619
 .text.___libgatt_lib_db_4620
                0x00003a80        0x7 C:\CSR_uEnergy_SDK-2.3.0.31\tools\lib\CSR101x_A05\libgatt_lib_ram.a(patch_dbase.o)
                0x00003a80                ___libgatt_lib_db_4620
 .text.___libgatt_lib_db_4640
                0x00003a87        0xc C:\CSR_uEnergy_SDK-2.3.0.31\tools\lib\CSR101x_A05\libgatt_lib_ram.a(hal_debugbus_state.o)
                0x00003a87                ___libgatt_lib_db_4640
 .text.___libgatt_lib_db_4639
                0x00003a93        0xc C:\CSR_uEnergy_SDK-2.3.0.31\tools\lib\CSR101x_A05\libgatt_lib_ram.a(hal_debugbus_state.o)
                0x00003a93                ___libgatt_lib_db_4639
 .text.RAM_set_tx_power_parameters
                0x00003a9f       0x57 C:\CSR_uEnergy_SDK-2.3.0.31\tools\lib\CSR101x_A05\libgatt_lib_ram.a(patch_halradiotrim.o)
 .text.___libgatt_lib_db_4646
                0x00003af6        0xb C:\CSR_uEnergy_SDK-2.3.0.31\tools\lib\CSR101x_A05\libgatt_lib_ram.a(patch_halradiotrim.o)
                0x00003af6                ___libgatt_lib_db_4646
 .text.___libgatt_lib_db_4644
                0x00003b01        0xa C:\CSR_uEnergy_SDK-2.3.0.31\tools\lib\CSR101x_A05\libgatt_lib_ram.a(patch_halradiotrim.o)
                0x00003b01                ___libgatt_lib_db_4644
 .text.___libgatt_lib_db_4652
                0x00003b0b       0x4c C:\CSR_uEnergy_SDK-2.3.0.31\tools\lib\CSR101x_A05\libgatt_lib_ram.a(patch_halradio.o)
                0x00003b0b                ___libgatt_lib_db_4652
 .text.___libgatt_lib_db_4654
                0x00003b57       0x24 C:\CSR_uEnergy_SDK-2.3.0.31\tools\lib\CSR101x_A05\libgatt_lib_ram.a(patch_timer.o)
                0x00003b57                ___libgatt_lib_db_4654
 .text.___libgatt_lib_db_4207
                0x00003b7b        0xd C:\CSR_uEnergy_SDK-2.3.0.31\tools\lib\CSR101x_A05\libgatt_lib_ram.a(patch_reset.o)
                0x00003b7b                ___libgatt_lib_db_4207
 .text.___libgatt_lib_db_4657
                0x00003b88        0x5 C:\CSR_uEnergy_SDK-2.3.0.31\tools\lib\CSR101x_A05\libgatt_lib_ram.a(patch_pools.o)
                0x00003b88                ___libgatt_lib_db_4657
 .text.___libgatt_lib_db_4660
                0x00003b8d        0xe C:\CSR_uEnergy_SDK-2.3.0.31\tools\lib\CSR101x_A05\libgatt_lib_ram.a(patch_background_loop.o)
                0x00003b8d                ___libgatt_lib_db_4660
 .text.___libgatt_lib_db_4662
                0x00003b9b        0x5 C:\CSR_uEnergy_SDK-2.3.0.31\tools\lib\CSR101x_A05\libgatt_lib_ram.a(patch_fault.o)
                0x00003b9b                ___libgatt_lib_db_4662
 .text.___libgatt_lib_db_4670
                0x00003ba0       0x2e C:\CSR_uEnergy_SDK-2.3.0.31\tools\lib\CSR101x_A05\libgatt_lib_ram.a(patch_pmu.o)
                0x00003ba0                ___libgatt_lib_db_4670
 .text.___libgatt_lib_db_4214
                0x00003bce       0xaa C:\CSR_uEnergy_SDK-2.3.0.31\tools\lib\CSR101x_A05\libgatt_lib_ram.a(patch_thermometer.o)
                0x00003bce                ___libgatt_lib_db_4214
 *(.apptext)
 *(.apptext.*)
 *xap2crte.o(.text)
 *xap2crte.o(.text.*)
                0x00003c78                PROG_APPCODE_END = .
                0x00005c78                DATA_CONST_START = (DATA_RAM_START + .)
                0x00005c78                . = DATA_CONST_START

.const
 *(CONST)
 *(CONST.*)
                0x00005c78                DATA_CONST_END = .
                0x00005c78                DATA_RODATA_START = .
                0x00005c79                . = (. + 0x1)

.rodata         0x00005c79      0x175
 *(.rodata)
 *(.rodata.*)
 .rodata.C.84..3696.
                0x00005c79        0x4 depend_Debug_CSR101x_A05\gatt_client.o
 .rodata.C.143..4037.
                0x00005c7d        0x3 depend_Debug_CSR101x_A05\gatt_client.o
 .rodata.SetState
                0x00005c80        0x7 depend_Debug_CSR101x_A05\gatt_client.o
 .rodata.C.229..4407.
                0x00005c87        0x3 depend_Debug_CSR101x_A05\gatt_client.o
 .rodata.C.0..2474.
                0x00005c8a        0x4 depend_Debug_CSR101x_A05\gap_access.o
 .rodata.processEvent
                0x00005c8e        0x6 depend_Debug_CSR101x_A05\spi_master.o
 .rodata.EAN13_Structure
                0x00005c94       0x3c depend_Debug_CSR101x_A05\barcode_generator.o
                0x00005c94                EAN13_Structure
 .rodata.EAN13_Digits
                0x00005cd0       0xd2 depend_Debug_CSR101x_A05\barcode_generator.o
                0x00005cd0                EAN13_Digits
 .rodata.C.1..4220.
                0x00005da2        0x2 C:\CSR_uEnergy_SDK-2.3.0.31\tools\lib\CSR101x_A05\libgatt_lib_ram.a(gatt_client_disc_char.o)
 .rodata.C.8..4274.
                0x00005da4        0x2 C:\CSR_uEnergy_SDK-2.3.0.31\tools\lib\CSR101x_A05\libgatt_lib_ram.a(gatt_client_disc_char.o)
 .rodata.ram_build_identifier_integer
                0x00005da6        0x1 C:\CSR_uEnergy_SDK-2.3.0.31\tools\lib\CSR101x_A05\libgatt_lib_ram.a(id_ram.o)
                0x00005da6                ram_build_identifier_integer
 .rodata.ram_build_identifier_string
                0x00005da7       0x16 C:\CSR_uEnergy_SDK-2.3.0.31\tools\lib\CSR101x_A05\libgatt_lib_ram.a(id_ram.o)
                0x00005da7                ram_build_identifier_string
 .rodata.slut_extended
                0x00005dbd        0x9 C:\CSR_uEnergy_SDK-2.3.0.31\tools\lib\CSR101x_A05\libgatt_lib_ram.a(slut.o)
                0x00005dbd                ___libgatt_lib_db_4678
 .rodata.tx_power_table
                0x00005dc6       0x28 C:\CSR_uEnergy_SDK-2.3.0.31\tools\lib\CSR101x_A05\libgatt_lib_ram.a(patch_halradiotrim.o)
                0x00005dc6                ___libgatt_lib_db_4651
                0x00005dee                DATA_RODATA_END = .

.bss            0x00005dee     0x3131
                0x00005dee                DATA_BSS_APP_START = .
 *(.bss)
 .bss           0x00005dee        0x2 C:\CSR_uEnergy_SDK-2.3.0.31\tools\lib\CSR101x_A05\libgatt_lib_ram.a(patch_sm.o)
 *(.bss.*)
 .bss.time      0x00005df0        0x2 depend_Debug_CSR101x_A05\gatt_client.o
                0x00005df0                time
 .bss.dataCounter
                0x00005df2        0x1 depend_Debug_CSR101x_A05\gatt_client.o
                0x00005df2                dataCounter
 .bss.DeadTimeCount
                0x00005df3        0x1 depend_Debug_CSR101x_A05\gatt_client.o
                0x00005df3                DeadTimeCount
 .bss.connectingCounter
                0x00005df4        0x1 depend_Debug_CSR101x_A05\gatt_client.o
                0x00005df4                connectingCounter
 .bss.KonsCount
                0x00005df5        0x1 depend_Debug_CSR101x_A05\gatt_client.o
                0x00005df5                KonsCount
 .bss.currentMode
                0x00005df6        0x1 depend_Debug_CSR101x_A05\gatt_client.o
                0x00005df6                currentMode
 .bss.fiveSecondsPassed
                0x00005df7        0x1 depend_Debug_CSR101x_A05\gatt_client.o
                0x00005df7                fiveSecondsPassed
 .bss.SevenSecondsPassed
                0x00005df8        0x1 depend_Debug_CSR101x_A05\gatt_client.o
                0x00005df8                SevenSecondsPassed
 .bss.app_timers
                0x00005df9       0x5a depend_Debug_CSR101x_A05\gatt_client.o
 .bss.g_app_data
                0x00005e53       0x7b depend_Debug_CSR101x_A05\gatt_client.o
 .bss.imageCounter
                0x00005ece        0x1 depend_Debug_CSR101x_A05\new_service_data.o
                0x00005ece                imageCounter
 .bss.imagefor  0x00005ecf        0x1 depend_Debug_CSR101x_A05\new_service_data.o
                0x00005ecf                imagefor
 .bss.valF      0x00005ed0        0x1 depend_Debug_CSR101x_A05\new_service_data.o
                0x00005ed0                valF
 .bss.val0      0x00005ed1        0x1 depend_Debug_CSR101x_A05\new_service_data.o
                0x00005ed1                val0
 .bss.i.3027.   0x00005ed2        0x1 depend_Debug_CSR101x_A05\new_service_data.o
 .bss.g_new_serv_data
                0x00005ed3       0x5f depend_Debug_CSR101x_A05\new_service_data.o
 .bss.TopRssi   0x00005f32        0x1 depend_Debug_CSR101x_A05\gatt_access.o
                0x00005f32                TopRssi
 .bss.id        0x00005f33        0x1 depend_Debug_CSR101x_A05\gatt_access.o
                0x00005f33                id
 .bss.CheckCounter
                0x00005f34        0x1 depend_Debug_CSR101x_A05\gatt_access.o
                0x00005f34                CheckCounter
 .bss.RssiBool  0x00005f35        0x1 depend_Debug_CSR101x_A05\gatt_access.o
                0x00005f35                RssiBool
 .bss.KonsBulundu
                0x00005f36        0x1 depend_Debug_CSR101x_A05\gatt_access.o
                0x00005f36                KonsBulundu
 .bss.g_app_gatt_data
                0x00005f37       0x12 depend_Debug_CSR101x_A05\gatt_access.o
 .bss.state     0x00005f49       0x10 depend_Debug_CSR101x_A05\spi_master.o
 .bss.final     0x00005f59     0x2d60 depend_Debug_CSR101x_A05\barcode.o
                0x00005f59                final
 .bss.__PATCH__ZERO_
                0x00008cb9        0x1 C:\CSR_uEnergy_SDK-2.3.0.31\tools\lib\CSR101x_A05\libgatt_lib_ram.a(patch_ls_advertising_if.o)
 .bss.patch_pending
                0x00008cba        0x1 C:\CSR_uEnergy_SDK-2.3.0.31\tools\lib\CSR101x_A05\libgatt_lib_ram.a(patch_george.o)
                0x00008cba                patch_pending
 .bss.patch_rx_timing_report
                0x00008cbb        0x1 C:\CSR_uEnergy_SDK-2.3.0.31\tools\lib\CSR101x_A05\libgatt_lib_ram.a(patch_george.o)
                0x00008cbb                patch_rx_timing_report
 .bss.patch_pending_mode
                0x00008cbc        0x1 C:\CSR_uEnergy_SDK-2.3.0.31\tools\lib\CSR101x_A05\libgatt_lib_ram.a(patch_george.o)
                0x00008cbc                patch_pending_mode
 .bss.patch_conn_chm_update
                0x00008cbd        0x1 C:\CSR_uEnergy_SDK-2.3.0.31\tools\lib\CSR101x_A05\libgatt_lib_ram.a(patch_george.o)
                0x00008cbd                patch_conn_chm_update
 .bss.__PATCH__ZERO_
                0x00008cbe        0x1 C:\CSR_uEnergy_SDK-2.3.0.31\tools\lib\CSR101x_A05\libgatt_lib_ram.a(patch_george.o)
 .bss.tx_power_table_entry
                0x00008cbf        0x1 C:\CSR_uEnergy_SDK-2.3.0.31\tools\lib\CSR101x_A05\libgatt_lib_ram.a(patch_halradiotrim.o)
 .bss.__PATCH__ZERO_
                0x00008cc0        0x1 C:\CSR_uEnergy_SDK-2.3.0.31\tools\lib\CSR101x_A05\libgatt_lib_ram.a(patch_timer.o)
 .bss.__PATCH__ZERO_
                0x00008cc1        0x1 C:\CSR_uEnergy_SDK-2.3.0.31\tools\lib\CSR101x_A05\libgatt_lib_ram.a(patch_thermometer.o)
 COMMON         0x00008cc2       0xf7 depend_Debug_CSR101x_A05\gatt_client.o
                0x00008cc2                ConnectionTimer
                0x00008cc3                tidWatch
                0x00008cc4                ClientData
                0x00008cdb                systemCheckTimer
                0x00008cdc                resettimer
                0x00008cdd                counter
                0x00008cde                sistemDurumu
                0x00008cdf                timerID
                0x00008ce0                WRvalue
                0x00008d80                sendBufferMigros
                0x00008db2                tidPavo
                0x00008db3                configInfo
                0x00008db8                buttonPushTimer
 COMMON         0x00008db9       0x17 depend_Debug_CSR101x_A05\new_service_data.o
                0x00008db9                BitmapOncesi
                0x00008dcd                SatirSirasi
                0x00008dce                SatirSayisi
                0x00008dcf                SatirFark
 COMMON         0x00008dd0      0x145 depend_Debug_CSR101x_A05\gatt_access.o
                0x00008dd0                TopID
                0x00008dd1                targetDevices
                0x00008de7                Boxes
                0x00008f13                kurulumTimer
                0x00008f14                ClientBit
 COMMON         0x00008f15        0x4 depend_Debug_CSR101x_A05\barcode_generator.o
                0x00008f15                startY
                0x00008f16                bit
                0x00008f17                byte
                0x00008f18                startX
 COMMON         0x00008f19        0x2 C:\CSR_uEnergy_SDK-2.3.0.31\tools\lib\CSR101x_A05\libgatt_lib_ram.a(patch_sm.o)
                0x00008f19                sm_long_term_key_ind
                0x00008f1a                sm_pairing_auth_ind
 COMMON         0x00008f1b        0x1 C:\CSR_uEnergy_SDK-2.3.0.31\tools\lib\CSR101x_A05\libgatt_lib_ram.a(patch_george.o)
                0x00008f1b                enable_lowduty_directed_adv
 COMMON         0x00008f1c        0x3 C:\CSR_uEnergy_SDK-2.3.0.31\tools\lib\CSR101x_A05\libgatt_lib_ram.a(patch_george_ll.o)
                0x00008f1c                george_earliest_transmit_offset
                0x00008f1f                DATA_BSS_APP_END = .
                0x00003131                BSS_APP_SIZE = (DATA_BSS_APP_END - DATA_BSS_APP_START)

.data           0x00008f1f      0x2df
                0x00008f1f                DATA_DATA_START = .
 *(.data)
 *(.data.*)
 .data.button   0x00008f1f        0x1 depend_Debug_CSR101x_A05\gatt_client.o
                0x00008f1f                button
 .data.sleepTime
                0x00008f20        0x3 depend_Debug_CSR101x_A05\gatt_client.o
                0x00008f20                sleepTime
 .data.g_supported_services
                0x00008f23        0x1 depend_Debug_CSR101x_A05\gatt_client.o
 .data.NewServiceFuncStore
                0x00008f24       0x11 depend_Debug_CSR101x_A05\new_service_data.o
                0x00008f24                NewServiceFuncStore
 .data.counter.3026.
                0x00008f35        0x1 depend_Debug_CSR101x_A05\new_service_data.o
 .data.Bitmap0  0x00008f36       0x27 depend_Debug_CSR101x_A05\battery_level_bitmap.o
                0x00008f36                Bitmap0
 .data.Bitmap1  0x00008f5d       0x27 depend_Debug_CSR101x_A05\battery_level_bitmap.o
                0x00008f5d                Bitmap1
 .data.Bitmap2  0x00008f84       0x27 depend_Debug_CSR101x_A05\battery_level_bitmap.o
                0x00008f84                Bitmap2
 .data.Bitmap3  0x00008fab       0x27 depend_Debug_CSR101x_A05\battery_level_bitmap.o
                0x00008fab                Bitmap3
 .data.Bitmap4  0x00008fd2       0x27 depend_Debug_CSR101x_A05\battery_level_bitmap.o
                0x00008fd2                Bitmap4
 .data.Bitmap5  0x00008ff9       0x27 depend_Debug_CSR101x_A05\battery_level_bitmap.o
                0x00008ff9                Bitmap5
 .data.Bitmap6  0x00009020       0x27 depend_Debug_CSR101x_A05\battery_level_bitmap.o
                0x00009020                Bitmap6
 .data.Bitmap7  0x00009047       0x27 depend_Debug_CSR101x_A05\battery_level_bitmap.o
                0x00009047                Bitmap7
 .data.Bitmap8  0x0000906e       0x27 depend_Debug_CSR101x_A05\battery_level_bitmap.o
                0x0000906e                Bitmap8
 .data.Bitmap9  0x00009095       0x27 depend_Debug_CSR101x_A05\battery_level_bitmap.o
                0x00009095                Bitmap9
 .data.BitmapYUZDE
                0x000090bc       0x3c depend_Debug_CSR101x_A05\battery_level_bitmap.o
                0x000090bc                BitmapYUZDE
 .data.lut_vcomDC
                0x000090f8       0x2c depend_Debug_CSR101x_A05\GoodDisplay_functions.o
                0x000090f8                lut_vcomDC
 .data.lut_ww   0x00009124       0x2a depend_Debug_CSR101x_A05\GoodDisplay_functions.o
                0x00009124                lut_ww
 .data.lut_bw   0x0000914e       0x2a depend_Debug_CSR101x_A05\GoodDisplay_functions.o
                0x0000914e                lut_bw
 .data.lut_bb   0x00009178       0x2a depend_Debug_CSR101x_A05\GoodDisplay_functions.o
                0x00009178                lut_bb
 .data.lut_wb   0x000091a2       0x2a depend_Debug_CSR101x_A05\GoodDisplay_functions.o
                0x000091a2                lut_wb
 .data.patch_table_data
                0x000091cc       0x30 C:\CSR_uEnergy_SDK-2.3.0.31\tools\lib\CSR101x_A05\libgatt_lib_ram.a(sw_patch_ram.o)
                0x000091cc                ___libgatt_lib_db_4542
 .data.pending_pdu_acks
                0x000091fc        0x1 C:\CSR_uEnergy_SDK-2.3.0.31\tools\lib\CSR101x_A05\libgatt_lib_ram.a(patch_george_ll.o)
                0x000091fc                ___libgatt_lib_db_4611
 .data.tgap_con_param_update
                0x000091fd        0x1 C:\CSR_uEnergy_SDK-2.3.0.31\tools\lib\CSR101x_A05\libgatt_lib_ram.a(patch_timer.o)
                0x000091fd                ___libgatt_lib_db_4656
                0x000091fe                DATA_DATA_END = .
                0x0000ef80                . = DATA_PERSIST_START

PERSIST_MEM
 *(PERSIST_MEM)
 *(PERSIST_MEM.*)
                0x0000ef80                DATA_PERSIST_MEM_END = .
                0x00009f84                . = DATA_CSTORE_START

CONFIG_STORE    0x00009f84       0x40
 *(CONFIG_STORE)
 CONFIG_STORE   0x00009f84       0x40 C:\CSR_uEnergy_SDK-2.3.0.31\tools\lib\CSR101x_A05\libgatt_lib_ram.a(CONFIG_STORE.o)
                0x00009f84                ___libgatt_lib_db_4269
 *(CONFIG_STORE.*)
                0x00009fc4                DATA_CSTORE_END = .
                0x00000040                CS_SIZE = (DATA_CSTORE_END - DATA_CSTORE_START)
                0x00009fdc                . = ((DATA_RAM_END - PRESERVE_SIZE) - SLT_SIZE)

SLT             0x00009fdc        0x4
                0x00009fdc                SLT_START = .
 *(SLT)
 SLT            0x00009fdc        0x4 C:\CSR_uEnergy_SDK-2.3.0.31\tools\lib\CSR101x_A05\libgatt_lib_ram.a(slut.o)
                0x00009fdc                slut
 *(SLT.*)

.preserved      0x00009fe0        0x0
                0x00009fe0                PRESERVED_START = .
 *(PRES_DATA)
 *(PRES_DATA.*)
                0x00009f84                STACK_END = DATA_CSTORE_START
                0x00009c84                . = ((STACK_END - ISTACK_SIZE) - USTACK_SIZE)

.stack          0x00009c84      0x300
                0x00009c84                STACK_START = .
                0x00009c84                USTACK_START = .
                0x00009e84                USTACK_END = (USTACK_START + USTACK_SIZE)
 *(USTACK)
 *(USTACK.*)
                0x00009e84                . = USTACK_END
 *fill*         0x00009c84      0x400 00
                0x00009e84                ISTACK_START = .
                0x00009f84                ISTACK_END = (ISTACK_START + ISTACK_SIZE)
 *(ISTACK)
 *(ISTACK.*)
                0x00009f84                . = ISTACK_END
 *fill*         0x00009e84      0x200 00
                0x00009c84                ALIGNED_DATA_END = STACK_START
                0x00009950                . = (((ALIGNED_DATA_END - RADIODATA_SIZE) - WHITELIST_SIZE) - RADIOBUFS_SIZE)

.aligned_data   0x00009950      0x334
                0x00009950                ALIGNED_DATA_START = .
                0x00009950                DATA_RADIOBUFS_START = .
 *(RADINITTBL)
                0x00009b00                . = (ALIGNED_DATA_START + RADIOBUFS_SIZE)
 *fill*         0x00009950      0x360 00
                0x00009b00                DATA_WHITELIST_START = .
                0x00009b20                . = (DATA_WHITELIST_START + WHITELIST_SIZE)
 *fill*         0x00009b00       0x40 00
 *(.romradiodata)
 .romradiodata  0x00009b20      0x164 C:\CSR_uEnergy_SDK-2.3.0.31\tools\lib\CSR101x_A05\libgatt_lib_ram.a(.romradiodata.o)
                0x00009b20                DATA_TIMERSTRUCT_START
                0x00009b80                ___libgatt_lib_db_4171
                0x00009b20                ___libgatt_lib_db_4173
                0x00009b80                DATA_RCLUTS_START
                0x00009c84                ALIGN_END_ACTUAL = .
                0x00000000                ASSERT ((DATA_APPDATA_END > DATA_DATA_END), RAM DATA exceeds limit.)
LOAD c:/csr_uenergy_sdk-2.3.0.31/tools/bin/../lib/gcc/xap-local-xap/4.3.4\libgcc.a
OUTPUT(depend_Debug_CSR101x_A05\gatt_client.elf elf32-xap2)

.debug_abbrev   0x00000000      0x8a7
 .debug_abbrev  0x00000000      0x173 depend_Debug_CSR101x_A05\gatt_client.o
 .debug_abbrev  0x000002e6      0x12e depend_Debug_CSR101x_A05\new_service_data.o
 .debug_abbrev  0x00000542       0x61 depend_Debug_CSR101x_A05\gap_access.o
 .debug_abbrev  0x00000603       0x5d depend_Debug_CSR101x_A05\nvm_access.o
 .debug_abbrev  0x000006bd       0xfa depend_Debug_CSR101x_A05\dev_info_service_data.o
 .debug_abbrev  0x000008b1       0x14 depend_Debug_CSR101x_A05\debug_interface.o
 .debug_abbrev  0x000008d9      0x17d depend_Debug_CSR101x_A05\gatt_access.o
 .debug_abbrev  0x00000bd3       0xb8 depend_Debug_CSR101x_A05\octet_queue.o
 .debug_abbrev  0x00000d43       0xb7 depend_Debug_CSR101x_A05\spi_master.o
 .debug_abbrev  0x00000eb0       0x2c depend_Debug_CSR101x_A05\barcode.o
 .debug_abbrev  0x00000f08       0x2c depend_Debug_CSR101x_A05\battery_level_bitmap.o
 .debug_abbrev  0x00000f60       0x75 depend_Debug_CSR101x_A05\GoodDisplay_functions.o
 .debug_abbrev  0x00001049       0x82 depend_Debug_CSR101x_A05\barcode_generator.o

.debug_info     0x00000000     0x67ea
 .debug_info    0x00000000     0x20e8 depend_Debug_CSR101x_A05\gatt_client.o
 .debug_info    0x000041d0      0xdb3 depend_Debug_CSR101x_A05\new_service_data.o
 .debug_info    0x00005d35      0x1d6 depend_Debug_CSR101x_A05\gap_access.o
 .debug_info    0x000060e1      0x25b depend_Debug_CSR101x_A05\nvm_access.o
 .debug_info    0x00006596      0xa60 depend_Debug_CSR101x_A05\dev_info_service_data.o
 .debug_info    0x00007a55       0x2d depend_Debug_CSR101x_A05\debug_interface.o
 .debug_info    0x00007aaf     0x1f14 depend_Debug_CSR101x_A05\gatt_access.o
 .debug_info    0x0000b8d7      0x4cb depend_Debug_CSR101x_A05\octet_queue.o
 .debug_info    0x0000c26c      0x2f7 depend_Debug_CSR101x_A05\spi_master.o
 .debug_info    0x0000c859       0x44 depend_Debug_CSR101x_A05\barcode.o
 .debug_info    0x0000c8e1       0xa6 depend_Debug_CSR101x_A05\battery_level_bitmap.o
 .debug_info    0x0000ca2c      0x166 depend_Debug_CSR101x_A05\GoodDisplay_functions.o
 .debug_info    0x0000ccf7      0x16f depend_Debug_CSR101x_A05\barcode_generator.o

.debug_line     0x00000000     0x2dc3
 .debug_line    0x00000000      0xe64 depend_Debug_CSR101x_A05\gatt_client.o
 .debug_line    0x00001cc8      0x59c depend_Debug_CSR101x_A05\new_service_data.o
 .debug_line    0x000027ff       0x7b depend_Debug_CSR101x_A05\gap_access.o
 .debug_line    0x000028f5       0xae depend_Debug_CSR101x_A05\nvm_access.o
 .debug_line    0x00002a51      0x2c9 depend_Debug_CSR101x_A05\dev_info_service_data.o
 .debug_line    0x00002fe3        0xf depend_Debug_CSR101x_A05\debug_interface.o
 .debug_line    0x00003000      0x829 depend_Debug_CSR101x_A05\gatt_access.o
 .debug_line    0x00004051      0x556 depend_Debug_CSR101x_A05\octet_queue.o
 .debug_line    0x00004afd      0x366 depend_Debug_CSR101x_A05\spi_master.o
 .debug_line    0x000051c9       0x36 depend_Debug_CSR101x_A05\barcode.o
 .debug_line    0x00005234       0x3c depend_Debug_CSR101x_A05\battery_level_bitmap.o
 .debug_line    0x000052ac      0x300 depend_Debug_CSR101x_A05\GoodDisplay_functions.o
 .debug_line    0x000058ac      0x16d depend_Debug_CSR101x_A05\barcode_generator.o

.debug_frame    0x00000000      0x89c
 .debug_frame   0x00000000      0x2ac depend_Debug_CSR101x_A05\gatt_client.o
 .debug_frame   0x00000558       0xf8 depend_Debug_CSR101x_A05\new_service_data.o
 .debug_frame   0x00000748       0x14 depend_Debug_CSR101x_A05\gap_access.o
 .debug_frame   0x00000770       0x2c depend_Debug_CSR101x_A05\nvm_access.o
 .debug_frame   0x000007c8       0xa4 depend_Debug_CSR101x_A05\dev_info_service_data.o
 .debug_frame   0x00000910      0x19c depend_Debug_CSR101x_A05\gatt_access.o
 .debug_frame   0x00000c48      0x104 depend_Debug_CSR101x_A05\octet_queue.o
 .debug_frame   0x00000e50       0x98 depend_Debug_CSR101x_A05\spi_master.o
 .debug_frame   0x00000f80       0x8c depend_Debug_CSR101x_A05\GoodDisplay_functions.o
 .debug_frame   0x00001098       0x50 depend_Debug_CSR101x_A05\barcode_generator.o

.debug_loc      0x00000000      0xa7b
 .debug_loc     0x00000000      0x355 depend_Debug_CSR101x_A05\gatt_client.o
 .debug_loc     0x000006a9      0x136 depend_Debug_CSR101x_A05\new_service_data.o
 .debug_loc     0x00000915       0x10 depend_Debug_CSR101x_A05\gap_access.o
 .debug_loc     0x00000934       0x2f depend_Debug_CSR101x_A05\nvm_access.o
 .debug_loc     0x00000991       0xca depend_Debug_CSR101x_A05\dev_info_service_data.o
 .debug_loc     0x00000b24      0x1e2 depend_Debug_CSR101x_A05\gatt_access.o
 .debug_loc     0x00000ee7      0x146 depend_Debug_CSR101x_A05\octet_queue.o
 .debug_loc     0x00001172       0xba depend_Debug_CSR101x_A05\spi_master.o
 .debug_loc     0x000012e6       0xab depend_Debug_CSR101x_A05\GoodDisplay_functions.o
 .debug_loc     0x0000143b       0x5d depend_Debug_CSR101x_A05\barcode_generator.o

.debug_pubnames
                0x00000000      0x87a
 .debug_pubnames
                0x00000000      0x251 depend_Debug_CSR101x_A05\gatt_client.o
 .debug_pubnames
                0x000004a1      0x149 depend_Debug_CSR101x_A05\new_service_data.o
 .debug_pubnames
                0x00000732       0x36 depend_Debug_CSR101x_A05\gap_access.o
 .debug_pubnames
                0x0000079e       0x3e depend_Debug_CSR101x_A05\nvm_access.o
 .debug_pubnames
                0x00000819       0xca depend_Debug_CSR101x_A05\dev_info_service_data.o
 .debug_pubnames
                0x000009ac      0x14a depend_Debug_CSR101x_A05\gatt_access.o
 .debug_pubnames
                0x00000c40       0x9d depend_Debug_CSR101x_A05\octet_queue.o
 .debug_pubnames
                0x00000d79       0x84 depend_Debug_CSR101x_A05\spi_master.o
 .debug_pubnames
                0x00000e80        0xe depend_Debug_CSR101x_A05\barcode.o
 .debug_pubnames
                0x00000e9c       0x4d depend_Debug_CSR101x_A05\battery_level_bitmap.o
 .debug_pubnames
                0x00000f36       0x78 depend_Debug_CSR101x_A05\GoodDisplay_functions.o
 .debug_pubnames
                0x00001026       0x67 depend_Debug_CSR101x_A05\barcode_generator.o

.debug_aranges  0x00000000      0x344
 .debug_aranges
                0x00000000       0xf0 depend_Debug_CSR101x_A05\gatt_client.o
 .debug_aranges
                0x000001e0       0x5c depend_Debug_CSR101x_A05\new_service_data.o
 .debug_aranges
                0x00000298       0x10 depend_Debug_CSR101x_A05\gap_access.o
 .debug_aranges
                0x000002b8       0x18 depend_Debug_CSR101x_A05\nvm_access.o
 .debug_aranges
                0x000002e8       0x40 depend_Debug_CSR101x_A05\dev_info_service_data.o
 .debug_aranges
                0x00000368       0x98 depend_Debug_CSR101x_A05\gatt_access.o
 .debug_aranges
                0x00000498       0x60 depend_Debug_CSR101x_A05\octet_queue.o
 .debug_aranges
                0x00000558       0x3c depend_Debug_CSR101x_A05\spi_master.o
 .debug_aranges
                0x000005d0       0x38 depend_Debug_CSR101x_A05\GoodDisplay_functions.o
 .debug_aranges
                0x00000640       0x24 depend_Debug_CSR101x_A05\barcode_generator.o

.debug_ranges   0x00000000      0x31c
 .debug_ranges  0x00000000       0xec depend_Debug_CSR101x_A05\gatt_client.o
 .debug_ranges  0x000001d8       0x58 depend_Debug_CSR101x_A05\new_service_data.o
 .debug_ranges  0x00000288        0xc depend_Debug_CSR101x_A05\gap_access.o
 .debug_ranges  0x000002a0       0x14 depend_Debug_CSR101x_A05\nvm_access.o
 .debug_ranges  0x000002c8       0x3c depend_Debug_CSR101x_A05\dev_info_service_data.o
 .debug_ranges  0x00000340       0x94 depend_Debug_CSR101x_A05\gatt_access.o
 .debug_ranges  0x00000468       0x5c depend_Debug_CSR101x_A05\octet_queue.o
 .debug_ranges  0x00000520       0x38 depend_Debug_CSR101x_A05\spi_master.o
 .debug_ranges  0x00000590       0x34 depend_Debug_CSR101x_A05\GoodDisplay_functions.o
 .debug_ranges  0x000005f8       0x20 depend_Debug_CSR101x_A05\barcode_generator.o

.debug_str      0x00000000     0x36c8
 .debug_str     0x00000000     0x26a7 depend_Debug_CSR101x_A05\gatt_client.o
                               0x2787 (size before relaxing)
 .debug_str     0x00004d4e      0x1e1 depend_Debug_CSR101x_A05\new_service_data.o
                               0x1849 (size before relaxing)
 .debug_str     0x0000510f      0x2d8 depend_Debug_CSR101x_A05\gap_access.o
                                0x4e9 (size before relaxing)
 .debug_str     0x000056bf       0x85 depend_Debug_CSR101x_A05\nvm_access.o
                                0x6d7 (size before relaxing)
 .debug_str     0x000057c8      0x144 depend_Debug_CSR101x_A05\dev_info_service_data.o
                               0x160a (size before relaxing)
 .debug_str     0x00005a50        0x9 depend_Debug_CSR101x_A05\debug_interface.o
                                 0xa3 (size before relaxing)
 .debug_str     0x00005a62      0x52d depend_Debug_CSR101x_A05\gatt_access.o
                               0x282a (size before relaxing)
 .debug_str     0x000064bb      0x164 depend_Debug_CSR101x_A05\octet_queue.o
                                0x229 (size before relaxing)
 .debug_str     0x00006783      0x225 depend_Debug_CSR101x_A05\spi_master.o
                                0x428 (size before relaxing)
 .debug_str     0x00006bcd        0x5 depend_Debug_CSR101x_A05\barcode.o
                                 0xa5 (size before relaxing)
 .debug_str     0x00006bd7        0xc depend_Debug_CSR101x_A05\battery_level_bitmap.o
                                 0xd6 (size before relaxing)
 .debug_str     0x00006bee       0x72 depend_Debug_CSR101x_A05\GoodDisplay_functions.o
                                0x121 (size before relaxing)
 .debug_str     0x00006cd1       0x60 depend_Debug_CSR101x_A05\barcode_generator.o
                                0x111 (size before relaxing)

.comment        0x00000000      0x4fa
 .comment       0x00000000       0x1a depend_Debug_CSR101x_A05\gatt_client.o
 .comment       0x0000001a       0x1a depend_Debug_CSR101x_A05\new_service_data.o
 .comment       0x00000034       0x1a depend_Debug_CSR101x_A05\gap_access.o
 .comment       0x0000004e       0x1a depend_Debug_CSR101x_A05\nvm_access.o
 .comment       0x00000068       0x1a depend_Debug_CSR101x_A05\dev_info_service_data.o
 .comment       0x00000082       0x1a depend_Debug_CSR101x_A05\debug_interface.o
 .comment       0x0000009c       0x1a depend_Debug_CSR101x_A05\gatt_access.o
 .comment       0x000000b6       0x1a depend_Debug_CSR101x_A05\octet_queue.o
 .comment       0x000000d0       0x1a depend_Debug_CSR101x_A05\spi_master.o
 .comment       0x000000ea       0x1a depend_Debug_CSR101x_A05\barcode.o
 .comment       0x00000104       0x1a depend_Debug_CSR101x_A05\battery_level_bitmap.o
 .comment       0x0000011e       0x1a depend_Debug_CSR101x_A05\GoodDisplay_functions.o
 .comment       0x00000138       0x1a depend_Debug_CSR101x_A05\barcode_generator.o
 .comment       0x00000152       0x1a C:\CSR_uEnergy_SDK-2.3.0.31\tools\lib\CSR101x_A05\libgatt_lib_ram.a(gatt_ram.o)
 .comment       0x0000016c       0x1a C:\CSR_uEnergy_SDK-2.3.0.31\tools\lib\CSR101x_A05\libgatt_lib_ram.a(gatt_client_disc_prim_serv_uuid.o)
 .comment       0x00000186       0x1a C:\CSR_uEnergy_SDK-2.3.0.31\tools\lib\CSR101x_A05\libgatt_lib_ram.a(gatt_client_disc_char.o)
 .comment       0x000001a0       0x1a C:\CSR_uEnergy_SDK-2.3.0.31\tools\lib\CSR101x_A05\libgatt_lib_ram.a(gatt_client_char_desc_disc.o)
 .comment       0x000001ba       0x1a C:\CSR_uEnergy_SDK-2.3.0.31\tools\lib\CSR101x_A05\libgatt_lib_ram.a(patch_gatt.o)
 .comment       0x000001d4       0x1a C:\CSR_uEnergy_SDK-2.3.0.31\tools\lib\CSR101x_A05\libgatt_lib_ram.a(sm_keys.o)
 .comment       0x000001ee       0x1a C:\CSR_uEnergy_SDK-2.3.0.31\tools\lib\CSR101x_A05\libgatt_lib_ram.a(sm_ram.o)
 .comment       0x00000208       0x1a C:\CSR_uEnergy_SDK-2.3.0.31\tools\lib\CSR101x_A05\libgatt_lib_ram.a(patch_sm.o)
 .comment       0x00000222       0x1a C:\CSR_uEnergy_SDK-2.3.0.31\tools\lib\CSR101x_A05\libgatt_lib_ram.a(patch_sleeprequest.o)
 .comment       0x0000023c       0x1a C:\CSR_uEnergy_SDK-2.3.0.31\tools\lib\CSR101x_A05\libgatt_lib_ram.a(main_ram.o)
 .comment       0x00000256       0x1a C:\CSR_uEnergy_SDK-2.3.0.31\tools\lib\CSR101x_A05\libgatt_lib_ram.a(hw_patch_install.o)
 .comment       0x00000270       0x1a C:\CSR_uEnergy_SDK-2.3.0.31\tools\lib\CSR101x_A05\libgatt_lib_ram.a(pio_ctrlr.o)
 .comment       0x0000028a       0x1a C:\CSR_uEnergy_SDK-2.3.0.31\tools\lib\CSR101x_A05\libgatt_lib_ram.a(patch_i2c_app_mem_mgr.o)
 .comment       0x000002a4       0x1a C:\CSR_uEnergy_SDK-2.3.0.31\tools\lib\CSR101x_A05\libgatt_lib_ram.a(robs_pio_ram.o)
 .comment       0x000002be       0x1a C:\CSR_uEnergy_SDK-2.3.0.31\tools\lib\CSR101x_A05\libgatt_lib_ram.a(id_ram.o)
 .comment       0x000002d8       0x1a C:\CSR_uEnergy_SDK-2.3.0.31\tools\lib\CSR101x_A05\libgatt_lib_ram.a(slut.o)
 .comment       0x000002f2       0x1a C:\CSR_uEnergy_SDK-2.3.0.31\tools\lib\CSR101x_A05\libgatt_lib_ram.a(sw_patch_ram.o)
 .comment       0x0000030c       0x1a C:\CSR_uEnergy_SDK-2.3.0.31\tools\lib\CSR101x_A05\libgatt_lib_ram.a(patch_ls_app_if.o)
 .comment       0x00000326       0x1a C:\CSR_uEnergy_SDK-2.3.0.31\tools\lib\CSR101x_A05\libgatt_lib_ram.a(patch_ls_advertising_if.o)
 .comment       0x00000340       0x1a C:\CSR_uEnergy_SDK-2.3.0.31\tools\lib\CSR101x_A05\libgatt_lib_ram.a(patch_ls_l2cap_if.o)
 .comment       0x0000035a       0x1a C:\CSR_uEnergy_SDK-2.3.0.31\tools\lib\CSR101x_A05\libgatt_lib_ram.a(patch_att_install.o)
 .comment       0x00000374       0x1a C:\CSR_uEnergy_SDK-2.3.0.31\tools\lib\CSR101x_A05\libgatt_lib_ram.a(gatt_client_read_by_type.o)
 .comment       0x0000038e       0x1a C:\CSR_uEnergy_SDK-2.3.0.31\tools\lib\CSR101x_A05\libgatt_lib_ram.a(patch_george.o)
 .comment       0x000003a8       0x1a C:\CSR_uEnergy_SDK-2.3.0.31\tools\lib\CSR101x_A05\libgatt_lib_ram.a(patch_george_ll.o)
 .comment       0x000003c2       0x1a C:\CSR_uEnergy_SDK-2.3.0.31\tools\lib\CSR101x_A05\libgatt_lib_ram.a(patch_george_adv.o)
 .comment       0x000003dc       0x1a C:\CSR_uEnergy_SDK-2.3.0.31\tools\lib\CSR101x_A05\libgatt_lib_ram.a(patch_dbase.o)
 .comment       0x000003f6       0x1a C:\CSR_uEnergy_SDK-2.3.0.31\tools\lib\CSR101x_A05\libgatt_lib_ram.a(hal_debugbus_state.o)
 .comment       0x00000410       0x1a C:\CSR_uEnergy_SDK-2.3.0.31\tools\lib\CSR101x_A05\libgatt_lib_ram.a(patch_halradiotrim.o)
 .comment       0x0000042a       0x1a C:\CSR_uEnergy_SDK-2.3.0.31\tools\lib\CSR101x_A05\libgatt_lib_ram.a(patch_halradio.o)
 .comment       0x00000444       0x1a C:\CSR_uEnergy_SDK-2.3.0.31\tools\lib\CSR101x_A05\libgatt_lib_ram.a(patch_timer.o)
 .comment       0x0000045e       0x1a C:\CSR_uEnergy_SDK-2.3.0.31\tools\lib\CSR101x_A05\libgatt_lib_ram.a(patch_reset.o)
 .comment       0x00000478       0x1a C:\CSR_uEnergy_SDK-2.3.0.31\tools\lib\CSR101x_A05\libgatt_lib_ram.a(patch_pools.o)
 .comment       0x00000492       0x1a C:\CSR_uEnergy_SDK-2.3.0.31\tools\lib\CSR101x_A05\libgatt_lib_ram.a(patch_background_loop.o)
 .comment       0x000004ac       0x1a C:\CSR_uEnergy_SDK-2.3.0.31\tools\lib\CSR101x_A05\libgatt_lib_ram.a(patch_fault.o)
 .comment       0x000004c6       0x1a C:\CSR_uEnergy_SDK-2.3.0.31\tools\lib\CSR101x_A05\libgatt_lib_ram.a(patch_pmu.o)
 .comment       0x000004e0       0x1a C:\CSR_uEnergy_SDK-2.3.0.31\tools\lib\CSR101x_A05\libgatt_lib_ram.a(patch_thermometer.o)
